Archive member included to satisfy reference by file (symbol)

C:/ST/STM32CubeIDE_1.16.0/STM32CubeIDE/plugins/com.st.stm32cube.ide.mcu.externaltools.gnu-tools-for-stm32.12.3.rel1.win32_1.0.200.202406191623/tools/bin/../lib/gcc/arm-none-eabi/12.3.1/../../../../arm-none-eabi/lib/thumb/v7-m/nofp\libc_nano.a(libc_a-exit.o)
                              C:/ST/STM32CubeIDE_1.16.0/STM32CubeIDE/plugins/com.st.stm32cube.ide.mcu.externaltools.gnu-tools-for-stm32.12.3.rel1.win32_1.0.200.202406191623/tools/bin/../lib/gcc/arm-none-eabi/12.3.1/../../../../arm-none-eabi/lib/thumb/v7-m/nofp/crt0.o (exit)
C:/ST/STM32CubeIDE_1.16.0/STM32CubeIDE/plugins/com.st.stm32cube.ide.mcu.externaltools.gnu-tools-for-stm32.12.3.rel1.win32_1.0.200.202406191623/tools/bin/../lib/gcc/arm-none-eabi/12.3.1/../../../../arm-none-eabi/lib/thumb/v7-m/nofp\libc_nano.a(libc_a-findfp.o)
                              C:/ST/STM32CubeIDE_1.16.0/STM32CubeIDE/plugins/com.st.stm32cube.ide.mcu.externaltools.gnu-tools-for-stm32.12.3.rel1.win32_1.0.200.202406191623/tools/bin/../lib/gcc/arm-none-eabi/12.3.1/../../../../arm-none-eabi/lib/thumb/v7-m/nofp\libc_nano.a(libc_a-exit.o) (__stdio_exit_handler)
C:/ST/STM32CubeIDE_1.16.0/STM32CubeIDE/plugins/com.st.stm32cube.ide.mcu.externaltools.gnu-tools-for-stm32.12.3.rel1.win32_1.0.200.202406191623/tools/bin/../lib/gcc/arm-none-eabi/12.3.1/../../../../arm-none-eabi/lib/thumb/v7-m/nofp\libc_nano.a(libc_a-fwalk.o)
                              C:/ST/STM32CubeIDE_1.16.0/STM32CubeIDE/plugins/com.st.stm32cube.ide.mcu.externaltools.gnu-tools-for-stm32.12.3.rel1.win32_1.0.200.202406191623/tools/bin/../lib/gcc/arm-none-eabi/12.3.1/../../../../arm-none-eabi/lib/thumb/v7-m/nofp\libc_nano.a(libc_a-findfp.o) (_fwalk_sglue)
C:/ST/STM32CubeIDE_1.16.0/STM32CubeIDE/plugins/com.st.stm32cube.ide.mcu.externaltools.gnu-tools-for-stm32.12.3.rel1.win32_1.0.200.202406191623/tools/bin/../lib/gcc/arm-none-eabi/12.3.1/../../../../arm-none-eabi/lib/thumb/v7-m/nofp\libc_nano.a(libc_a-stdio.o)
                              C:/ST/STM32CubeIDE_1.16.0/STM32CubeIDE/plugins/com.st.stm32cube.ide.mcu.externaltools.gnu-tools-for-stm32.12.3.rel1.win32_1.0.200.202406191623/tools/bin/../lib/gcc/arm-none-eabi/12.3.1/../../../../arm-none-eabi/lib/thumb/v7-m/nofp\libc_nano.a(libc_a-findfp.o) (__sread)
C:/ST/STM32CubeIDE_1.16.0/STM32CubeIDE/plugins/com.st.stm32cube.ide.mcu.externaltools.gnu-tools-for-stm32.12.3.rel1.win32_1.0.200.202406191623/tools/bin/../lib/gcc/arm-none-eabi/12.3.1/../../../../arm-none-eabi/lib/thumb/v7-m/nofp\libc_nano.a(libc_a-vsnprintf.o)
                              ./src/hw/driver/uart.o (vsnprintf)
C:/ST/STM32CubeIDE_1.16.0/STM32CubeIDE/plugins/com.st.stm32cube.ide.mcu.externaltools.gnu-tools-for-stm32.12.3.rel1.win32_1.0.200.202406191623/tools/bin/../lib/gcc/arm-none-eabi/12.3.1/../../../../arm-none-eabi/lib/thumb/v7-m/nofp\libc_nano.a(libc_a-memset.o)
                              C:/ST/STM32CubeIDE_1.16.0/STM32CubeIDE/plugins/com.st.stm32cube.ide.mcu.externaltools.gnu-tools-for-stm32.12.3.rel1.win32_1.0.200.202406191623/tools/bin/../lib/gcc/arm-none-eabi/12.3.1/../../../../arm-none-eabi/lib/thumb/v7-m/nofp/crt0.o (memset)
C:/ST/STM32CubeIDE_1.16.0/STM32CubeIDE/plugins/com.st.stm32cube.ide.mcu.externaltools.gnu-tools-for-stm32.12.3.rel1.win32_1.0.200.202406191623/tools/bin/../lib/gcc/arm-none-eabi/12.3.1/../../../../arm-none-eabi/lib/thumb/v7-m/nofp\libc_nano.a(libc_a-closer.o)
                              C:/ST/STM32CubeIDE_1.16.0/STM32CubeIDE/plugins/com.st.stm32cube.ide.mcu.externaltools.gnu-tools-for-stm32.12.3.rel1.win32_1.0.200.202406191623/tools/bin/../lib/gcc/arm-none-eabi/12.3.1/../../../../arm-none-eabi/lib/thumb/v7-m/nofp\libc_nano.a(libc_a-stdio.o) (_close_r)
C:/ST/STM32CubeIDE_1.16.0/STM32CubeIDE/plugins/com.st.stm32cube.ide.mcu.externaltools.gnu-tools-for-stm32.12.3.rel1.win32_1.0.200.202406191623/tools/bin/../lib/gcc/arm-none-eabi/12.3.1/../../../../arm-none-eabi/lib/thumb/v7-m/nofp\libc_nano.a(libc_a-reent.o)
                              C:/ST/STM32CubeIDE_1.16.0/STM32CubeIDE/plugins/com.st.stm32cube.ide.mcu.externaltools.gnu-tools-for-stm32.12.3.rel1.win32_1.0.200.202406191623/tools/bin/../lib/gcc/arm-none-eabi/12.3.1/../../../../arm-none-eabi/lib/thumb/v7-m/nofp\libc_nano.a(libc_a-closer.o) (errno)
C:/ST/STM32CubeIDE_1.16.0/STM32CubeIDE/plugins/com.st.stm32cube.ide.mcu.externaltools.gnu-tools-for-stm32.12.3.rel1.win32_1.0.200.202406191623/tools/bin/../lib/gcc/arm-none-eabi/12.3.1/../../../../arm-none-eabi/lib/thumb/v7-m/nofp\libc_nano.a(libc_a-impure.o)
                              C:/ST/STM32CubeIDE_1.16.0/STM32CubeIDE/plugins/com.st.stm32cube.ide.mcu.externaltools.gnu-tools-for-stm32.12.3.rel1.win32_1.0.200.202406191623/tools/bin/../lib/gcc/arm-none-eabi/12.3.1/../../../../arm-none-eabi/lib/thumb/v7-m/nofp\libc_nano.a(libc_a-vsnprintf.o) (_impure_ptr)
[...]
Memory Configuration

Name             Origin             Length             Attributes
RAM              0x20000000         0x00005000         xrw
FLASH            0x08005000         0x0001b000         xr
*default*        0x00000000         0xffffffff

Linker script and memory map

LOAD C:/ST/STM32CubeIDE_1.16.0/STM32CubeIDE/plugins/com.st.stm32cube.ide.mcu.externaltools.gnu-tools-for-stm32.12.3.rel1.win32_1.0.200.202406191623/tools/bin/../lib/gcc/arm-none-eabi/12.3.1/thumb/v7-m/nofp/crti.o
LOAD C:/ST/STM32CubeIDE_1.16.0/STM32CubeIDE/plugins/com.st.stm32cube.ide.mcu.externaltools.gnu-tools-for-stm32.12.3.rel1.win32_1.0.200.202406191623/tools/bin/../lib/gcc/arm-none-eabi/12.3.1/thumb/v7-m/nofp/crtbegin.o
LOAD C:/ST/STM32CubeIDE_1.16.0/STM32CubeIDE/plugins/com.st.stm32cube.ide.mcu.externaltools.gnu-tools-for-stm32.12.3.rel1.win32_1.0.200.202406191623/tools/bin/../lib/gcc/arm-none-eabi/12.3.1/../../../../arm-none-eabi/lib/thumb/v7-m/nofp/crt0.o
LOAD ./src/ap/ap.o
LOAD ./src/bsp/bsp.o
LOAD ./src/bsp/stm32f1xx_hal_msp.o
LOAD ./src/bsp/stm32f1xx_it.o
LOAD ./src/bsp/syscalls.o
LOAD ./src/bsp/sysmem.o
LOAD ./src/bsp/system_stm32f1xx.o
LOAD ./src/bsp/startup/startup_stm32f103rbhx.o
LOAD ./src/common/core/qbuffer.o
LOAD ./src/hw/driver/button.o
LOAD ./src/hw/driver/flash.o
LOAD ./src/hw/driver/led.o
LOAD ./src/hw/driver/reset.o
LOAD ./src/hw/driver/rtc.o
LOAD ./src/hw/driver/uart.o
LOAD ./src/hw/hw.o
LOAD ./src/lib/cube_f103/Drivers/STM32F1xx_HAL_Driver/Src/stm32f1xx_hal.o
LOAD ./src/lib/cube_f103/Drivers/STM32F1xx_HAL_Driver/Src/stm32f1xx_hal_cortex.o
LOAD ./src/lib/cube_f103/Drivers/STM32F1xx_HAL_Driver/Src/stm32f1xx_hal_dma.o
LOAD ./src/lib/cube_f103/Drivers/STM32F1xx_HAL_Driver/Src/stm32f1xx_hal_exti.o
LOAD ./src/lib/cube_f103/Drivers/STM32F1xx_HAL_Driver/Src/stm32f1xx_hal_flash.o
LOAD ./src/lib/cube_f103/Drivers/STM32F1xx_HAL_Driver/Src/stm32f1xx_hal_flash_ex.o
LOAD ./src/lib/cube_f103/Drivers/STM32F1xx_HAL_Driver/Src/stm32f1xx_hal_gpio.o
LOAD ./src/lib/cube_f103/Drivers/STM32F1xx_HAL_Driver/Src/stm32f1xx_hal_gpio_ex.o
LOAD ./src/lib/cube_f103/Drivers/STM32F1xx_HAL_Driver/Src/stm32f1xx_hal_pcd.o
LOAD ./src/lib/cube_f103/Drivers/STM32F1xx_HAL_Driver/Src/stm32f1xx_hal_pcd_ex.o
LOAD ./src/lib/cube_f103/Drivers/STM32F1xx_HAL_Driver/Src/stm32f1xx_hal_pwr.o
LOAD ./src/lib/cube_f103/Drivers/STM32F1xx_HAL_Driver/Src/stm32f1xx_hal_rcc.o
LOAD ./src/lib/cube_f103/Drivers/STM32F1xx_HAL_Driver/Src/stm32f1xx_hal_rcc_ex.o
LOAD ./src/lib/cube_f103/Drivers/STM32F1xx_HAL_Driver/Src/stm32f1xx_hal_rtc.o
LOAD ./src/lib/cube_f103/Drivers/STM32F1xx_HAL_Driver/Src/stm32f1xx_hal_rtc_ex.o
LOAD ./src/lib/cube_f103/Drivers/STM32F1xx_HAL_Driver/Src/stm32f1xx_hal_uart.o
LOAD ./src/lib/cube_f103/Drivers/STM32F1xx_HAL_Driver/Src/stm32f1xx_ll_usb.o
LOAD ./src/lib/cube_f103/Middlewares/ST/STM32_USB_Device_Library/Class/CDC/Src/usbd_cdc.o
LOAD ./src/lib/cube_f103/Middlewares/ST/STM32_USB_Device_Library/Core/Src/usbd_core.o
LOAD ./src/lib/cube_f103/Middlewares/ST/STM32_USB_Device_Library/Core/Src/usbd_ctlreq.o
LOAD ./src/lib/cube_f103/Middlewares/ST/STM32_USB_Device_Library/Core/Src/usbd_ioreq.o
LOAD ./src/lib/cube_f103/USB_DEVICE/App/usb_device.o
LOAD ./src/lib/cube_f103/USB_DEVICE/App/usbd_cdc_if.o
LOAD ./src/lib/cube_f103/USB_DEVICE/App/usbd_desc.o
LOAD ./src/lib/cube_f103/USB_DEVICE/Target/usbd_conf.o
LOAD ./src/main.o
START GROUP
LOAD C:/ST/STM32CubeIDE_1.16.0/STM32CubeIDE/plugins/com.st.stm32cube.ide.mcu.externaltools.gnu-tools-for-stm32.12.3.rel1.win32_1.0.200.202406191623/tools/bin/../lib/gcc/arm-none-eabi/12.3.1/../../../../arm-none-eabi/lib/thumb/v7-m/nofp\libc_nano.a
LOAD C:/ST/STM32CubeIDE_1.16.0/STM32CubeIDE/plugins/com.st.stm32cube.ide.mcu.externaltools.gnu-tools-for-stm32.12.3.rel1.win32_1.0.200.202406191623/tools/bin/../lib/gcc/arm-none-eabi/12.3.1/../../../../arm-none-eabi/lib/thumb/v7-m/nofp\libm.a
END GROUP
START GROUP
LOAD C:/ST/STM32CubeIDE_1.16.0/STM32CubeIDE/plugins/com.st.stm32cube.ide.mcu.externaltools.gnu-tools-for-stm32.12.3.rel1.win32_1.0.200.202406191623/tools/bin/../lib/gcc/arm-none-eabi/12.3.1/thumb/v7-m/nofp\libgcc.a
LOAD C:/ST/STM32CubeIDE_1.16.0/STM32CubeIDE/plugins/com.st.stm32cube.ide.mcu.externaltools.gnu-tools-for-stm32.12.3.rel1.win32_1.0.200.202406191623/tools/bin/../lib/gcc/arm-none-eabi/12.3.1/../../../../arm-none-eabi/lib/thumb/v7-m/nofp\libc_nano.a
END GROUP
START GROUP
LOAD C:/ST/STM32CubeIDE_1.16.0/STM32CubeIDE/plugins/com.st.stm32cube.ide.mcu.externaltools.gnu-tools-for-stm32.12.3.rel1.win32_1.0.200.202406191623/tools/bin/../lib/gcc/arm-none-eabi/12.3.1/thumb/v7-m/nofp\libgcc.a
LOAD C:/ST/STM32CubeIDE_1.16.0/STM32CubeIDE/plugins/com.st.stm32cube.ide.mcu.externaltools.gnu-tools-for-stm32.12.3.rel1.win32_1.0.200.202406191623/tools/bin/../lib/gcc/arm-none-eabi/12.3.1/../../../../arm-none-eabi/lib/thumb/v7-m/nofp\libc_nano.a
LOAD C:/ST/STM32CubeIDE_1.16.0/STM32CubeIDE/plugins/com.st.stm32cube.ide.mcu.externaltools.gnu-tools-for-stm32.12.3.rel1.win32_1.0.200.202406191623/tools/bin/../lib/gcc/arm-none-eabi/12.3.1/../../../../arm-none-eabi/lib/thumb/v7-m/nofp\libnosys.a
END GROUP
START GROUP
LOAD C:/ST/STM32CubeIDE_1.16.0/STM32CubeIDE/plugins/com.st.stm32cube.ide.mcu.externaltools.gnu-tools-for-stm32.12.3.rel1.win32_1.0.200.202406191623/tools/bin/../lib/gcc/arm-none-eabi/12.3.1/thumb/v7-m/nofp\libgcc.a
LOAD C:/ST/STM32CubeIDE_1.16.0/STM32CubeIDE/plugins/com.st.stm32cube.ide.mcu.externaltools.gnu-tools-for-stm32.12.3.rel1.win32_1.0.200.202406191623/tools/bin/../lib/gcc/arm-none-eabi/12.3.1/../../../../arm-none-eabi/lib/thumb/v7-m/nofp\libc_nano.a
LOAD C:/ST/STM32CubeIDE_1.16.0/STM32CubeIDE/plugins/com.st.stm32cube.ide.mcu.externaltools.gnu-tools-for-stm32.12.3.rel1.win32_1.0.200.202406191623/tools/bin/../lib/gcc/arm-none-eabi/12.3.1/../../../../arm-none-eabi/lib/thumb/v7-m/nofp\libnosys.a
END GROUP
LOAD C:/ST/STM32CubeIDE_1.16.0/STM32CubeIDE/plugins/com.st.stm32cube.ide.mcu.externaltools.gnu-tools-for-stm32.12.3.rel1.win32_1.0.200.202406191623/tools/bin/../lib/gcc/arm-none-eabi/12.3.1/thumb/v7-m/nofp/crtend.o
LOAD C:/ST/STM32CubeIDE_1.16.0/STM32CubeIDE/plugins/com.st.stm32cube.ide.mcu.externaltools.gnu-tools-for-stm32.12.3.rel1.win32_1.0.200.202406191623/tools/bin/../lib/gcc/arm-none-eabi/12.3.1/thumb/v7-m/nofp/crtn.o
                0x20005000                        _estack = (ORIGIN (RAM) + LENGTH (RAM))
                0x00000200                        _Min_Heap_Size = 0x200
                0x00000400                        _Min_Stack_Size = 0x400

.isr_vector     0x08005000      0x10c
                0x08005000                        . = ALIGN (0x4)
 *(.isr_vector)
 .isr_vector    0x08005000      0x10c ./src/bsp/startup/startup_stm32f103rbhx.o
                0x08005000                g_pfnVectors
                0x0800510c                        . = ALIGN (0x4)

.text           0x0800510c     0x8304
                0x0800510c                        . = ALIGN (0x4)
 *(.text)
 .text          0x0800510c       0x40 C:/ST/STM32CubeIDE_1.16.0/STM32CubeIDE/plugins/com.st.stm32cube.ide.mcu.externaltools.gnu-tools-for-stm32.12.3.rel1.win32_1.0.200.202406191623/tools/bin/../lib/gcc/arm-none-eabi/12.3.1/thumb/v7-m/nofp/crtbegin.o
 *(.text*)
 .text.apInit   0x0800514c       0x1c ./src/ap/ap.o
                0x0800514c                apInit
 .text.apMain   0x08005168       0x40 ./src/ap/ap.o
                0x08005168                apMain
 .text.bspInit  0x080051a8       0x64 ./src/bsp/bsp.o
                0x080051a8                bspInit
 .text.delay    0x0800520c       0x16 ./src/bsp/bsp.o
                0x0800520c                delay
 .text.millis   0x08005222        0xe ./src/bsp/bsp.o
                0x08005222                millis
 .text.SystemClock_Config
                0x08005230       0xbe ./src/bsp/bsp.o
                0x08005230                SystemClock_Config
 .text.Error_Handler
                0x080052ee        0xc ./src/bsp/bsp.o
                0x080052ee                Error_Handler
 *fill*         0x080052fa        0x2 
 .text.HAL_MspInit
                0x080052fc       0x64 ./src/bsp/stm32f1xx_hal_msp.o
                0x080052fc                HAL_MspInit
 .text.NMI_Handler
                0x08005360        0x8 ./src/bsp/stm32f1xx_it.o
                0x08005360                NMI_Handler
 .text.HardFault_Handler
                0x08005368        0x8 ./src/bsp/stm32f1xx_it.o
                0x08005368                HardFault_Handler
 .text.MemManage_Handler
                0x08005370        0x8 ./src/bsp/stm32f1xx_it.o
                0x08005370                MemManage_Handler
 .text.BusFault_Handler
                0x08005378        0x8 ./src/bsp/stm32f1xx_it.o
                0x08005378                BusFault_Handler
 .text.UsageFault_Handler
                0x08005380        0x8 ./src/bsp/stm32f1xx_it.o
                0x08005380                UsageFault_Handler
 .text.SVC_Handler
                0x08005388        0xc ./src/bsp/stm32f1xx_it.o
                0x08005388                SVC_Handler
 .text.DebugMon_Handler
                0x08005394        0xc ./src/bsp/stm32f1xx_it.o
                0x08005394                DebugMon_Handler
 .text.PendSV_Handler
                0x080053a0        0xc ./src/bsp/stm32f1xx_it.o
                0x080053a0                PendSV_Handler
 .text.SysTick_Handler
                0x080053ac        0xc ./src/bsp/stm32f1xx_it.o
                0x080053ac                SysTick_Handler
 .text.DMA1_Channel5_IRQHandler
                0x080053b8       0x14 ./src/bsp/stm32f1xx_it.o
                0x080053b8                DMA1_Channel5_IRQHandler
 .text.USB_LP_CAN1_RX0_IRQHandler
                0x080053cc       0x14 ./src/bsp/stm32f1xx_it.o
                0x080053cc                USB_LP_CAN1_RX0_IRQHandler
 .text.USART1_IRQHandler
                0x080053e0       0x14 ./src/bsp/stm32f1xx_it.o
                0x080053e0                USART1_IRQHandler
 .text.SystemInit
                0x080053f4       0x1c ./src/bsp/system_stm32f1xx.o
                0x080053f4                SystemInit
 .text.Reset_Handler
                0x08005410       0x48 ./src/bsp/startup/startup_stm32f103rbhx.o
                0x08005410                Reset_Handler
 .text.Default_Handler
                0x08005458        0x2 ./src/bsp/startup/startup_stm32f103rbhx.o
                0x08005458                RTC_Alarm_IRQHandler
                0x08005458                EXTI2_IRQHandler
                0x08005458                TIM1_CC_IRQHandler
                0x08005458                PVD_IRQHandler
                0x08005458                EXTI3_IRQHandler
                0x08005458                EXTI0_IRQHandler
                0x08005458                I2C2_EV_IRQHandler
                0x08005458                ADC1_2_IRQHandler
                0x08005458                SPI1_IRQHandler
                0x08005458                TAMPER_IRQHandler
                0x08005458                DMA1_Channel4_IRQHandler
                0x08005458                USART3_IRQHandler
                0x08005458                RTC_IRQHandler
                0x08005458                DMA1_Channel7_IRQHandler
                0x08005458                CAN1_RX1_IRQHandler
                0x08005458                TIM4_IRQHandler
                0x08005458                I2C1_EV_IRQHandler
                0x08005458                DMA1_Channel6_IRQHandler
                0x08005458                TIM3_IRQHandler
                0x08005458                RCC_IRQHandler
                0x08005458                TIM1_TRG_COM_IRQHandler
                0x08005458                DMA1_Channel1_IRQHandler
                0x08005458                Default_Handler
                0x08005458                EXTI15_10_IRQHandler
                0x08005458                EXTI9_5_IRQHandler
                0x08005458                SPI2_IRQHandler
                0x08005458                EXTI4_IRQHandler
                0x08005458                USB_HP_CAN1_TX_IRQHandler
                0x08005458                DMA1_Channel3_IRQHandler
                0x08005458                TIM1_UP_IRQHandler
                0x08005458                WWDG_IRQHandler
                0x08005458                TIM2_IRQHandler
                0x08005458                TIM1_BRK_IRQHandler
                0x08005458                EXTI1_IRQHandler
                0x08005458                USART2_IRQHandler
                0x08005458                I2C2_ER_IRQHandler
                0x08005458                DMA1_Channel2_IRQHandler
                0x08005458                CAN1_SCE_IRQHandler
                0x08005458                FLASH_IRQHandler
                0x08005458                I2C1_ER_IRQHandler
                0x08005458                USBWakeUp_IRQHandler
 .text.qbufferCreate
                0x0800545a       0x34 ./src/common/core/qbuffer.o
                0x0800545a                qbufferCreate
 .text.qbufferWrite
                0x0800548e       0x7a ./src/common/core/qbuffer.o
                0x0800548e                qbufferWrite
 .text.buttonInit
                0x08005508       0x78 ./src/hw/driver/button.o
                0x08005508                buttonInit
 .text.buttonGetPressed
                0x08005580       0x40 ./src/hw/driver/button.o
                0x08005580                buttonGetPressed
 .text.flashInit
                0x080055c0       0x48 ./src/hw/driver/flash.o
                0x080055c0                flashInit
 .text.ledInit  0x08005608       0x8c ./src/hw/driver/led.o
                0x08005608                ledInit
 .text.ledOff   0x08005694       0x40 ./src/hw/driver/led.o
                0x08005694                ledOff
 .text.ledToggle
                0x080056d4       0x38 ./src/hw/driver/led.o
                0x080056d4                ledToggle
 .text.resetInit
                0x0800570c       0x58 ./src/hw/driver/reset.o
                0x0800570c                resetInit
 .text.rtcInit  0x08005764       0x60 ./src/hw/driver/rtc.o
                0x08005764                rtcInit
 .text.rtcBackupRegRead
                0x080057c4       0x20 ./src/hw/driver/rtc.o
                0x080057c4                rtcBackupRegRead
 .text.rtcBackupRegWrite
                0x080057e4       0x20 ./src/hw/driver/rtc.o
                0x080057e4                rtcBackupRegWrite
 .text.HAL_RTC_MspInit
                0x08005804       0x48 ./src/hw/driver/rtc.o
                0x08005804                HAL_RTC_MspInit
 .text.uartInit
                0x0800584c       0x34 ./src/hw/driver/uart.o
                0x0800584c                uartInit
 .text.uartOpen
                0x08005880      0x12c ./src/hw/driver/uart.o
                0x08005880                uartOpen
 .text.HAL_UART_ErrorCallback
                0x080059ac       0x12 ./src/hw/driver/uart.o
                0x080059ac                HAL_UART_ErrorCallback
 *fill*         0x080059be        0x2 
 .text.HAL_UART_RxCpltCallback
                0x080059c0       0x40 ./src/hw/driver/uart.o
                0x080059c0                HAL_UART_RxCpltCallback
 .text.HAL_UART_MspInit
                0x08005a00       0xfc ./src/hw/driver/uart.o
                0x08005a00                HAL_UART_MspInit
 .text.HAL_UART_MspDeInit
                0x08005afc       0x4c ./src/hw/driver/uart.o
                0x08005afc                HAL_UART_MspDeInit
 .text.hwInit   0x08005b48       0x24 ./src/hw/hw.o
                0x08005b48                hwInit
 .text.HAL_Init
                0x08005b6c       0x2c ./src/lib/cube_f103/Drivers/STM32F1xx_HAL_Driver/Src/stm32f1xx_hal.o
                0x08005b6c                HAL_Init
 .text.HAL_InitTick
                0x08005b98       0x60 ./src/lib/cube_f103/Drivers/STM32F1xx_HAL_Driver/Src/stm32f1xx_hal.o
                0x08005b98                HAL_InitTick
 .text.HAL_IncTick
                0x08005bf8       0x24 ./src/lib/cube_f103/Drivers/STM32F1xx_HAL_Driver/Src/stm32f1xx_hal.o
                0x08005bf8                HAL_IncTick
 .text.HAL_GetTick
                0x08005c1c       0x14 ./src/lib/cube_f103/Drivers/STM32F1xx_HAL_Driver/Src/stm32f1xx_hal.o
                0x08005c1c                HAL_GetTick
 .text.HAL_Delay
                0x08005c30       0x48 ./src/lib/cube_f103/Drivers/STM32F1xx_HAL_Driver/Src/stm32f1xx_hal.o
                0x08005c30                HAL_Delay
 .text.__NVIC_SetPriorityGrouping
                0x08005c78       0x48 ./src/lib/cube_f103/Drivers/STM32F1xx_HAL_Driver/Src/stm32f1xx_hal_cortex.o
 .text.__NVIC_GetPriorityGrouping
                0x08005cc0       0x1c ./src/lib/cube_f103/Drivers/STM32F1xx_HAL_Driver/Src/stm32f1xx_hal_cortex.o
 .text.__NVIC_EnableIRQ
                0x08005cdc       0x38 ./src/lib/cube_f103/Drivers/STM32F1xx_HAL_Driver/Src/stm32f1xx_hal_cortex.o
 .text.__NVIC_DisableIRQ
                0x08005d14       0x48 ./src/lib/cube_f103/Drivers/STM32F1xx_HAL_Driver/Src/stm32f1xx_hal_cortex.o
 .text.__NVIC_SetPriority
                0x08005d5c       0x54 ./src/lib/cube_f103/Drivers/STM32F1xx_HAL_Driver/Src/stm32f1xx_hal_cortex.o
 .text.NVIC_EncodePriority
                0x08005db0       0x64 ./src/lib/cube_f103/Drivers/STM32F1xx_HAL_Driver/Src/stm32f1xx_hal_cortex.o
 .text.SysTick_Config
                0x08005e14       0x44 ./src/lib/cube_f103/Drivers/STM32F1xx_HAL_Driver/Src/stm32f1xx_hal_cortex.o
 .text.HAL_NVIC_SetPriorityGrouping
                0x08005e58       0x16 ./src/lib/cube_f103/Drivers/STM32F1xx_HAL_Driver/Src/stm32f1xx_hal_cortex.o
                0x08005e58                HAL_NVIC_SetPriorityGrouping
 .text.HAL_NVIC_SetPriority
                0x08005e6e       0x38 ./src/lib/cube_f103/Drivers/STM32F1xx_HAL_Driver/Src/stm32f1xx_hal_cortex.o
                0x08005e6e                HAL_NVIC_SetPriority
 .text.HAL_NVIC_EnableIRQ
                0x08005ea6       0x1c ./src/lib/cube_f103/Drivers/STM32F1xx_HAL_Driver/Src/stm32f1xx_hal_cortex.o
                0x08005ea6                HAL_NVIC_EnableIRQ
 .text.HAL_NVIC_DisableIRQ
                0x08005ec2       0x1c ./src/lib/cube_f103/Drivers/STM32F1xx_HAL_Driver/Src/stm32f1xx_hal_cortex.o
                0x08005ec2                HAL_NVIC_DisableIRQ
 .text.HAL_SYSTICK_Config
                0x08005ede       0x18 ./src/lib/cube_f103/Drivers/STM32F1xx_HAL_Driver/Src/stm32f1xx_hal_cortex.o
                0x08005ede                HAL_SYSTICK_Config
 *fill*         0x08005ef6        0x2 
 .text.HAL_DMA_Init
                0x08005ef8       0xb4 ./src/lib/cube_f103/Drivers/STM32F1xx_HAL_Driver/Src/stm32f1xx_hal_dma.o
                0x08005ef8                HAL_DMA_Init
 .text.HAL_DMA_DeInit
                0x08005fac       0xb8 ./src/lib/cube_f103/Drivers/STM32F1xx_HAL_Driver/Src/stm32f1xx_hal_dma.o
                0x08005fac                HAL_DMA_DeInit
 .text.HAL_DMA_Start_IT
                0x08006064       0xc0 ./src/lib/cube_f103/Drivers/STM32F1xx_HAL_Driver/Src/stm32f1xx_hal_dma.o
                0x08006064                HAL_DMA_Start_IT
 .text.HAL_DMA_Abort
                0x08006124       0x76 ./src/lib/cube_f103/Drivers/STM32F1xx_HAL_Driver/Src/stm32f1xx_hal_dma.o
                0x08006124                HAL_DMA_Abort
 *fill*         0x0800619a        0x2 
 .text.HAL_DMA_Abort_IT
                0x0800619c       0xf0 ./src/lib/cube_f103/Drivers/STM32F1xx_HAL_Driver/Src/stm32f1xx_hal_dma.o
                0x0800619c                HAL_DMA_Abort_IT
 .text.HAL_DMA_IRQHandler
                0x0800628c      0x20c ./src/lib/cube_f103/Drivers/STM32F1xx_HAL_Driver/Src/stm32f1xx_hal_dma.o
                0x0800628c                HAL_DMA_IRQHandler
 .text.DMA_SetConfig
                0x08006498       0x5a ./src/lib/cube_f103/Drivers/STM32F1xx_HAL_Driver/Src/stm32f1xx_hal_dma.o
 *fill*         0x080064f2        0x2 
 .text.HAL_GPIO_Init
                0x080064f4      0x308 ./src/lib/cube_f103/Drivers/STM32F1xx_HAL_Driver/Src/stm32f1xx_hal_gpio.o
                0x080064f4                HAL_GPIO_Init
 .text.HAL_GPIO_DeInit
                0x080067fc      0x178 ./src/lib/cube_f103/Drivers/STM32F1xx_HAL_Driver/Src/stm32f1xx_hal_gpio.o
                0x080067fc                HAL_GPIO_DeInit
 .text.HAL_GPIO_ReadPin
                0x08006974       0x2e ./src/lib/cube_f103/Drivers/STM32F1xx_HAL_Driver/Src/stm32f1xx_hal_gpio.o
                0x08006974                HAL_GPIO_ReadPin
 .text.HAL_GPIO_WritePin
                0x080069a2       0x30 ./src/lib/cube_f103/Drivers/STM32F1xx_HAL_Driver/Src/stm32f1xx_hal_gpio.o
                0x080069a2                HAL_GPIO_WritePin
 .text.HAL_GPIO_TogglePin
                0x080069d2       0x32 ./src/lib/cube_f103/Drivers/STM32F1xx_HAL_Driver/Src/stm32f1xx_hal_gpio.o
                0x080069d2                HAL_GPIO_TogglePin
 .text.HAL_PCD_IRQHandler
                0x08006a04      0x260 ./src/lib/cube_f103/Drivers/STM32F1xx_HAL_Driver/Src/stm32f1xx_hal_pcd.o
                0x08006a04                HAL_PCD_IRQHandler
 .text.HAL_PCD_SetAddress
                0x08006c64       0x48 ./src/lib/cube_f103/Drivers/STM32F1xx_HAL_Driver/Src/stm32f1xx_hal_pcd.o
                0x08006c64                HAL_PCD_SetAddress
 .text.HAL_PCD_EP_Open
                0x08006cac       0xba ./src/lib/cube_f103/Drivers/STM32F1xx_HAL_Driver/Src/stm32f1xx_hal_pcd.o
                0x08006cac                HAL_PCD_EP_Open
 .text.HAL_PCD_EP_Receive
                0x08006d66       0x62 ./src/lib/cube_f103/Drivers/STM32F1xx_HAL_Driver/Src/stm32f1xx_hal_pcd.o
                0x08006d66                HAL_PCD_EP_Receive
 .text.HAL_PCD_EP_Transmit
                0x08006dc8       0x6e ./src/lib/cube_f103/Drivers/STM32F1xx_HAL_Driver/Src/stm32f1xx_hal_pcd.o
                0x08006dc8                HAL_PCD_EP_Transmit
 .text.HAL_PCD_EP_SetStall
                0x08006e36       0xc0 ./src/lib/cube_f103/Drivers/STM32F1xx_HAL_Driver/Src/stm32f1xx_hal_pcd.o
                0x08006e36                HAL_PCD_EP_SetStall
 .text.HAL_PCD_EP_ClrStall
                0x08006ef6       0xa8 ./src/lib/cube_f103/Drivers/STM32F1xx_HAL_Driver/Src/stm32f1xx_hal_pcd.o
                0x08006ef6                HAL_PCD_EP_ClrStall
 .text.PCD_EP_ISR_Handler
                0x08006f9e      0x79e ./src/lib/cube_f103/Drivers/STM32F1xx_HAL_Driver/Src/stm32f1xx_hal_pcd.o
 .text.HAL_PCD_EP_DB_Receive
                0x0800773c      0x21a ./src/lib/cube_f103/Drivers/STM32F1xx_HAL_Driver/Src/stm32f1xx_hal_pcd.o
 .text.HAL_PCD_EP_DB_Transmit
                0x08007956      0x7f4 ./src/lib/cube_f103/Drivers/STM32F1xx_HAL_Driver/Src/stm32f1xx_hal_pcd.o
 *fill*         0x0800814a        0x2 
 .text.HAL_PWR_EnableBkUpAccess
                0x0800814c       0x18 ./src/lib/cube_f103/Drivers/STM32F1xx_HAL_Driver/Src/stm32f1xx_hal_pwr.o
                0x0800814c                HAL_PWR_EnableBkUpAccess
 .text.HAL_RCC_OscConfig
                0x08008164      0x504 ./src/lib/cube_f103/Drivers/STM32F1xx_HAL_Driver/Src/stm32f1xx_hal_rcc.o
                0x08008164                HAL_RCC_OscConfig
 .text.HAL_RCC_ClockConfig
                0x08008668      0x1d4 ./src/lib/cube_f103/Drivers/STM32F1xx_HAL_Driver/Src/stm32f1xx_hal_rcc.o
                0x08008668                HAL_RCC_ClockConfig
 .text.HAL_RCC_GetSysClockFreq
                0x0800883c       0xa8 ./src/lib/cube_f103/Drivers/STM32F1xx_HAL_Driver/Src/stm32f1xx_hal_rcc.o
                0x0800883c                HAL_RCC_GetSysClockFreq
 .text.HAL_RCC_GetHCLKFreq
                0x080088e4       0x14 ./src/lib/cube_f103/Drivers/STM32F1xx_HAL_Driver/Src/stm32f1xx_hal_rcc.o
                0x080088e4                HAL_RCC_GetHCLKFreq
 .text.HAL_RCC_GetPCLK1Freq
                0x080088f8       0x28 ./src/lib/cube_f103/Drivers/STM32F1xx_HAL_Driver/Src/stm32f1xx_hal_rcc.o
                0x080088f8                HAL_RCC_GetPCLK1Freq
 .text.HAL_RCC_GetPCLK2Freq
                0x08008920       0x28 ./src/lib/cube_f103/Drivers/STM32F1xx_HAL_Driver/Src/stm32f1xx_hal_rcc.o
                0x08008920                HAL_RCC_GetPCLK2Freq
 .text.RCC_Delay
                0x08008948       0x3c ./src/lib/cube_f103/Drivers/STM32F1xx_HAL_Driver/Src/stm32f1xx_hal_rcc.o
 .text.HAL_RCCEx_PeriphCLKConfig
                0x08008984      0x16c ./src/lib/cube_f103/Drivers/STM32F1xx_HAL_Driver/Src/stm32f1xx_hal_rcc_ex.o
                0x08008984                HAL_RCCEx_PeriphCLKConfig
 .text.HAL_RCCEx_GetPeriphCLKFreq
                0x08008af0      0x16c ./src/lib/cube_f103/Drivers/STM32F1xx_HAL_Driver/Src/stm32f1xx_hal_rcc_ex.o
                0x08008af0                HAL_RCCEx_GetPeriphCLKFreq
 .text.HAL_RTC_Init
                0x08008c5c      0x118 ./src/lib/cube_f103/Drivers/STM32F1xx_HAL_Driver/Src/stm32f1xx_hal_rtc.o
                0x08008c5c                HAL_RTC_Init
 .text.HAL_RTC_WaitForSynchro
                0x08008d74       0x5a ./src/lib/cube_f103/Drivers/STM32F1xx_HAL_Driver/Src/stm32f1xx_hal_rtc.o
                0x08008d74                HAL_RTC_WaitForSynchro
 .text.RTC_EnterInitMode
                0x08008dce       0x50 ./src/lib/cube_f103/Drivers/STM32F1xx_HAL_Driver/Src/stm32f1xx_hal_rtc.o
 .text.RTC_ExitInitMode
                0x08008e1e       0x50 ./src/lib/cube_f103/Drivers/STM32F1xx_HAL_Driver/Src/stm32f1xx_hal_rtc.o
 *fill*         0x08008e6e        0x2 
 .text.HAL_RTCEx_BKUPWrite
                0x08008e70       0x34 ./src/lib/cube_f103/Drivers/STM32F1xx_HAL_Driver/Src/stm32f1xx_hal_rtc_ex.o
                0x08008e70                HAL_RTCEx_BKUPWrite
 .text.HAL_RTCEx_BKUPRead
                0x08008ea4       0x38 ./src/lib/cube_f103/Drivers/STM32F1xx_HAL_Driver/Src/stm32f1xx_hal_rtc_ex.o
                0x08008ea4                HAL_RTCEx_BKUPRead
 .text.HAL_UART_Init
                0x08008edc       0xa0 ./src/lib/cube_f103/Drivers/STM32F1xx_HAL_Driver/Src/stm32f1xx_hal_uart.o
                0x08008edc                HAL_UART_Init
 .text.HAL_UART_DeInit
                0x08008f7c       0x64 ./src/lib/cube_f103/Drivers/STM32F1xx_HAL_Driver/Src/stm32f1xx_hal_uart.o
                0x08008f7c                HAL_UART_DeInit
 .text.HAL_UART_Receive_IT
                0x08008fe0       0x4a ./src/lib/cube_f103/Drivers/STM32F1xx_HAL_Driver/Src/stm32f1xx_hal_uart.o
                0x08008fe0                HAL_UART_Receive_IT
 .text.HAL_UART_Receive_DMA
                0x0800902a       0x4a ./src/lib/cube_f103/Drivers/STM32F1xx_HAL_Driver/Src/stm32f1xx_hal_uart.o
                0x0800902a                HAL_UART_Receive_DMA
 .text.HAL_UART_IRQHandler
                0x08009074      0x524 ./src/lib/cube_f103/Drivers/STM32F1xx_HAL_Driver/Src/stm32f1xx_hal_uart.o
                0x08009074                HAL_UART_IRQHandler
 .text.HAL_UART_TxCpltCallback
                0x08009598       0x12 ./src/lib/cube_f103/Drivers/STM32F1xx_HAL_Driver/Src/stm32f1xx_hal_uart.o
                0x08009598                HAL_UART_TxCpltCallback
 .text.HAL_UART_RxHalfCpltCallback
                0x080095aa       0x12 ./src/lib/cube_f103/Drivers/STM32F1xx_HAL_Driver/Src/stm32f1xx_hal_uart.o
                0x080095aa                HAL_UART_RxHalfCpltCallback
 .text.HAL_UARTEx_RxEventCallback
                0x080095bc       0x16 ./src/lib/cube_f103/Drivers/STM32F1xx_HAL_Driver/Src/stm32f1xx_hal_uart.o
                0x080095bc                HAL_UARTEx_RxEventCallback
 .text.UART_DMAReceiveCplt
                0x080095d2      0x12c ./src/lib/cube_f103/Drivers/STM32F1xx_HAL_Driver/Src/stm32f1xx_hal_uart.o
 .text.UART_DMARxHalfCplt
                0x080096fe       0x3c ./src/lib/cube_f103/Drivers/STM32F1xx_HAL_Driver/Src/stm32f1xx_hal_uart.o
 .text.UART_DMAError
                0x0800973a       0x94 ./src/lib/cube_f103/Drivers/STM32F1xx_HAL_Driver/Src/stm32f1xx_hal_uart.o
 .text.UART_Start_Receive_IT
                0x080097ce       0x72 ./src/lib/cube_f103/Drivers/STM32F1xx_HAL_Driver/Src/stm32f1xx_hal_uart.o
                0x080097ce                UART_Start_Receive_IT
 .text.UART_Start_Receive_DMA
                0x08009840      0x134 ./src/lib/cube_f103/Drivers/STM32F1xx_HAL_Driver/Src/stm32f1xx_hal_uart.o
                0x08009840                UART_Start_Receive_DMA
 .text.UART_EndTxTransfer
                0x08009974       0x4e ./src/lib/cube_f103/Drivers/STM32F1xx_HAL_Driver/Src/stm32f1xx_hal_uart.o
 .text.UART_EndRxTransfer
                0x080099c2       0xc4 ./src/lib/cube_f103/Drivers/STM32F1xx_HAL_Driver/Src/stm32f1xx_hal_uart.o
 .text.UART_DMAAbortOnError
                0x08009a86       0x28 ./src/lib/cube_f103/Drivers/STM32F1xx_HAL_Driver/Src/stm32f1xx_hal_uart.o
 .text.UART_Transmit_IT
                0x08009aae       0x9e ./src/lib/cube_f103/Drivers/STM32F1xx_HAL_Driver/Src/stm32f1xx_hal_uart.o
 .text.UART_EndTransmit_IT
                0x08009b4c       0x30 ./src/lib/cube_f103/Drivers/STM32F1xx_HAL_Driver/Src/stm32f1xx_hal_uart.o
 .text.UART_Receive_IT
                0x08009b7c      0x17c ./src/lib/cube_f103/Drivers/STM32F1xx_HAL_Driver/Src/stm32f1xx_hal_uart.o
 .text.UART_SetConfig
                0x08009cf8      0x11c ./src/lib/cube_f103/Drivers/STM32F1xx_HAL_Driver/Src/stm32f1xx_hal_uart.o
 .text.USB_ActivateEndpoint
                0x08009e14      0x780 ./src/lib/cube_f103/Drivers/STM32F1xx_HAL_Driver/Src/stm32f1xx_ll_usb.o
                0x08009e14                USB_ActivateEndpoint
 .text.USB_EPStartXfer
                0x0800a594     0x1762 ./src/lib/cube_f103/Drivers/STM32F1xx_HAL_Driver/Src/stm32f1xx_ll_usb.o
                0x0800a594                USB_EPStartXfer
 .text.USB_EPSetStall
                0x0800bcf6       0xa0 ./src/lib/cube_f103/Drivers/STM32F1xx_HAL_Driver/Src/stm32f1xx_ll_usb.o
                0x0800bcf6                USB_EPSetStall
 .text.USB_EPClearStall
                0x0800bd96      0x15a ./src/lib/cube_f103/Drivers/STM32F1xx_HAL_Driver/Src/stm32f1xx_ll_usb.o
                0x0800bd96                USB_EPClearStall
 .text.USB_SetDevAddress
                0x0800bef0       0x26 ./src/lib/cube_f103/Drivers/STM32F1xx_HAL_Driver/Src/stm32f1xx_ll_usb.o
                0x0800bef0                USB_SetDevAddress
 .text.USB_ReadInterrupts
                0x0800bf16       0x1e ./src/lib/cube_f103/Drivers/STM32F1xx_HAL_Driver/Src/stm32f1xx_ll_usb.o
                0x0800bf16                USB_ReadInterrupts
 .text.USB_EP0_OutStart
                0x0800bf34       0x16 ./src/lib/cube_f103/Drivers/STM32F1xx_HAL_Driver/Src/stm32f1xx_ll_usb.o
                0x0800bf34                USB_EP0_OutStart
 .text.USB_WritePMA
                0x0800bf4a       0x8a ./src/lib/cube_f103/Drivers/STM32F1xx_HAL_Driver/Src/stm32f1xx_ll_usb.o
                0x0800bf4a                USB_WritePMA
 .text.USB_ReadPMA
                0x0800bfd4       0x9e ./src/lib/cube_f103/Drivers/STM32F1xx_HAL_Driver/Src/stm32f1xx_ll_usb.o
                0x0800bfd4                USB_ReadPMA
 .text.USBD_RunTestMode
                0x0800c072       0x14 ./src/lib/cube_f103/Middlewares/ST/STM32_USB_Device_Library/Core/Src/usbd_core.o
                0x0800c072                USBD_RunTestMode
 .text.USBD_SetClassConfig
                0x0800c086       0x3e ./src/lib/cube_f103/Middlewares/ST/STM32_USB_Device_Library/Core/Src/usbd_core.o
                0x0800c086                USBD_SetClassConfig
 .text.USBD_ClrClassConfig
                0x0800c0c4       0x26 ./src/lib/cube_f103/Middlewares/ST/STM32_USB_Device_Library/Core/Src/usbd_core.o
                0x0800c0c4                USBD_ClrClassConfig
 .text.USBD_LL_SetupStage
                0x0800c0ea       0x9a ./src/lib/cube_f103/Middlewares/ST/STM32_USB_Device_Library/Core/Src/usbd_core.o
                0x0800c0ea                USBD_LL_SetupStage
 .text.USBD_LL_DataOutStage
                0x0800c184       0xe2 ./src/lib/cube_f103/Middlewares/ST/STM32_USB_Device_Library/Core/Src/usbd_core.o
                0x0800c184                USBD_LL_DataOutStage
 .text.USBD_LL_DataInStage
                0x0800c266      0x14a ./src/lib/cube_f103/Middlewares/ST/STM32_USB_Device_Library/Core/Src/usbd_core.o
                0x0800c266                USBD_LL_DataInStage
 .text.USBD_LL_Reset
                0x0800c3b0       0x82 ./src/lib/cube_f103/Middlewares/ST/STM32_USB_Device_Library/Core/Src/usbd_core.o
                0x0800c3b0                USBD_LL_Reset
 .text.USBD_LL_SetSpeed
                0x0800c432       0x1e ./src/lib/cube_f103/Middlewares/ST/STM32_USB_Device_Library/Core/Src/usbd_core.o
                0x0800c432                USBD_LL_SetSpeed
 .text.USBD_LL_Suspend
                0x0800c450       0x28 ./src/lib/cube_f103/Middlewares/ST/STM32_USB_Device_Library/Core/Src/usbd_core.o
                0x0800c450                USBD_LL_Suspend
 .text.USBD_LL_Resume
                0x0800c478       0x2a ./src/lib/cube_f103/Middlewares/ST/STM32_USB_Device_Library/Core/Src/usbd_core.o
                0x0800c478                USBD_LL_Resume
 .text.USBD_LL_SOF
                0x0800c4a2       0x34 ./src/lib/cube_f103/Middlewares/ST/STM32_USB_Device_Library/Core/Src/usbd_core.o
                0x0800c4a2                USBD_LL_SOF
 *fill*         0x0800c4d6        0x2 
 .text.USBD_StdDevReq
                0x0800c4d8       0xd4 ./src/lib/cube_f103/Middlewares/ST/STM32_USB_Device_Library/Core/Src/usbd_ctlreq.o
                0x0800c4d8                USBD_StdDevReq
 .text.USBD_StdItfReq
                0x0800c5ac       0x90 ./src/lib/cube_f103/Middlewares/ST/STM32_USB_Device_Library/Core/Src/usbd_ctlreq.o
                0x0800c5ac                USBD_StdItfReq
 .text.USBD_StdEPReq
                0x0800c63c      0x2c6 ./src/lib/cube_f103/Middlewares/ST/STM32_USB_Device_Library/Core/Src/usbd_ctlreq.o
                0x0800c63c                USBD_StdEPReq
 *fill*         0x0800c902        0x2 
 .text.USBD_GetDescriptor
                0x0800c904      0x2d0 ./src/lib/cube_f103/Middlewares/ST/STM32_USB_Device_Library/Core/Src/usbd_ctlreq.o
 .text.USBD_SetAddress
                0x0800cbd4       0x86 ./src/lib/cube_f103/Middlewares/ST/STM32_USB_Device_Library/Core/Src/usbd_ctlreq.o
 *fill*         0x0800cc5a        0x2 
 .text.USBD_SetConfig
                0x0800cc5c      0x11c ./src/lib/cube_f103/Middlewares/ST/STM32_USB_Device_Library/Core/Src/usbd_ctlreq.o
 .text.USBD_GetConfig
                0x0800cd78       0x6a ./src/lib/cube_f103/Middlewares/ST/STM32_USB_Device_Library/Core/Src/usbd_ctlreq.o
 .text.USBD_GetStatus
                0x0800cde2       0x66 ./src/lib/cube_f103/Middlewares/ST/STM32_USB_Device_Library/Core/Src/usbd_ctlreq.o
 .text.USBD_SetFeature
                0x0800ce48       0x28 ./src/lib/cube_f103/Middlewares/ST/STM32_USB_Device_Library/Core/Src/usbd_ctlreq.o
 .text.USBD_ClrFeature
                0x0800ce70       0x42 ./src/lib/cube_f103/Middlewares/ST/STM32_USB_Device_Library/Core/Src/usbd_ctlreq.o
 .text.USBD_ParseSetupRequest
                0x0800ceb2       0x72 ./src/lib/cube_f103/Middlewares/ST/STM32_USB_Device_Library/Core/Src/usbd_ctlreq.o
                0x0800ceb2                USBD_ParseSetupRequest
 .text.USBD_CtlError
                0x0800cf24       0x22 ./src/lib/cube_f103/Middlewares/ST/STM32_USB_Device_Library/Core/Src/usbd_ctlreq.o
                0x0800cf24                USBD_CtlError
 .text.USBD_CtlSendData
                0x0800cf46       0x38 ./src/lib/cube_f103/Middlewares/ST/STM32_USB_Device_Library/Core/Src/usbd_ioreq.o
                0x0800cf46                USBD_CtlSendData
 .text.USBD_CtlContinueSendData
                0x0800cf7e       0x24 ./src/lib/cube_f103/Middlewares/ST/STM32_USB_Device_Library/Core/Src/usbd_ioreq.o
                0x0800cf7e                USBD_CtlContinueSendData
 .text.USBD_CtlContinueRx
                0x0800cfa2       0x24 ./src/lib/cube_f103/Middlewares/ST/STM32_USB_Device_Library/Core/Src/usbd_ioreq.o
                0x0800cfa2                USBD_CtlContinueRx
 .text.USBD_CtlSendStatus
                0x0800cfc6       0x26 ./src/lib/cube_f103/Middlewares/ST/STM32_USB_Device_Library/Core/Src/usbd_ioreq.o
                0x0800cfc6                USBD_CtlSendStatus
 .text.USBD_CtlReceiveStatus
                0x0800cfec       0x26 ./src/lib/cube_f103/Middlewares/ST/STM32_USB_Device_Library/Core/Src/usbd_ioreq.o
                0x0800cfec                USBD_CtlReceiveStatus
 .text.HAL_PCD_SetupStageCallback
                0x0800d012       0x24 ./src/lib/cube_f103/USB_DEVICE/Target/usbd_conf.o
                0x0800d012                HAL_PCD_SetupStageCallback
 .text.HAL_PCD_DataOutStageCallback
                0x0800d036       0x36 ./src/lib/cube_f103/USB_DEVICE/Target/usbd_conf.o
                0x0800d036                HAL_PCD_DataOutStageCallback
 .text.HAL_PCD_DataInStageCallback
                0x0800d06c       0x34 ./src/lib/cube_f103/USB_DEVICE/Target/usbd_conf.o
                0x0800d06c                HAL_PCD_DataInStageCallback
 .text.HAL_PCD_SOFCallback
                0x0800d0a0       0x1c ./src/lib/cube_f103/USB_DEVICE/Target/usbd_conf.o
                0x0800d0a0                HAL_PCD_SOFCallback
 .text.HAL_PCD_ResetCallback
                0x0800d0bc       0x3c ./src/lib/cube_f103/USB_DEVICE/Target/usbd_conf.o
                0x0800d0bc                HAL_PCD_ResetCallback
 .text.HAL_PCD_SuspendCallback
                0x0800d0f8       0x34 ./src/lib/cube_f103/USB_DEVICE/Target/usbd_conf.o
                0x0800d0f8                HAL_PCD_SuspendCallback
 .text.HAL_PCD_ResumeCallback
                0x0800d12c       0x1c ./src/lib/cube_f103/USB_DEVICE/Target/usbd_conf.o
                0x0800d12c                HAL_PCD_ResumeCallback
 .text.USBD_LL_OpenEP
                0x0800d148       0x4c ./src/lib/cube_f103/USB_DEVICE/Target/usbd_conf.o
                0x0800d148                USBD_LL_OpenEP
 .text.USBD_LL_StallEP
                0x0800d194       0x3e ./src/lib/cube_f103/USB_DEVICE/Target/usbd_conf.o
                0x0800d194                USBD_LL_StallEP
 .text.USBD_LL_ClearStallEP
                0x0800d1d2       0x3e ./src/lib/cube_f103/USB_DEVICE/Target/usbd_conf.o
                0x0800d1d2                USBD_LL_ClearStallEP
 .text.USBD_LL_IsStallEP
                0x0800d210       0x56 ./src/lib/cube_f103/USB_DEVICE/Target/usbd_conf.o
                0x0800d210                USBD_LL_IsStallEP
 .text.USBD_LL_SetUSBAddress
                0x0800d266       0x3e ./src/lib/cube_f103/USB_DEVICE/Target/usbd_conf.o
                0x0800d266                USBD_LL_SetUSBAddress
 .text.USBD_LL_Transmit
                0x0800d2a4       0x46 ./src/lib/cube_f103/USB_DEVICE/Target/usbd_conf.o
                0x0800d2a4                USBD_LL_Transmit
 .text.USBD_LL_PrepareReceive
                0x0800d2ea       0x46 ./src/lib/cube_f103/USB_DEVICE/Target/usbd_conf.o
                0x0800d2ea                USBD_LL_PrepareReceive
 .text.USBD_Get_USB_Status
                0x0800d330       0x58 ./src/lib/cube_f103/USB_DEVICE/Target/usbd_conf.o
 .text.main     0x0800d388       0x16 ./src/main.o
                0x0800d388                main
 .text.memset   0x0800d39e       0x10 C:/ST/STM32CubeIDE_1.16.0/STM32CubeIDE/plugins/com.st.stm32cube.ide.mcu.externaltools.gnu-tools-for-stm32.12.3.rel1.win32_1.0.200.202406191623/tools/bin/../lib/gcc/arm-none-eabi/12.3.1/../../../../arm-none-eabi/lib/thumb/v7-m/nofp\libc_nano.a(libc_a-memset.o)
                0x0800d39e                memset
 *fill*         0x0800d3ae        0x2 
 .text.__libc_init_array
                0x0800d3b0       0x48 C:/ST/STM32CubeIDE_1.16.0/STM32CubeIDE/plugins/com.st.stm32cube.ide.mcu.externaltools.gnu-tools-for-stm32.12.3.rel1.win32_1.0.200.202406191623/tools/bin/../lib/gcc/arm-none-eabi/12.3.1/../../../../arm-none-eabi/lib/thumb/v7-m/nofp\libc_nano.a(libc_a-init.o)
                0x0800d3b0                __libc_init_array
 *(.glue_7)
 .glue_7        0x0800d3f8        0x0 linker stubs
 *(.glue_7t)
 .glue_7t       0x0800d3f8        0x0 linker stubs
 *(.eh_frame)
 .eh_frame      0x0800d3f8        0x0 C:/ST/STM32CubeIDE_1.16.0/STM32CubeIDE/plugins/com.st.stm32cube.ide.mcu.externaltools.gnu-tools-for-stm32.12.3.rel1.win32_1.0.200.202406191623/tools/bin/../lib/gcc/arm-none-eabi/12.3.1/thumb/v7-m/nofp/crtbegin.o
 *(.init)
 .init          0x0800d3f8        0x4 C:/ST/STM32CubeIDE_1.16.0/STM32CubeIDE/plugins/com.st.stm32cube.ide.mcu.externaltools.gnu-tools-for-stm32.12.3.rel1.win32_1.0.200.202406191623/tools/bin/../lib/gcc/arm-none-eabi/12.3.1/thumb/v7-m/nofp/crti.o
                0x0800d3f8                _init
 .init          0x0800d3fc        0x8 C:/ST/STM32CubeIDE_1.16.0/STM32CubeIDE/plugins/com.st.stm32cube.ide.mcu.externaltools.gnu-tools-for-stm32.12.3.rel1.win32_1.0.200.202406191623/tools/bin/../lib/gcc/arm-none-eabi/12.3.1/thumb/v7-m/nofp/crtn.o
 *(.fini)
 .fini          0x0800d404        0x4 C:/ST/STM32CubeIDE_1.16.0/STM32CubeIDE/plugins/com.st.stm32cube.ide.mcu.externaltools.gnu-tools-for-stm32.12.3.rel1.win32_1.0.200.202406191623/tools/bin/../lib/gcc/arm-none-eabi/12.3.1/thumb/v7-m/nofp/crti.o
                0x0800d404                _fini
 .fini          0x0800d408        0x8 C:/ST/STM32CubeIDE_1.16.0/STM32CubeIDE/plugins/com.st.stm32cube.ide.mcu.externaltools.gnu-tools-for-stm32.12.3.rel1.win32_1.0.200.202406191623/tools/bin/../lib/gcc/arm-none-eabi/12.3.1/thumb/v7-m/nofp/crtn.o
                0x0800d410                        . = ALIGN (0x4)
                0x0800d410                        _etext = .

.vfp11_veneer   0x0800d410        0x0
 .vfp11_veneer  0x0800d410        0x0 linker stubs

.v4_bx          0x0800d410        0x0
 .v4_bx         0x0800d410        0x0 linker stubs

.iplt           0x0800d410        0x0
 .iplt          0x0800d410        0x0 C:/ST/STM32CubeIDE_1.16.0/STM32CubeIDE/plugins/com.st.stm32cube.ide.mcu.externaltools.gnu-tools-for-stm32.12.3.rel1.win32_1.0.200.202406191623/tools/bin/../lib/gcc/arm-none-eabi/12.3.1/thumb/v7-m/nofp/crtbegin.o

.rodata         0x0800d410       0x40
                0x0800d410                        . = ALIGN (0x4)
 *(.rodata)
 *(.rodata*)
 .rodata.AHBPrescTable
                0x0800d410       0x10 ./src/bsp/system_stm32f1xx.o
                0x0800d410                AHBPrescTable
 .rodata.APBPrescTable
                0x0800d420        0x8 ./src/bsp/system_stm32f1xx.o
                0x0800d420                APBPrescTable
 .rodata.aPLLMULFactorTable.1
                0x0800d428       0x10 ./src/lib/cube_f103/Drivers/STM32F1xx_HAL_Driver/Src/stm32f1xx_hal_rcc.o
 .rodata.aPredivFactorTable.0
                0x0800d438        0x2 ./src/lib/cube_f103/Drivers/STM32F1xx_HAL_Driver/Src/stm32f1xx_hal_rcc.o
 *fill*         0x0800d43a        0x2 
 .rodata.aPLLMULFactorTable.1
                0x0800d43c       0x10 ./src/lib/cube_f103/Drivers/STM32F1xx_HAL_Driver/Src/stm32f1xx_hal_rcc_ex.o
 .rodata.aPredivFactorTable.0
                0x0800d44c        0x2 ./src/lib/cube_f103/Drivers/STM32F1xx_HAL_Driver/Src/stm32f1xx_hal_rcc_ex.o
                0x0800d450                        . = ALIGN (0x4)
 *fill*         0x0800d44e        0x2 

.ARM.extab      0x0800d450        0x0
                0x0800d450                        . = ALIGN (0x4)
 *(.ARM.extab* .gnu.linkonce.armextab.*)
                0x0800d450                        . = ALIGN (0x4)

.ARM            0x0800d450        0x0
                0x0800d450                        . = ALIGN (0x4)
                0x0800d450                        __exidx_start = .
 *(.ARM.exidx*)
                0x0800d450                        __exidx_end = .
                0x0800d450                        . = ALIGN (0x4)

.preinit_array  0x0800d450        0x0
                0x0800d450                        . = ALIGN (0x4)
                0x0800d450                        PROVIDE (__preinit_array_start = .)
 *(.preinit_array*)
                0x0800d450                        PROVIDE (__preinit_array_end = .)
                0x0800d450                        . = ALIGN (0x4)

.init_array     0x0800d450        0x4
                0x0800d450                        . = ALIGN (0x4)
                0x0800d450                        PROVIDE (__init_array_start = .)
 *(SORT_BY_NAME(.init_array.*))
 *(.init_array*)
 .init_array    0x0800d450        0x4 C:/ST/STM32CubeIDE_1.16.0/STM32CubeIDE/plugins/com.st.stm32cube.ide.mcu.externaltools.gnu-tools-for-stm32.12.3.rel1.win32_1.0.200.202406191623/tools/bin/../lib/gcc/arm-none-eabi/12.3.1/thumb/v7-m/nofp/crtbegin.o
                0x0800d454                        PROVIDE (__init_array_end = .)
                0x0800d454                        . = ALIGN (0x4)

.fini_array     0x0800d454        0x4
                0x0800d454                        . = ALIGN (0x4)
                [!provide]                        PROVIDE (__fini_array_start = .)
 *(SORT_BY_NAME(.fini_array.*))
 *(.fini_array*)
 .fini_array    0x0800d454        0x4 C:/ST/STM32CubeIDE_1.16.0/STM32CubeIDE/plugins/com.st.stm32cube.ide.mcu.externaltools.gnu-tools-for-stm32.12.3.rel1.win32_1.0.200.202406191623/tools/bin/../lib/gcc/arm-none-eabi/12.3.1/thumb/v7-m/nofp/crtbegin.o
                [!provide]                        PROVIDE (__fini_array_end = .)
                0x0800d458                        . = ALIGN (0x4)
                0x0800d458                        _sidata = LOADADDR (.data)

.rel.dyn        0x0800d458        0x0
 .rel.iplt      0x0800d458        0x0 C:/ST/STM32CubeIDE_1.16.0/STM32CubeIDE/plugins/com.st.stm32cube.ide.mcu.externaltools.gnu-tools-for-stm32.12.3.rel1.win32_1.0.200.202406191623/tools/bin/../lib/gcc/arm-none-eabi/12.3.1/thumb/v7-m/nofp/crtbegin.o

.data           0x20000000       0x1c load address 0x0800d458
                0x20000000                        . = ALIGN (0x4)
                0x20000000                        _sdata = .
 *(.data)
 *(.data*)
 .data.SystemCoreClock
                0x20000000        0x4 ./src/bsp/system_stm32f1xx.o
                0x20000000                SystemCoreClock
 .data.button_tbl
                0x20000004        0x8 ./src/hw/driver/button.o
                0x20000004                button_tbl
 .data.led_tbl  0x2000000c        0x8 ./src/hw/driver/led.o
                0x2000000c                led_tbl
 .data.uwTickPrio
                0x20000014        0x4 ./src/lib/cube_f103/Drivers/STM32F1xx_HAL_Driver/Src/stm32f1xx_hal.o
                0x20000014                uwTickPrio
 .data.uwTickFreq
                0x20000018        0x1 ./src/lib/cube_f103/Drivers/STM32F1xx_HAL_Driver/Src/stm32f1xx_hal.o
                0x20000018                uwTickFreq
 *(.RamFunc)
 *(.RamFunc*)
                0x2000001c                        . = ALIGN (0x4)
 *fill*         0x20000019        0x3 
                0x2000001c                        _edata = .

.igot.plt       0x2000001c        0x0 load address 0x0800d474
 .igot.plt      0x2000001c        0x0 C:/ST/STM32CubeIDE_1.16.0/STM32CubeIDE/plugins/com.st.stm32cube.ide.mcu.externaltools.gnu-tools-for-stm32.12.3.rel1.win32_1.0.200.202406191623/tools/bin/../lib/gcc/arm-none-eabi/12.3.1/thumb/v7-m/nofp/crtbegin.o
                0x2000001c                        . = ALIGN (0x4)

.bss            0x2000001c      0x8c8 load address 0x0800d474
                0x2000001c                        _sbss = .
                0x2000001c                        __bss_start__ = _sbss
 *(.bss)
 .bss           0x2000001c       0x1c C:/ST/STM32CubeIDE_1.16.0/STM32CubeIDE/plugins/com.st.stm32cube.ide.mcu.externaltools.gnu-tools-for-stm32.12.3.rel1.win32_1.0.200.202406191623/tools/bin/../lib/gcc/arm-none-eabi/12.3.1/thumb/v7-m/nofp/crtbegin.o
 *(.bss*)
 .bss.flash_tbl
                0x20000038      0x400 ./src/hw/driver/flash.o
 .bss.reset_count
                0x20000438        0x4 ./src/hw/driver/reset.o
 .bss.hrtc      0x2000043c       0x14 ./src/hw/driver/rtc.o
 .bss.is_open   0x20000450        0x2 ./src/hw/driver/uart.o
 *fill*         0x20000452        0x2 
 .bss.qbuffer   0x20000454       0x20 ./src/hw/driver/uart.o
 .bss.rx_buff   0x20000474      0x100 ./src/hw/driver/uart.o
 .bss.rx_data   0x20000574        0x2 ./src/hw/driver/uart.o
 *fill*         0x20000576        0x2 
 .bss.huart1    0x20000578       0x48 ./src/hw/driver/uart.o
                0x20000578                huart1
 .bss.hdma_usart1_rx
                0x200005c0       0x44 ./src/hw/driver/uart.o
                0x200005c0                hdma_usart1_rx
 .bss.uwTick    0x20000604        0x4 ./src/lib/cube_f103/Drivers/STM32F1xx_HAL_Driver/Src/stm32f1xx_hal.o
                0x20000604                uwTick
 .bss.cfgidx.0  0x20000608        0x1 ./src/lib/cube_f103/Middlewares/ST/STM32_USB_Device_Library/Core/Src/usbd_ctlreq.o
 *fill*         0x20000609        0x3 
 .bss.hpcd_USB_FS
                0x2000060c      0x2d8 ./src/lib/cube_f103/USB_DEVICE/Target/usbd_conf.o
                0x2000060c                hpcd_USB_FS
 *(COMMON)
                0x200008e4                        . = ALIGN (0x4)
                0x200008e4                        _ebss = .
                0x200008e4                        __bss_end__ = _ebss

._user_heap_stack
                0x200008e4      0x604 load address 0x0800d474
                0x200008e8                        . = ALIGN (0x8)
 *fill*         0x200008e4        0x4 
                [!provide]                        PROVIDE (end = .)
                0x200008e8                        PROVIDE (_end = .)
                0x20000ae8                        . = (. + _Min_Heap_Size)
 *fill*         0x200008e8      0x200 
                0x20000ee8                        . = (. + _Min_Stack_Size)
 *fill*         0x20000ae8      0x400 
                0x20000ee8                        . = ALIGN (0x8)

/DISCARD/
 libc.a(*)
 libm.a(*)
 libgcc.a(*)

.ARM.attributes
                0x00000000       0x29
 *(.ARM.attributes)
 .ARM.attributes
                0x00000000       0x1d C:/ST/STM32CubeIDE_1.16.0/STM32CubeIDE/plugins/com.st.stm32cube.ide.mcu.externaltools.gnu-tools-for-stm32.12.3.rel1.win32_1.0.200.202406191623/tools/bin/../lib/gcc/arm-none-eabi/12.3.1/thumb/v7-m/nofp/crti.o
 .ARM.attributes
                0x0000001d       0x2d C:/ST/STM32CubeIDE_1.16.0/STM32CubeIDE/plugins/com.st.stm32cube.ide.mcu.externaltools.gnu-tools-for-stm32.12.3.rel1.win32_1.0.200.202406191623/tools/bin/../lib/gcc/arm-none-eabi/12.3.1/thumb/v7-m/nofp/crtbegin.o
 .ARM.attributes
                0x0000004a       0x2d ./src/ap/ap.o
 .ARM.attributes
                0x00000077       0x2d ./src/bsp/bsp.o
 .ARM.attributes
                0x000000a4       0x2d ./src/bsp/stm32f1xx_hal_msp.o
 .ARM.attributes
                0x000000d1       0x2d ./src/bsp/stm32f1xx_it.o
 .ARM.attributes
                0x000000fe       0x2d ./src/bsp/system_stm32f1xx.o
 .ARM.attributes
                0x0000012b       0x21 ./src/bsp/startup/startup_stm32f103rbhx.o
 .ARM.attributes
                0x0000014c       0x2d ./src/common/core/qbuffer.o
 .ARM.attributes
                0x00000179       0x2d ./src/hw/driver/button.o
 .ARM.attributes
                0x000001a6       0x2d ./src/hw/driver/flash.o
 .ARM.attributes
                0x000001d3       0x2d ./src/hw/driver/led.o
 .ARM.attributes
                0x00000200       0x2d ./src/hw/driver/reset.o
 .ARM.attributes
                0x0000022d       0x2d ./src/hw/driver/rtc.o
 .ARM.attributes
                0x0000025a       0x2d ./src/hw/driver/uart.o
 .ARM.attributes
                0x00000287       0x2d ./src/hw/hw.o
 .ARM.attributes
                0x000002b4       0x2d ./src/lib/cube_f103/Drivers/STM32F1xx_HAL_Driver/Src/stm32f1xx_hal.o
 .ARM.attributes
                0x000002e1       0x2d ./src/lib/cube_f103/Drivers/STM32F1xx_HAL_Driver/Src/stm32f1xx_hal_cortex.o
 .ARM.attributes
                0x0000030e       0x2d ./src/lib/cube_f103/Drivers/STM32F1xx_HAL_Driver/Src/stm32f1xx_hal_dma.o
 .ARM.attributes
                0x0000033b       0x2d ./src/lib/cube_f103/Drivers/STM32F1xx_HAL_Driver/Src/stm32f1xx_hal_gpio.o
 .ARM.attributes
                0x00000368       0x2d ./src/lib/cube_f103/Drivers/STM32F1xx_HAL_Driver/Src/stm32f1xx_hal_pcd.o
 .ARM.attributes
                0x00000395       0x2d ./src/lib/cube_f103/Drivers/STM32F1xx_HAL_Driver/Src/stm32f1xx_hal_pwr.o
 .ARM.attributes
                0x000003c2       0x2d ./src/lib/cube_f103/Drivers/STM32F1xx_HAL_Driver/Src/stm32f1xx_hal_rcc.o
 .ARM.attributes
                0x000003ef       0x2d ./src/lib/cube_f103/Drivers/STM32F1xx_HAL_Driver/Src/stm32f1xx_hal_rcc_ex.o
 .ARM.attributes
                0x0000041c       0x2d ./src/lib/cube_f103/Drivers/STM32F1xx_HAL_Driver/Src/stm32f1xx_hal_rtc.o
 .ARM.attributes
                0x00000449       0x2d ./src/lib/cube_f103/Drivers/STM32F1xx_HAL_Driver/Src/stm32f1xx_hal_rtc_ex.o
 .ARM.attributes
                0x00000476       0x2d ./src/lib/cube_f103/Drivers/STM32F1xx_HAL_Driver/Src/stm32f1xx_hal_uart.o
 .ARM.attributes
                0x000004a3       0x2d ./src/lib/cube_f103/Drivers/STM32F1xx_HAL_Driver/Src/stm32f1xx_ll_usb.o
 .ARM.attributes
                0x000004d0       0x2d ./src/lib/cube_f103/Middlewares/ST/STM32_USB_Device_Library/Core/Src/usbd_core.o
 .ARM.attributes
                0x000004fd       0x2d ./src/lib/cube_f103/Middlewares/ST/STM32_USB_Device_Library/Core/Src/usbd_ctlreq.o
 .ARM.attributes
                0x0000052a       0x2d ./src/lib/cube_f103/Middlewares/ST/STM32_USB_Device_Library/Core/Src/usbd_ioreq.o
 .ARM.attributes
                0x00000557       0x2d ./src/lib/cube_f103/USB_DEVICE/Target/usbd_conf.o
 .ARM.attributes
                0x00000584       0x2d ./src/main.o
 .ARM.attributes
                0x000005b1       0x2d C:/ST/STM32CubeIDE_1.16.0/STM32CubeIDE/plugins/com.st.stm32cube.ide.mcu.externaltools.gnu-tools-for-stm32.12.3.rel1.win32_1.0.200.202406191623/tools/bin/../lib/gcc/arm-none-eabi/12.3.1/../../../../arm-none-eabi/lib/thumb/v7-m/nofp\libc_nano.a(libc_a-memset.o)
 .ARM.attributes
                0x000005de       0x2d C:/ST/STM32CubeIDE_1.16.0/STM32CubeIDE/plugins/com.st.stm32cube.ide.mcu.externaltools.gnu-tools-for-stm32.12.3.rel1.win32_1.0.200.202406191623/tools/bin/../lib/gcc/arm-none-eabi/12.3.1/../../../../arm-none-eabi/lib/thumb/v7-m/nofp\libc_nano.a(libc_a-init.o)
 .ARM.attributes
                0x0000060b       0x1d C:/ST/STM32CubeIDE_1.16.0/STM32CubeIDE/plugins/com.st.stm32cube.ide.mcu.externaltools.gnu-tools-for-stm32.12.3.rel1.win32_1.0.200.202406191623/tools/bin/../lib/gcc/arm-none-eabi/12.3.1/thumb/v7-m/nofp/crtn.o
OUTPUT(stm32f103_fw.elf elf32-littlearm)
LOAD linker stubs
LOAD C:/ST/STM32CubeIDE_1.16.0/STM32CubeIDE/plugins/com.st.stm32cube.ide.mcu.externaltools.gnu-tools-for-stm32.12.3.rel1.win32_1.0.200.202406191623/tools/bin/../lib/gcc/arm-none-eabi/12.3.1/../../../../arm-none-eabi/lib/thumb/v7-m/nofp\libc.a
LOAD C:/ST/STM32CubeIDE_1.16.0/STM32CubeIDE/plugins/com.st.stm32cube.ide.mcu.externaltools.gnu-tools-for-stm32.12.3.rel1.win32_1.0.200.202406191623/tools/bin/../lib/gcc/arm-none-eabi/12.3.1/../../../../arm-none-eabi/lib/thumb/v7-m/nofp\libm.a
LOAD C:/ST/STM32CubeIDE_1.16.0/STM32CubeIDE/plugins/com.st.stm32cube.ide.mcu.externaltools.gnu-tools-for-stm32.12.3.rel1.win32_1.0.200.202406191623/tools/bin/../lib/gcc/arm-none-eabi/12.3.1/thumb/v7-m/nofp\libgcc.a

.debug_info     0x00000000    0x10d8c
 .debug_info    0x00000000      0x160 ./src/ap/ap.o
 .debug_info    0x00000160      0x4ac ./src/bsp/bsp.o
 .debug_info    0x0000060c      0x1f8 ./src/bsp/stm32f1xx_hal_msp.o
 .debug_info    0x00000804      0xa8d ./src/bsp/stm32f1xx_it.o
 .debug_info    0x00001291      0x3e6 ./src/bsp/system_stm32f1xx.o
 .debug_info    0x00001677       0x30 ./src/bsp/startup/startup_stm32f103rbhx.o
 .debug_info    0x000016a7      0x2a1 ./src/common/core/qbuffer.o
 .debug_info    0x00001948      0x367 ./src/hw/driver/button.o
 .debug_info    0x00001caf      0x481 ./src/hw/driver/flash.o
 .debug_info    0x00002130      0x3c1 ./src/hw/driver/led.o
 .debug_info    0x000024f1      0x1c1 ./src/hw/driver/reset.o
 .debug_info    0x000026b2      0x4ab ./src/hw/driver/rtc.o
 .debug_info    0x00002b5d      0xddb ./src/hw/driver/uart.o
 .debug_info    0x00003938       0xe2 ./src/hw/hw.o
 .debug_info    0x00003a1a      0x704 ./src/lib/cube_f103/Drivers/STM32F1xx_HAL_Driver/Src/stm32f1xx_hal.o
 .debug_info    0x0000411e      0xa87 ./src/lib/cube_f103/Drivers/STM32F1xx_HAL_Driver/Src/stm32f1xx_hal_cortex.o
 .debug_info    0x00004ba5      0x6d2 ./src/lib/cube_f103/Drivers/STM32F1xx_HAL_Driver/Src/stm32f1xx_hal_dma.o
 .debug_info    0x00005277      0x5ab ./src/lib/cube_f103/Drivers/STM32F1xx_HAL_Driver/Src/stm32f1xx_hal_gpio.o
 .debug_info    0x00005822     0x16dc ./src/lib/cube_f103/Drivers/STM32F1xx_HAL_Driver/Src/stm32f1xx_hal_pcd.o
 .debug_info    0x00006efe      0x628 ./src/lib/cube_f103/Drivers/STM32F1xx_HAL_Driver/Src/stm32f1xx_hal_pwr.o
 .debug_info    0x00007526      0x7d5 ./src/lib/cube_f103/Drivers/STM32F1xx_HAL_Driver/Src/stm32f1xx_hal_rcc.o
 .debug_info    0x00007cfb      0x3c0 ./src/lib/cube_f103/Drivers/STM32F1xx_HAL_Driver/Src/stm32f1xx_hal_rcc_ex.o
 .debug_info    0x000080bb      0xc73 ./src/lib/cube_f103/Drivers/STM32F1xx_HAL_Driver/Src/stm32f1xx_hal_rtc.o
 .debug_info    0x00008d2e      0x6a7 ./src/lib/cube_f103/Drivers/STM32F1xx_HAL_Driver/Src/stm32f1xx_hal_rtc_ex.o
 .debug_info    0x000093d5     0x2eed ./src/lib/cube_f103/Drivers/STM32F1xx_HAL_Driver/Src/stm32f1xx_hal_uart.o
 .debug_info    0x0000c2c2     0x17ae ./src/lib/cube_f103/Drivers/STM32F1xx_HAL_Driver/Src/stm32f1xx_ll_usb.o
 .debug_info    0x0000da70      0xa52 ./src/lib/cube_f103/Middlewares/ST/STM32_USB_Device_Library/Core/Src/usbd_core.o
 .debug_info    0x0000e4c2      0x91c ./src/lib/cube_f103/Middlewares/ST/STM32_USB_Device_Library/Core/Src/usbd_ctlreq.o
 .debug_info    0x0000edde      0x6a0 ./src/lib/cube_f103/Middlewares/ST/STM32_USB_Device_Library/Core/Src/usbd_ioreq.o
 .debug_info    0x0000f47e     0x1864 ./src/lib/cube_f103/USB_DEVICE/Target/usbd_conf.o
 .debug_info    0x00010ce2       0xaa ./src/main.o

.debug_abbrev   0x00000000     0x37aa
 .debug_abbrev  0x00000000       0xca ./src/ap/ap.o
 .debug_abbrev  0x000000ca      0x20a ./src/bsp/bsp.o
 .debug_abbrev  0x000002d4       0xdb ./src/bsp/stm32f1xx_hal_msp.o
 .debug_abbrev  0x000003af      0x1bb ./src/bsp/stm32f1xx_it.o
 .debug_abbrev  0x0000056a      0x13d ./src/bsp/system_stm32f1xx.o
 .debug_abbrev  0x000006a7       0x24 ./src/bsp/startup/startup_stm32f103rbhx.o
 .debug_abbrev  0x000006cb      0x108 ./src/common/core/qbuffer.o
 .debug_abbrev  0x000007d3      0x1b9 ./src/hw/driver/button.o
 .debug_abbrev  0x0000098c      0x17b ./src/hw/driver/flash.o
 .debug_abbrev  0x00000b07      0x1a8 ./src/hw/driver/led.o
 .debug_abbrev  0x00000caf      0x114 ./src/hw/driver/reset.o
 .debug_abbrev  0x00000dc3      0x1c5 ./src/hw/driver/rtc.o
 .debug_abbrev  0x00000f88      0x2ec ./src/hw/driver/uart.o
 .debug_abbrev  0x00001274       0x6e ./src/hw/hw.o
 .debug_abbrev  0x000012e2      0x201 ./src/lib/cube_f103/Drivers/STM32F1xx_HAL_Driver/Src/stm32f1xx_hal.o
 .debug_abbrev  0x000014e3      0x2f8 ./src/lib/cube_f103/Drivers/STM32F1xx_HAL_Driver/Src/stm32f1xx_hal_cortex.o
 .debug_abbrev  0x000017db      0x20b ./src/lib/cube_f103/Drivers/STM32F1xx_HAL_Driver/Src/stm32f1xx_hal_dma.o
 .debug_abbrev  0x000019e6      0x1ca ./src/lib/cube_f103/Drivers/STM32F1xx_HAL_Driver/Src/stm32f1xx_hal_gpio.o
 .debug_abbrev  0x00001bb0      0x2d6 ./src/lib/cube_f103/Drivers/STM32F1xx_HAL_Driver/Src/stm32f1xx_hal_pcd.o
 .debug_abbrev  0x00001e86      0x1f6 ./src/lib/cube_f103/Drivers/STM32F1xx_HAL_Driver/Src/stm32f1xx_hal_pwr.o
 .debug_abbrev  0x0000207c      0x2b3 ./src/lib/cube_f103/Drivers/STM32F1xx_HAL_Driver/Src/stm32f1xx_hal_rcc.o
 .debug_abbrev  0x0000232f      0x188 ./src/lib/cube_f103/Drivers/STM32F1xx_HAL_Driver/Src/stm32f1xx_hal_rcc_ex.o
 .debug_abbrev  0x000024b7      0x23a ./src/lib/cube_f103/Drivers/STM32F1xx_HAL_Driver/Src/stm32f1xx_hal_rtc.o
 .debug_abbrev  0x000026f1      0x22b ./src/lib/cube_f103/Drivers/STM32F1xx_HAL_Driver/Src/stm32f1xx_hal_rtc_ex.o
 .debug_abbrev  0x0000291c      0x2f8 ./src/lib/cube_f103/Drivers/STM32F1xx_HAL_Driver/Src/stm32f1xx_hal_uart.o
 .debug_abbrev  0x00002c14      0x1de ./src/lib/cube_f103/Drivers/STM32F1xx_HAL_Driver/Src/stm32f1xx_ll_usb.o
 .debug_abbrev  0x00002df2      0x24a ./src/lib/cube_f103/Middlewares/ST/STM32_USB_Device_Library/Core/Src/usbd_core.o
 .debug_abbrev  0x0000303c      0x26b ./src/lib/cube_f103/Middlewares/ST/STM32_USB_Device_Library/Core/Src/usbd_ctlreq.o
 .debug_abbrev  0x000032a7      0x192 ./src/lib/cube_f103/Middlewares/ST/STM32_USB_Device_Library/Core/Src/usbd_ioreq.o
 .debug_abbrev  0x00003439      0x316 ./src/lib/cube_f103/USB_DEVICE/Target/usbd_conf.o
 .debug_abbrev  0x0000374f       0x5b ./src/main.o

.debug_aranges  0x00000000      0xfe0
 .debug_aranges
                0x00000000       0x28 ./src/ap/ap.o
 .debug_aranges
                0x00000028       0x48 ./src/bsp/bsp.o
 .debug_aranges
                0x00000070       0x20 ./src/bsp/stm32f1xx_hal_msp.o
 .debug_aranges
                0x00000090       0x78 ./src/bsp/stm32f1xx_it.o
 .debug_aranges
                0x00000108       0x28 ./src/bsp/system_stm32f1xx.o
 .debug_aranges
                0x00000130       0x28 ./src/bsp/startup/startup_stm32f103rbhx.o
 .debug_aranges
                0x00000158       0x48 ./src/common/core/qbuffer.o
 .debug_aranges
                0x000001a0       0x28 ./src/hw/driver/button.o
 .debug_aranges
                0x000001c8       0x40 ./src/hw/driver/flash.o
 .debug_aranges
                0x00000208       0x38 ./src/hw/driver/led.o
 .debug_aranges
                0x00000240       0x28 ./src/hw/driver/reset.o
 .debug_aranges
                0x00000268       0x40 ./src/hw/driver/rtc.o
 .debug_aranges
                0x000002a8       0x70 ./src/hw/driver/uart.o
 .debug_aranges
                0x00000318       0x20 ./src/hw/hw.o
 .debug_aranges
                0x00000338       0xe0 ./src/lib/cube_f103/Drivers/STM32F1xx_HAL_Driver/Src/stm32f1xx_hal.o
 .debug_aranges
                0x00000418      0x100 ./src/lib/cube_f103/Drivers/STM32F1xx_HAL_Driver/Src/stm32f1xx_hal_cortex.o
 .debug_aranges
                0x00000518       0x80 ./src/lib/cube_f103/Drivers/STM32F1xx_HAL_Driver/Src/stm32f1xx_hal_dma.o
 .debug_aranges
                0x00000598       0x58 ./src/lib/cube_f103/Drivers/STM32F1xx_HAL_Driver/Src/stm32f1xx_hal_gpio.o
 .debug_aranges
                0x000005f0      0x140 ./src/lib/cube_f103/Drivers/STM32F1xx_HAL_Driver/Src/stm32f1xx_hal_pcd.o
 .debug_aranges
                0x00000730       0xa8 ./src/lib/cube_f103/Drivers/STM32F1xx_HAL_Driver/Src/stm32f1xx_hal_pwr.o
 .debug_aranges
                0x000007d8       0x90 ./src/lib/cube_f103/Drivers/STM32F1xx_HAL_Driver/Src/stm32f1xx_hal_rcc.o
 .debug_aranges
                0x00000868       0x30 ./src/lib/cube_f103/Drivers/STM32F1xx_HAL_Driver/Src/stm32f1xx_hal_rcc_ex.o
 .debug_aranges
                0x00000898       0xf8 ./src/lib/cube_f103/Drivers/STM32F1xx_HAL_Driver/Src/stm32f1xx_hal_rtc.o
 .debug_aranges
                0x00000990       0x88 ./src/lib/cube_f103/Drivers/STM32F1xx_HAL_Driver/Src/stm32f1xx_hal_rtc_ex.o
 .debug_aranges
                0x00000a18      0x208 ./src/lib/cube_f103/Drivers/STM32F1xx_HAL_Driver/Src/stm32f1xx_hal_uart.o
 .debug_aranges
                0x00000c20       0xf8 ./src/lib/cube_f103/Drivers/STM32F1xx_HAL_Driver/Src/stm32f1xx_ll_usb.o
 .debug_aranges
                0x00000d18       0xb8 ./src/lib/cube_f103/Middlewares/ST/STM32_USB_Device_Library/Core/Src/usbd_core.o
 .debug_aranges
                0x00000dd0       0x88 ./src/lib/cube_f103/Middlewares/ST/STM32_USB_Device_Library/Core/Src/usbd_ctlreq.o
 .debug_aranges
                0x00000e58       0x50 ./src/lib/cube_f103/Middlewares/ST/STM32_USB_Device_Library/Core/Src/usbd_ioreq.o
 .debug_aranges
                0x00000ea8      0x118 ./src/lib/cube_f103/USB_DEVICE/Target/usbd_conf.o
 .debug_aranges
                0x00000fc0       0x20 ./src/main.o

.debug_rnglists
                0x00000000      0xbce
 .debug_rnglists
                0x00000000       0x19 ./src/ap/ap.o
 .debug_rnglists
                0x00000019       0x32 ./src/bsp/bsp.o
 .debug_rnglists
                0x0000004b       0x13 ./src/bsp/stm32f1xx_hal_msp.o
 .debug_rnglists
                0x0000005e       0x55 ./src/bsp/stm32f1xx_it.o
 .debug_rnglists
                0x000000b3       0x1a ./src/bsp/system_stm32f1xx.o
 .debug_rnglists
                0x000000cd       0x19 ./src/bsp/startup/startup_stm32f103rbhx.o
 .debug_rnglists
                0x000000e6       0x31 ./src/common/core/qbuffer.o
 .debug_rnglists
                0x00000117       0x19 ./src/hw/driver/button.o
 .debug_rnglists
                0x00000130       0x2e ./src/hw/driver/flash.o
 .debug_rnglists
                0x0000015e       0x26 ./src/hw/driver/led.o
 .debug_rnglists
                0x00000184       0x19 ./src/hw/driver/reset.o
 .debug_rnglists
                0x0000019d       0x2b ./src/hw/driver/rtc.o
 .debug_rnglists
                0x000001c8       0x51 ./src/hw/driver/uart.o
 .debug_rnglists
                0x00000219       0x13 ./src/hw/hw.o
 .debug_rnglists
                0x0000022c       0xa3 ./src/lib/cube_f103/Drivers/STM32F1xx_HAL_Driver/Src/stm32f1xx_hal.o
 .debug_rnglists
                0x000002cf       0xbb ./src/lib/cube_f103/Drivers/STM32F1xx_HAL_Driver/Src/stm32f1xx_hal_cortex.o
 .debug_rnglists
                0x0000038a       0x64 ./src/lib/cube_f103/Drivers/STM32F1xx_HAL_Driver/Src/stm32f1xx_hal_dma.o
 .debug_rnglists
                0x000003ee       0x3f ./src/lib/cube_f103/Drivers/STM32F1xx_HAL_Driver/Src/stm32f1xx_hal_gpio.o
 .debug_rnglists
                0x0000042d       0xf4 ./src/lib/cube_f103/Drivers/STM32F1xx_HAL_Driver/Src/stm32f1xx_hal_pcd.o
 .debug_rnglists
                0x00000521       0x7a ./src/lib/cube_f103/Drivers/STM32F1xx_HAL_Driver/Src/stm32f1xx_hal_pwr.o
 .debug_rnglists
                0x0000059b       0x6c ./src/lib/cube_f103/Drivers/STM32F1xx_HAL_Driver/Src/stm32f1xx_hal_rcc.o
 .debug_rnglists
                0x00000607       0x21 ./src/lib/cube_f103/Drivers/STM32F1xx_HAL_Driver/Src/stm32f1xx_hal_rcc_ex.o
 .debug_rnglists
                0x00000628       0xc1 ./src/lib/cube_f103/Drivers/STM32F1xx_HAL_Driver/Src/stm32f1xx_hal_rtc.o
 .debug_rnglists
                0x000006e9       0x63 ./src/lib/cube_f103/Drivers/STM32F1xx_HAL_Driver/Src/stm32f1xx_hal_rtc_ex.o
 .debug_rnglists
                0x0000074c      0x1bc ./src/lib/cube_f103/Drivers/STM32F1xx_HAL_Driver/Src/stm32f1xx_hal_uart.o
 .debug_rnglists
                0x00000908       0xbd ./src/lib/cube_f103/Drivers/STM32F1xx_HAL_Driver/Src/stm32f1xx_ll_usb.o
 .debug_rnglists
                0x000009c5       0x89 ./src/lib/cube_f103/Middlewares/ST/STM32_USB_Device_Library/Core/Src/usbd_core.o
 .debug_rnglists
                0x00000a4e       0x68 ./src/lib/cube_f103/Middlewares/ST/STM32_USB_Device_Library/Core/Src/usbd_ctlreq.o
 .debug_rnglists
                0x00000ab6       0x37 ./src/lib/cube_f103/Middlewares/ST/STM32_USB_Device_Library/Core/Src/usbd_ioreq.o
 .debug_rnglists
                0x00000aed       0xce ./src/lib/cube_f103/USB_DEVICE/Target/usbd_conf.o
 .debug_rnglists
                0x00000bbb       0x13 ./src/main.o

.debug_macro    0x00000000    0x1b1a5
 .debug_macro   0x00000000      0x324 ./src/ap/ap.o
 .debug_macro   0x00000324      0xaa2 ./src/ap/ap.o
 .debug_macro   0x00000dc6       0x22 ./src/ap/ap.o
 .debug_macro   0x00000de8       0x5b ./src/ap/ap.o
 .debug_macro   0x00000e43       0x24 ./src/ap/ap.o
 .debug_macro   0x00000e67       0x94 ./src/ap/ap.o
 .debug_macro   0x00000efb       0x43 ./src/ap/ap.o
 .debug_macro   0x00000f3e       0x34 ./src/ap/ap.o
 .debug_macro   0x00000f72       0x16 ./src/ap/ap.o
 .debug_macro   0x00000f88       0x57 ./src/ap/ap.o
 .debug_macro   0x00000fdf       0x9e ./src/ap/ap.o
 .debug_macro   0x0000107d      0x369 ./src/ap/ap.o
 .debug_macro   0x000013e6      0x10b ./src/ap/ap.o
 .debug_macro   0x000014f1       0x10 ./src/ap/ap.o
 .debug_macro   0x00001501       0x16 ./src/ap/ap.o
 .debug_macro   0x00001517       0x43 ./src/ap/ap.o
 .debug_macro   0x0000155a       0x34 ./src/ap/ap.o
 .debug_macro   0x0000158e       0x10 ./src/ap/ap.o
 .debug_macro   0x0000159e       0x58 ./src/ap/ap.o
 .debug_macro   0x000015f6       0x8e ./src/ap/ap.o
 .debug_macro   0x00001684       0x1c ./src/ap/ap.o
 .debug_macro   0x000016a0      0x177 ./src/ap/ap.o
 .debug_macro   0x00001817       0x16 ./src/ap/ap.o
 .debug_macro   0x0000182d       0x16 ./src/ap/ap.o
 .debug_macro   0x00001843      0x146 ./src/ap/ap.o
 .debug_macro   0x00001989      0x103 ./src/ap/ap.o
 .debug_macro   0x00001a8c       0x6a ./src/ap/ap.o
 .debug_macro   0x00001af6      0x1df ./src/ap/ap.o
 .debug_macro   0x00001cd5       0x22 ./src/ap/ap.o
 .debug_macro   0x00001cf7       0x4c ./src/ap/ap.o
 .debug_macro   0x00001d43       0x40 ./src/ap/ap.o
 .debug_macro   0x00001d83       0x16 ./src/ap/ap.o
 .debug_macro   0x00001d99      0x221 ./src/ap/ap.o
 .debug_macro   0x00001fba       0x2e ./src/ap/ap.o
 .debug_macro   0x00001fe8       0x22 ./src/ap/ap.o
 .debug_macro   0x0000200a       0x1c ./src/ap/ap.o
 .debug_macro   0x00002026       0x22 ./src/ap/ap.o
 .debug_macro   0x00002048       0xbd ./src/ap/ap.o
 .debug_macro   0x00002105      0xd23 ./src/ap/ap.o
 .debug_macro   0x00002e28     0xe09e ./src/ap/ap.o
 .debug_macro   0x00010ec6       0x6d ./src/ap/ap.o
 .debug_macro   0x00010f33     0x34a2 ./src/ap/ap.o
 .debug_macro   0x000143d5       0x56 ./src/ap/ap.o
 .debug_macro   0x0001442b      0x5bc ./src/ap/ap.o
 .debug_macro   0x000149e7      0x289 ./src/ap/ap.o
 .debug_macro   0x00014c70      0x1cb ./src/ap/ap.o
 .debug_macro   0x00014e3b      0x114 ./src/ap/ap.o
 .debug_macro   0x00014f4f      0x1b2 ./src/ap/ap.o
 .debug_macro   0x00015101       0x27 ./src/ap/ap.o
 .debug_macro   0x00015128      0x136 ./src/ap/ap.o
 .debug_macro   0x0001525e      0x1bc ./src/ap/ap.o
 .debug_macro   0x0001541a       0x34 ./src/ap/ap.o
 .debug_macro   0x0001544e       0x3c ./src/ap/ap.o
 .debug_macro   0x0001548a       0x57 ./src/ap/ap.o
 .debug_macro   0x000154e1       0x87 ./src/ap/ap.o
 .debug_macro   0x00015568      0x240 ./src/ap/ap.o
 .debug_macro   0x000157a8      0x140 ./src/ap/ap.o
 .debug_macro   0x000158e8      0x1ef ./src/ap/ap.o
 .debug_macro   0x00015ad7       0xeb ./src/ap/ap.o
 .debug_macro   0x00015bc2      0x28e ./src/ap/ap.o
 .debug_macro   0x00015e50       0xb7 ./src/ap/ap.o
 .debug_macro   0x00015f07      0x242 ./src/ap/ap.o
 .debug_macro   0x00016149       0x83 ./src/ap/ap.o
 .debug_macro   0x000161cc       0x3a ./src/ap/ap.o
 .debug_macro   0x00016206       0x10 ./src/ap/ap.o
 .debug_macro   0x00016216       0x10 ./src/ap/ap.o
 .debug_macro   0x00016226      0x3c4 ./src/bsp/bsp.o
 .debug_macro   0x000165ea       0x10 ./src/bsp/bsp.o
 .debug_macro   0x000165fa       0x16 ./src/bsp/bsp.o
 .debug_macro   0x00016610       0x35 ./src/bsp/bsp.o
 .debug_macro   0x00016645       0x16 ./src/bsp/bsp.o
 .debug_macro   0x0001665b       0x29 ./src/bsp/bsp.o
 .debug_macro   0x00016684       0x16 ./src/bsp/bsp.o
 .debug_macro   0x0001669a       0x20 ./src/bsp/bsp.o
 .debug_macro   0x000166ba       0x5f ./src/bsp/bsp.o
 .debug_macro   0x00016719      0x1c8 ./src/bsp/bsp.o
 .debug_macro   0x000168e1      0x32e ./src/bsp/stm32f1xx_hal_msp.o
 .debug_macro   0x00016c0f      0x338 ./src/bsp/stm32f1xx_it.o
 .debug_macro   0x00016f47       0xd4 ./src/bsp/system_stm32f1xx.o
 .debug_macro   0x0001701b       0x8e ./src/bsp/system_stm32f1xx.o
 .debug_macro   0x000170a9       0x51 ./src/bsp/system_stm32f1xx.o
 .debug_macro   0x000170fa      0x165 ./src/common/core/qbuffer.o
 .debug_macro   0x0001725f      0x2dc ./src/hw/driver/button.o
 .debug_macro   0x0001753b      0x2dc ./src/hw/driver/flash.o
 .debug_macro   0x00017817      0x2dc ./src/hw/driver/led.o
 .debug_macro   0x00017af3      0x2e0 ./src/hw/driver/reset.o
 .debug_macro   0x00017dd3      0x2d6 ./src/hw/driver/rtc.o
 .debug_macro   0x000180a9      0x2e6 ./src/hw/driver/uart.o
 .debug_macro   0x0001838f      0x31a ./src/hw/hw.o
 .debug_macro   0x000186a9      0x1e5 ./src/lib/cube_f103/Drivers/STM32F1xx_HAL_Driver/Src/stm32f1xx_hal.o
 .debug_macro   0x0001888e       0x5c ./src/lib/cube_f103/Drivers/STM32F1xx_HAL_Driver/Src/stm32f1xx_hal.o
 .debug_macro   0x000188ea      0x1c1 ./src/lib/cube_f103/Drivers/STM32F1xx_HAL_Driver/Src/stm32f1xx_hal_cortex.o
 .debug_macro   0x00018aab      0x1c1 ./src/lib/cube_f103/Drivers/STM32F1xx_HAL_Driver/Src/stm32f1xx_hal_dma.o
 .debug_macro   0x00018c6c      0x22c ./src/lib/cube_f103/Drivers/STM32F1xx_HAL_Driver/Src/stm32f1xx_hal_gpio.o
 .debug_macro   0x00018e98      0x1cd ./src/lib/cube_f103/Drivers/STM32F1xx_HAL_Driver/Src/stm32f1xx_hal_pcd.o
 .debug_macro   0x00019065      0x221 ./src/lib/cube_f103/Drivers/STM32F1xx_HAL_Driver/Src/stm32f1xx_hal_pwr.o
 .debug_macro   0x00019286      0x1d3 ./src/lib/cube_f103/Drivers/STM32F1xx_HAL_Driver/Src/stm32f1xx_hal_rcc.o
 .debug_macro   0x00019459      0x1c1 ./src/lib/cube_f103/Drivers/STM32F1xx_HAL_Driver/Src/stm32f1xx_hal_rcc_ex.o
 .debug_macro   0x0001961a      0x1d0 ./src/lib/cube_f103/Drivers/STM32F1xx_HAL_Driver/Src/stm32f1xx_hal_rtc.o
 .debug_macro   0x000197ea      0x1c1 ./src/lib/cube_f103/Drivers/STM32F1xx_HAL_Driver/Src/stm32f1xx_hal_rtc_ex.o
 .debug_macro   0x000199ab      0x1c2 ./src/lib/cube_f103/Drivers/STM32F1xx_HAL_Driver/Src/stm32f1xx_hal_uart.o
 .debug_macro   0x00019b6d      0x1c1 ./src/lib/cube_f103/Drivers/STM32F1xx_HAL_Driver/Src/stm32f1xx_ll_usb.o
 .debug_macro   0x00019d2e      0x3d2 ./src/lib/cube_f103/Middlewares/ST/STM32_USB_Device_Library/Core/Src/usbd_core.o
 .debug_macro   0x0001a100      0x1ce ./src/lib/cube_f103/Middlewares/ST/STM32_USB_Device_Library/Core/Src/usbd_core.o
 .debug_macro   0x0001a2ce      0x3dc ./src/lib/cube_f103/Middlewares/ST/STM32_USB_Device_Library/Core/Src/usbd_ctlreq.o
 .debug_macro   0x0001a6aa      0x3d8 ./src/lib/cube_f103/Middlewares/ST/STM32_USB_Device_Library/Core/Src/usbd_ioreq.o
 .debug_macro   0x0001aa82      0x3f5 ./src/lib/cube_f103/USB_DEVICE/Target/usbd_conf.o
 .debug_macro   0x0001ae77      0x32e ./src/main.o

.debug_line     0x00000000    0x191c1
 .debug_line    0x00000000      0xa5b ./src/ap/ap.o
 .debug_line    0x00000a5b      0xc9e ./src/bsp/bsp.o
 .debug_line    0x000016f9      0xa7c ./src/bsp/stm32f1xx_hal_msp.o
 .debug_line    0x00002175      0xb86 ./src/bsp/stm32f1xx_it.o
 .debug_line    0x00002cfb      0x5bf ./src/bsp/system_stm32f1xx.o
 .debug_line    0x000032ba       0x78 ./src/bsp/startup/startup_stm32f103rbhx.o
 .debug_line    0x00003332      0x6ec ./src/common/core/qbuffer.o
 .debug_line    0x00003a1e      0xa42 ./src/hw/driver/button.o
 .debug_line    0x00004460      0xb83 ./src/hw/driver/flash.o
 .debug_line    0x00004fe3      0xa7e ./src/hw/driver/led.o
 .debug_line    0x00005a61      0xa26 ./src/hw/driver/reset.o
 .debug_line    0x00006487      0xa61 ./src/hw/driver/rtc.o
 .debug_line    0x00006ee8      0xc43 ./src/hw/driver/uart.o
 .debug_line    0x00007b2b      0xa2d ./src/hw/hw.o
 .debug_line    0x00008558      0xabe ./src/lib/cube_f103/Drivers/STM32F1xx_HAL_Driver/Src/stm32f1xx_hal.o
 .debug_line    0x00009016      0xcaa ./src/lib/cube_f103/Drivers/STM32F1xx_HAL_Driver/Src/stm32f1xx_hal_cortex.o
 .debug_line    0x00009cc0      0xf17 ./src/lib/cube_f103/Drivers/STM32F1xx_HAL_Driver/Src/stm32f1xx_hal_dma.o
 .debug_line    0x0000abd7      0xb57 ./src/lib/cube_f103/Drivers/STM32F1xx_HAL_Driver/Src/stm32f1xx_hal_gpio.o
 .debug_line    0x0000b72e     0x1513 ./src/lib/cube_f103/Drivers/STM32F1xx_HAL_Driver/Src/stm32f1xx_hal_pcd.o
 .debug_line    0x0000cc41      0xa40 ./src/lib/cube_f103/Drivers/STM32F1xx_HAL_Driver/Src/stm32f1xx_hal_pwr.o
 .debug_line    0x0000d681      0xec7 ./src/lib/cube_f103/Drivers/STM32F1xx_HAL_Driver/Src/stm32f1xx_hal_rcc.o
 .debug_line    0x0000e548      0xa08 ./src/lib/cube_f103/Drivers/STM32F1xx_HAL_Driver/Src/stm32f1xx_hal_rcc_ex.o
 .debug_line    0x0000ef50     0x1230 ./src/lib/cube_f103/Drivers/STM32F1xx_HAL_Driver/Src/stm32f1xx_hal_rtc.o
 .debug_line    0x00010180      0xb47 ./src/lib/cube_f103/Drivers/STM32F1xx_HAL_Driver/Src/stm32f1xx_hal_rtc_ex.o
 .debug_line    0x00010cc7     0x299d ./src/lib/cube_f103/Drivers/STM32F1xx_HAL_Driver/Src/stm32f1xx_hal_uart.o
 .debug_line    0x00013664     0x118f ./src/lib/cube_f103/Drivers/STM32F1xx_HAL_Driver/Src/stm32f1xx_ll_usb.o
 .debug_line    0x000147f3     0x100b ./src/lib/cube_f103/Middlewares/ST/STM32_USB_Device_Library/Core/Src/usbd_core.o
 .debug_line    0x000157fe     0x124b ./src/lib/cube_f103/Middlewares/ST/STM32_USB_Device_Library/Core/Src/usbd_ctlreq.o
 .debug_line    0x00016a49      0xca1 ./src/lib/cube_f103/Middlewares/ST/STM32_USB_Device_Library/Core/Src/usbd_ioreq.o
 .debug_line    0x000176ea     0x1086 ./src/lib/cube_f103/USB_DEVICE/Target/usbd_conf.o
 .debug_line    0x00018770      0xa51 ./src/main.o

.debug_str      0x00000000    0x8959c
 .debug_str     0x00000000    0x844aa ./src/ap/ap.o
                              0x84830 (size before relaxing)
 .debug_str     0x000844aa      0xd79 ./src/bsp/bsp.o
                              0x85594 (size before relaxing)
 .debug_str     0x00085223       0x59 ./src/bsp/stm32f1xx_hal_msp.o
                              0x84858 (size before relaxing)
 .debug_str     0x0008527c      0x7ca ./src/bsp/stm32f1xx_it.o
                              0x85028 (size before relaxing)
 .debug_str     0x00085a46      0x10e ./src/bsp/system_stm32f1xx.o
                              0x54763 (size before relaxing)
 .debug_str     0x00085b54       0x47 ./src/bsp/startup/startup_stm32f103rbhx.o
                                 0x66 (size before relaxing)
 .debug_str     0x00085b9b       0xae ./src/common/core/qbuffer.o
                               0x79b0 (size before relaxing)
 .debug_str     0x00085c49       0xdb ./src/hw/driver/button.o
                              0x8482a (size before relaxing)
 .debug_str     0x00085d24      0x173 ./src/hw/driver/flash.o
                              0x848b3 (size before relaxing)
 .debug_str     0x00085e97       0x63 ./src/hw/driver/led.o
                              0x8482f (size before relaxing)
 .debug_str     0x00085efa       0x60 ./src/hw/driver/reset.o
                              0x8476a (size before relaxing)
 .debug_str     0x00085f5a      0x1a5 ./src/hw/driver/rtc.o
                              0x84976 (size before relaxing)
 .debug_str     0x000860ff      0x40e ./src/hw/driver/uart.o
                              0x850ec (size before relaxing)
 .debug_str     0x0008650d       0x16 ./src/hw/hw.o
                              0x847e6 (size before relaxing)
 .debug_str     0x00086523      0x38a ./src/lib/cube_f103/Drivers/STM32F1xx_HAL_Driver/Src/stm32f1xx_hal.o
                              0x814f2 (size before relaxing)
 .debug_str     0x000868ad      0x22a ./src/lib/cube_f103/Drivers/STM32F1xx_HAL_Driver/Src/stm32f1xx_hal_cortex.o
                              0x8143e (size before relaxing)
 .debug_str     0x00086ad7      0x21d ./src/lib/cube_f103/Drivers/STM32F1xx_HAL_Driver/Src/stm32f1xx_hal_dma.o
                              0x81168 (size before relaxing)
 .debug_str     0x00086cf4      0x2cf ./src/lib/cube_f103/Drivers/STM32F1xx_HAL_Driver/Src/stm32f1xx_hal_gpio.o
                              0x81145 (size before relaxing)
 .debug_str     0x00086fc3      0x5cf ./src/lib/cube_f103/Drivers/STM32F1xx_HAL_Driver/Src/stm32f1xx_hal_pcd.o
                              0x816dc (size before relaxing)
 .debug_str     0x00087592      0x507 ./src/lib/cube_f103/Drivers/STM32F1xx_HAL_Driver/Src/stm32f1xx_hal_pwr.o
                              0x812f6 (size before relaxing)
 .debug_str     0x00087a99      0x22f ./src/lib/cube_f103/Drivers/STM32F1xx_HAL_Driver/Src/stm32f1xx_hal_rcc.o
                              0x811ee (size before relaxing)
 .debug_str     0x00087cc8       0xb1 ./src/lib/cube_f103/Drivers/STM32F1xx_HAL_Driver/Src/stm32f1xx_hal_rcc_ex.o
                              0x80f3e (size before relaxing)
 .debug_str     0x00087d79      0x375 ./src/lib/cube_f103/Drivers/STM32F1xx_HAL_Driver/Src/stm32f1xx_hal_rtc.o
                              0x812ca (size before relaxing)
 .debug_str     0x000880ee      0x1f9 ./src/lib/cube_f103/Drivers/STM32F1xx_HAL_Driver/Src/stm32f1xx_hal_rtc_ex.o
                              0x8110c (size before relaxing)
 .debug_str     0x000882e7      0x595 ./src/lib/cube_f103/Drivers/STM32F1xx_HAL_Driver/Src/stm32f1xx_hal_uart.o
                              0x8185f (size before relaxing)
 .debug_str     0x0008887c      0x13b ./src/lib/cube_f103/Drivers/STM32F1xx_HAL_Driver/Src/stm32f1xx_ll_usb.o
                              0x81290 (size before relaxing)
 .debug_str     0x000889b7      0x65a ./src/lib/cube_f103/Middlewares/ST/STM32_USB_Device_Library/Core/Src/usbd_core.o
                              0x859a8 (size before relaxing)
 .debug_str     0x00089011      0x151 ./src/lib/cube_f103/Middlewares/ST/STM32_USB_Device_Library/Core/Src/usbd_ctlreq.o
                              0x858c2 (size before relaxing)
 .debug_str     0x00089162       0x9c ./src/lib/cube_f103/Middlewares/ST/STM32_USB_Device_Library/Core/Src/usbd_ioreq.o
                              0x857ef (size before relaxing)
 .debug_str     0x000891fe      0x38b ./src/lib/cube_f103/USB_DEVICE/Target/usbd_conf.o
                              0x86605 (size before relaxing)
 .debug_str     0x00089589       0x13 ./src/main.o
                              0x847cd (size before relaxing)

.comment        0x00000000       0x43
 .comment       0x00000000       0x43 ./src/ap/ap.o
                                 0x44 (size before relaxing)
 .comment       0x00000043       0x44 ./src/bsp/bsp.o
 .comment       0x00000043       0x44 ./src/bsp/stm32f1xx_hal_msp.o
 .comment       0x00000043       0x44 ./src/bsp/stm32f1xx_it.o
 .comment       0x00000043       0x44 ./src/bsp/system_stm32f1xx.o
 .comment       0x00000043       0x44 ./src/common/core/qbuffer.o
 .comment       0x00000043       0x44 ./src/hw/driver/button.o
 .comment       0x00000043       0x44 ./src/hw/driver/flash.o
 .comment       0x00000043       0x44 ./src/hw/driver/led.o
 .comment       0x00000043       0x44 ./src/hw/driver/reset.o
 .comment       0x00000043       0x44 ./src/hw/driver/rtc.o
 .comment       0x00000043       0x44 ./src/hw/driver/uart.o
 .comment       0x00000043       0x44 ./src/hw/hw.o
 .comment       0x00000043       0x44 ./src/lib/cube_f103/Drivers/STM32F1xx_HAL_Driver/Src/stm32f1xx_hal.o
 .comment       0x00000043       0x44 ./src/lib/cube_f103/Drivers/STM32F1xx_HAL_Driver/Src/stm32f1xx_hal_cortex.o
 .comment       0x00000043       0x44 ./src/lib/cube_f103/Drivers/STM32F1xx_HAL_Driver/Src/stm32f1xx_hal_dma.o
 .comment       0x00000043       0x44 ./src/lib/cube_f103/Drivers/STM32F1xx_HAL_Driver/Src/stm32f1xx_hal_gpio.o
 .comment       0x00000043       0x44 ./src/lib/cube_f103/Drivers/STM32F1xx_HAL_Driver/Src/stm32f1xx_hal_pcd.o
 .comment       0x00000043       0x44 ./src/lib/cube_f103/Drivers/STM32F1xx_HAL_Driver/Src/stm32f1xx_hal_pwr.o
 .comment       0x00000043       0x44 ./src/lib/cube_f103/Drivers/STM32F1xx_HAL_Driver/Src/stm32f1xx_hal_rcc.o
 .comment       0x00000043       0x44 ./src/lib/cube_f103/Drivers/STM32F1xx_HAL_Driver/Src/stm32f1xx_hal_rcc_ex.o
 .comment       0x00000043       0x44 ./src/lib/cube_f103/Drivers/STM32F1xx_HAL_Driver/Src/stm32f1xx_hal_rtc.o
 .comment       0x00000043       0x44 ./src/lib/cube_f103/Drivers/STM32F1xx_HAL_Driver/Src/stm32f1xx_hal_rtc_ex.o
 .comment       0x00000043       0x44 ./src/lib/cube_f103/Drivers/STM32F1xx_HAL_Driver/Src/stm32f1xx_hal_uart.o
 .comment       0x00000043       0x44 ./src/lib/cube_f103/Drivers/STM32F1xx_HAL_Driver/Src/stm32f1xx_ll_usb.o
 .comment       0x00000043       0x44 ./src/lib/cube_f103/Middlewares/ST/STM32_USB_Device_Library/Core/Src/usbd_core.o
 .comment       0x00000043       0x44 ./src/lib/cube_f103/Middlewares/ST/STM32_USB_Device_Library/Core/Src/usbd_ctlreq.o
 .comment       0x00000043       0x44 ./src/lib/cube_f103/Middlewares/ST/STM32_USB_Device_Library/Core/Src/usbd_ioreq.o
 .comment       0x00000043       0x44 ./src/lib/cube_f103/USB_DEVICE/Target/usbd_conf.o
 .comment       0x00000043       0x44 ./src/main.o

.debug_frame    0x00000000     0x3d78
 .debug_frame   0x00000000       0x4c ./src/ap/ap.o
 .debug_frame   0x0000004c       0xd4 ./src/bsp/bsp.o
 .debug_frame   0x00000120       0x38 ./src/bsp/stm32f1xx_hal_msp.o
 .debug_frame   0x00000158      0x158 ./src/bsp/stm32f1xx_it.o
 .debug_frame   0x000002b0       0x58 ./src/bsp/system_stm32f1xx.o
 .debug_frame   0x00000308       0xf8 ./src/common/core/qbuffer.o
 .debug_frame   0x00000400       0x58 ./src/hw/driver/button.o
 .debug_frame   0x00000458       0xd4 ./src/hw/driver/flash.o
 .debug_frame   0x0000052c       0xa0 ./src/hw/driver/led.o
 .debug_frame   0x000005cc       0x54 ./src/hw/driver/reset.o
 .debug_frame   0x00000620       0xc8 ./src/hw/driver/rtc.o
 .debug_frame   0x000006e8      0x1bc ./src/hw/driver/uart.o
 .debug_frame   0x000008a4       0x2c ./src/hw/hw.o
 .debug_frame   0x000008d0      0x334 ./src/lib/cube_f103/Drivers/STM32F1xx_HAL_Driver/Src/stm32f1xx_hal.o
 .debug_frame   0x00000c04      0x428 ./src/lib/cube_f103/Drivers/STM32F1xx_HAL_Driver/Src/stm32f1xx_hal_cortex.o
 .debug_frame   0x0000102c      0x208 ./src/lib/cube_f103/Drivers/STM32F1xx_HAL_Driver/Src/stm32f1xx_hal_dma.o
 .debug_frame   0x00001234      0x14c ./src/lib/cube_f103/Drivers/STM32F1xx_HAL_Driver/Src/stm32f1xx_hal_gpio.o
 .debug_frame   0x00001380      0x594 ./src/lib/cube_f103/Drivers/STM32F1xx_HAL_Driver/Src/stm32f1xx_hal_pcd.o
 .debug_frame   0x00001914      0x270 ./src/lib/cube_f103/Drivers/STM32F1xx_HAL_Driver/Src/stm32f1xx_hal_pwr.o
 .debug_frame   0x00001b84      0x218 ./src/lib/cube_f103/Drivers/STM32F1xx_HAL_Driver/Src/stm32f1xx_hal_rcc.o
 .debug_frame   0x00001d9c       0x80 ./src/lib/cube_f103/Drivers/STM32F1xx_HAL_Driver/Src/stm32f1xx_hal_rcc_ex.o
 .debug_frame   0x00001e1c      0x434 ./src/lib/cube_f103/Drivers/STM32F1xx_HAL_Driver/Src/stm32f1xx_hal_rtc.o
 .debug_frame   0x00002250      0x234 ./src/lib/cube_f103/Drivers/STM32F1xx_HAL_Driver/Src/stm32f1xx_hal_rtc_ex.o
 .debug_frame   0x00002484      0x944 ./src/lib/cube_f103/Drivers/STM32F1xx_HAL_Driver/Src/stm32f1xx_hal_uart.o
 .debug_frame   0x00002dc8      0x470 ./src/lib/cube_f103/Drivers/STM32F1xx_HAL_Driver/Src/stm32f1xx_ll_usb.o
 .debug_frame   0x00003238      0x300 ./src/lib/cube_f103/Middlewares/ST/STM32_USB_Device_Library/Core/Src/usbd_core.o
 .debug_frame   0x00003538      0x218 ./src/lib/cube_f103/Middlewares/ST/STM32_USB_Device_Library/Core/Src/usbd_ctlreq.o
 .debug_frame   0x00003750      0x10c ./src/lib/cube_f103/Middlewares/ST/STM32_USB_Device_Library/Core/Src/usbd_ioreq.o
 .debug_frame   0x0000385c      0x4a4 ./src/lib/cube_f103/USB_DEVICE/Target/usbd_conf.o
 .debug_frame   0x00003d00       0x2c ./src/main.o
 .debug_frame   0x00003d2c       0x20 C:/ST/STM32CubeIDE_1.16.0/STM32CubeIDE/plugins/com.st.stm32cube.ide.mcu.externaltools.gnu-tools-for-stm32.12.3.rel1.win32_1.0.200.202406191623/tools/bin/../lib/gcc/arm-none-eabi/12.3.1/../../../../arm-none-eabi/lib/thumb/v7-m/nofp\libc_nano.a(libc_a-memset.o)
 .debug_frame   0x00003d4c       0x2c C:/ST/STM32CubeIDE_1.16.0/STM32CubeIDE/plugins/com.st.stm32cube.ide.mcu.externaltools.gnu-tools-for-stm32.12.3.rel1.win32_1.0.200.202406191623/tools/bin/../lib/gcc/arm-none-eabi/12.3.1/../../../../arm-none-eabi/lib/thumb/v7-m/nofp\libc_nano.a(libc_a-init.o)

.debug_line_str
                0x00000000       0x4a
 .debug_line_str
                0x00000000       0x4a ./src/bsp/startup/startup_stm32f103rbhx.o
