Archive member included to satisfy reference by file (symbol)

C:/ST/STM32CubeIDE_1.16.0/STM32CubeIDE/plugins/com.st.stm32cube.ide.mcu.externaltools.gnu-tools-for-stm32.12.3.rel1.win32_1.0.200.202406191623/tools/bin/../lib/gcc/arm-none-eabi/12.3.1/../../../../arm-none-eabi/lib/thumb/v7-m/nofp\libc_nano.a(libc_a-exit.o)
                              C:/ST/STM32CubeIDE_1.16.0/STM32CubeIDE/plugins/com.st.stm32cube.ide.mcu.externaltools.gnu-tools-for-stm32.12.3.rel1.win32_1.0.200.202406191623/tools/bin/../lib/gcc/arm-none-eabi/12.3.1/../../../../arm-none-eabi/lib/thumb/v7-m/nofp/crt0.o (exit)
C:/ST/STM32CubeIDE_1.16.0/STM32CubeIDE/plugins/com.st.stm32cube.ide.mcu.externaltools.gnu-tools-for-stm32.12.3.rel1.win32_1.0.200.202406191623/tools/bin/../lib/gcc/arm-none-eabi/12.3.1/../../../../arm-none-eabi/lib/thumb/v7-m/nofp\libc_nano.a(libc_a-findfp.o)
                              C:/ST/STM32CubeIDE_1.16.0/STM32CubeIDE/plugins/com.st.stm32cube.ide.mcu.externaltools.gnu-tools-for-stm32.12.3.rel1.win32_1.0.200.202406191623/tools/bin/../lib/gcc/arm-none-eabi/12.3.1/../../../../arm-none-eabi/lib/thumb/v7-m/nofp\libc_nano.a(libc_a-exit.o) (__stdio_exit_handler)
C:/ST/STM32CubeIDE_1.16.0/STM32CubeIDE/plugins/com.st.stm32cube.ide.mcu.externaltools.gnu-tools-for-stm32.12.3.rel1.win32_1.0.200.202406191623/tools/bin/../lib/gcc/arm-none-eabi/12.3.1/../../../../arm-none-eabi/lib/thumb/v7-m/nofp\libc_nano.a(libc_a-fwalk.o)
                              C:/ST/STM32CubeIDE_1.16.0/STM32CubeIDE/plugins/com.st.stm32cube.ide.mcu.externaltools.gnu-tools-for-stm32.12.3.rel1.win32_1.0.200.202406191623/tools/bin/../lib/gcc/arm-none-eabi/12.3.1/../../../../arm-none-eabi/lib/thumb/v7-m/nofp\libc_nano.a(libc_a-findfp.o) (_fwalk_sglue)
C:/ST/STM32CubeIDE_1.16.0/STM32CubeIDE/plugins/com.st.stm32cube.ide.mcu.externaltools.gnu-tools-for-stm32.12.3.rel1.win32_1.0.200.202406191623/tools/bin/../lib/gcc/arm-none-eabi/12.3.1/../../../../arm-none-eabi/lib/thumb/v7-m/nofp\libc_nano.a(libc_a-printf.o)
                              ./src/ap/ap.o (printf)
C:/ST/STM32CubeIDE_1.16.0/STM32CubeIDE/plugins/com.st.stm32cube.ide.mcu.externaltools.gnu-tools-for-stm32.12.3.rel1.win32_1.0.200.202406191623/tools/bin/../lib/gcc/arm-none-eabi/12.3.1/../../../../arm-none-eabi/lib/thumb/v7-m/nofp\libc_nano.a(libc_a-puts.o)
                              ./src/ap/ap.o (puts)
C:/ST/STM32CubeIDE_1.16.0/STM32CubeIDE/plugins/com.st.stm32cube.ide.mcu.externaltools.gnu-tools-for-stm32.12.3.rel1.win32_1.0.200.202406191623/tools/bin/../lib/gcc/arm-none-eabi/12.3.1/../../../../arm-none-eabi/lib/thumb/v7-m/nofp\libc_nano.a(libc_a-stdio.o)
                              C:/ST/STM32CubeIDE_1.16.0/STM32CubeIDE/plugins/com.st.stm32cube.ide.mcu.externaltools.gnu-tools-for-stm32.12.3.rel1.win32_1.0.200.202406191623/tools/bin/../lib/gcc/arm-none-eabi/12.3.1/../../../../arm-none-eabi/lib/thumb/v7-m/nofp\libc_nano.a(libc_a-findfp.o) (__sread)
C:/ST/STM32CubeIDE_1.16.0/STM32CubeIDE/plugins/com.st.stm32cube.ide.mcu.externaltools.gnu-tools-for-stm32.12.3.rel1.win32_1.0.200.202406191623/tools/bin/../lib/gcc/arm-none-eabi/12.3.1/../../../../arm-none-eabi/lib/thumb/v7-m/nofp\libc_nano.a(libc_a-vsnprintf.o)
                              ./src/hw/driver/uart.o (vsnprintf)
C:/ST/STM32CubeIDE_1.16.0/STM32CubeIDE/plugins/com.st.stm32cube.ide.mcu.externaltools.gnu-tools-for-stm32.12.3.rel1.win32_1.0.200.202406191623/tools/bin/../lib/gcc/arm-none-eabi/12.3.1/../../../../arm-none-eabi/lib/thumb/v7-m/nofp\libc_nano.a(libc_a-wbuf.o)
                              C:/ST/STM32CubeIDE_1.16.0/STM32CubeIDE/plugins/com.st.stm32cube.ide.mcu.externaltools.gnu-tools-for-stm32.12.3.rel1.win32_1.0.200.202406191623/tools/bin/../lib/gcc/arm-none-eabi/12.3.1/../../../../arm-none-eabi/lib/thumb/v7-m/nofp\libc_nano.a(libc_a-puts.o) (__swbuf_r)
C:/ST/STM32CubeIDE_1.16.0/STM32CubeIDE/plugins/com.st.stm32cube.ide.mcu.externaltools.gnu-tools-for-stm32.12.3.rel1.win32_1.0.200.202406191623/tools/bin/../lib/gcc/arm-none-eabi/12.3.1/../../../../arm-none-eabi/lib/thumb/v7-m/nofp\libc_nano.a(libc_a-wsetup.o)
                              C:/ST/STM32CubeIDE_1.16.0/STM32CubeIDE/plugins/com.st.stm32cube.ide.mcu.externaltools.gnu-tools-for-stm32.12.3.rel1.win32_1.0.200.202406191623/tools/bin/../lib/gcc/arm-none-eabi/12.3.1/../../../../arm-none-eabi/lib/thumb/v7-m/nofp\libc_nano.a(libc_a-puts.o) (__swsetup_r)
C:/ST/STM32CubeIDE_1.16.0/STM32CubeIDE/plugins/com.st.stm32cube.ide.mcu.externaltools.gnu-tools-for-stm32.12.3.rel1.win32_1.0.200.202406191623/tools/bin/../lib/gcc/arm-none-eabi/12.3.1/../../../../arm-none-eabi/lib/thumb/v7-m/nofp\libc_nano.a(libc_a-memset.o)
                              C:/ST/STM32CubeIDE_1.16.0/STM32CubeIDE/plugins/com.st.stm32cube.ide.mcu.externaltools.gnu-tools-for-stm32.12.3.rel1.win32_1.0.200.202406191623/tools/bin/../lib/gcc/arm-none-eabi/12.3.1/../../../../arm-none-eabi/lib/thumb/v7-m/nofp/crt0.o (memset)
[...]
Memory Configuration

Name             Origin             Length             Attributes
RAM              0x20000000         0x00005000         xrw
FLASH            0x08005000         0x0001b000         xr
*default*        0x00000000         0xffffffff

Linker script and memory map

LOAD C:/ST/STM32CubeIDE_1.16.0/STM32CubeIDE/plugins/com.st.stm32cube.ide.mcu.externaltools.gnu-tools-for-stm32.12.3.rel1.win32_1.0.200.202406191623/tools/bin/../lib/gcc/arm-none-eabi/12.3.1/thumb/v7-m/nofp/crti.o
LOAD C:/ST/STM32CubeIDE_1.16.0/STM32CubeIDE/plugins/com.st.stm32cube.ide.mcu.externaltools.gnu-tools-for-stm32.12.3.rel1.win32_1.0.200.202406191623/tools/bin/../lib/gcc/arm-none-eabi/12.3.1/thumb/v7-m/nofp/crtbegin.o
LOAD C:/ST/STM32CubeIDE_1.16.0/STM32CubeIDE/plugins/com.st.stm32cube.ide.mcu.externaltools.gnu-tools-for-stm32.12.3.rel1.win32_1.0.200.202406191623/tools/bin/../lib/gcc/arm-none-eabi/12.3.1/../../../../arm-none-eabi/lib/thumb/v7-m/nofp/crt0.o
LOAD ./src/ap/ap.o
LOAD ./src/bsp/bsp.o
LOAD ./src/bsp/stm32f1xx_hal_msp.o
LOAD ./src/bsp/stm32f1xx_it.o
LOAD ./src/bsp/syscalls.o
LOAD ./src/bsp/sysmem.o
LOAD ./src/bsp/system_stm32f1xx.o
LOAD ./src/bsp/startup/startup_stm32f103rbhx.o
LOAD ./src/common/core/qbuffer.o
LOAD ./src/hw/driver/flash.o
LOAD ./src/hw/driver/led.o
LOAD ./src/hw/driver/reset.o
LOAD ./src/hw/driver/rtc.o
LOAD ./src/hw/driver/uart.o
LOAD ./src/hw/hw.o
LOAD ./src/lib/cube_f103/Drivers/STM32F1xx_HAL_Driver/Src/stm32f1xx_hal.o
LOAD ./src/lib/cube_f103/Drivers/STM32F1xx_HAL_Driver/Src/stm32f1xx_hal_cortex.o
LOAD ./src/lib/cube_f103/Drivers/STM32F1xx_HAL_Driver/Src/stm32f1xx_hal_dma.o
LOAD ./src/lib/cube_f103/Drivers/STM32F1xx_HAL_Driver/Src/stm32f1xx_hal_exti.o
LOAD ./src/lib/cube_f103/Drivers/STM32F1xx_HAL_Driver/Src/stm32f1xx_hal_flash.o
LOAD ./src/lib/cube_f103/Drivers/STM32F1xx_HAL_Driver/Src/stm32f1xx_hal_flash_ex.o
LOAD ./src/lib/cube_f103/Drivers/STM32F1xx_HAL_Driver/Src/stm32f1xx_hal_gpio.o
LOAD ./src/lib/cube_f103/Drivers/STM32F1xx_HAL_Driver/Src/stm32f1xx_hal_gpio_ex.o
LOAD ./src/lib/cube_f103/Drivers/STM32F1xx_HAL_Driver/Src/stm32f1xx_hal_pcd.o
LOAD ./src/lib/cube_f103/Drivers/STM32F1xx_HAL_Driver/Src/stm32f1xx_hal_pcd_ex.o
LOAD ./src/lib/cube_f103/Drivers/STM32F1xx_HAL_Driver/Src/stm32f1xx_hal_pwr.o
LOAD ./src/lib/cube_f103/Drivers/STM32F1xx_HAL_Driver/Src/stm32f1xx_hal_rcc.o
LOAD ./src/lib/cube_f103/Drivers/STM32F1xx_HAL_Driver/Src/stm32f1xx_hal_rcc_ex.o
LOAD ./src/lib/cube_f103/Drivers/STM32F1xx_HAL_Driver/Src/stm32f1xx_hal_rtc.o
LOAD ./src/lib/cube_f103/Drivers/STM32F1xx_HAL_Driver/Src/stm32f1xx_hal_rtc_ex.o
LOAD ./src/lib/cube_f103/Drivers/STM32F1xx_HAL_Driver/Src/stm32f1xx_hal_uart.o
LOAD ./src/lib/cube_f103/Drivers/STM32F1xx_HAL_Driver/Src/stm32f1xx_ll_usb.o
LOAD ./src/lib/cube_f103/Middlewares/ST/STM32_USB_Device_Library/Class/CDC/Src/usbd_cdc.o
LOAD ./src/lib/cube_f103/Middlewares/ST/STM32_USB_Device_Library/Core/Src/usbd_core.o
LOAD ./src/lib/cube_f103/Middlewares/ST/STM32_USB_Device_Library/Core/Src/usbd_ctlreq.o
LOAD ./src/lib/cube_f103/Middlewares/ST/STM32_USB_Device_Library/Core/Src/usbd_ioreq.o
LOAD ./src/lib/cube_f103/USB_DEVICE/App/usb_device.o
LOAD ./src/lib/cube_f103/USB_DEVICE/App/usbd_cdc_if.o
LOAD ./src/lib/cube_f103/USB_DEVICE/App/usbd_desc.o
LOAD ./src/lib/cube_f103/USB_DEVICE/Target/usbd_conf.o
LOAD ./src/main.o
START GROUP
LOAD C:/ST/STM32CubeIDE_1.16.0/STM32CubeIDE/plugins/com.st.stm32cube.ide.mcu.externaltools.gnu-tools-for-stm32.12.3.rel1.win32_1.0.200.202406191623/tools/bin/../lib/gcc/arm-none-eabi/12.3.1/../../../../arm-none-eabi/lib/thumb/v7-m/nofp\libc_nano.a
LOAD C:/ST/STM32CubeIDE_1.16.0/STM32CubeIDE/plugins/com.st.stm32cube.ide.mcu.externaltools.gnu-tools-for-stm32.12.3.rel1.win32_1.0.200.202406191623/tools/bin/../lib/gcc/arm-none-eabi/12.3.1/../../../../arm-none-eabi/lib/thumb/v7-m/nofp\libm.a
END GROUP
START GROUP
LOAD C:/ST/STM32CubeIDE_1.16.0/STM32CubeIDE/plugins/com.st.stm32cube.ide.mcu.externaltools.gnu-tools-for-stm32.12.3.rel1.win32_1.0.200.202406191623/tools/bin/../lib/gcc/arm-none-eabi/12.3.1/thumb/v7-m/nofp\libgcc.a
LOAD C:/ST/STM32CubeIDE_1.16.0/STM32CubeIDE/plugins/com.st.stm32cube.ide.mcu.externaltools.gnu-tools-for-stm32.12.3.rel1.win32_1.0.200.202406191623/tools/bin/../lib/gcc/arm-none-eabi/12.3.1/../../../../arm-none-eabi/lib/thumb/v7-m/nofp\libc_nano.a
END GROUP
START GROUP
LOAD C:/ST/STM32CubeIDE_1.16.0/STM32CubeIDE/plugins/com.st.stm32cube.ide.mcu.externaltools.gnu-tools-for-stm32.12.3.rel1.win32_1.0.200.202406191623/tools/bin/../lib/gcc/arm-none-eabi/12.3.1/thumb/v7-m/nofp\libgcc.a
LOAD C:/ST/STM32CubeIDE_1.16.0/STM32CubeIDE/plugins/com.st.stm32cube.ide.mcu.externaltools.gnu-tools-for-stm32.12.3.rel1.win32_1.0.200.202406191623/tools/bin/../lib/gcc/arm-none-eabi/12.3.1/../../../../arm-none-eabi/lib/thumb/v7-m/nofp\libc_nano.a
LOAD C:/ST/STM32CubeIDE_1.16.0/STM32CubeIDE/plugins/com.st.stm32cube.ide.mcu.externaltools.gnu-tools-for-stm32.12.3.rel1.win32_1.0.200.202406191623/tools/bin/../lib/gcc/arm-none-eabi/12.3.1/../../../../arm-none-eabi/lib/thumb/v7-m/nofp\libnosys.a
END GROUP
START GROUP
LOAD C:/ST/STM32CubeIDE_1.16.0/STM32CubeIDE/plugins/com.st.stm32cube.ide.mcu.externaltools.gnu-tools-for-stm32.12.3.rel1.win32_1.0.200.202406191623/tools/bin/../lib/gcc/arm-none-eabi/12.3.1/thumb/v7-m/nofp\libgcc.a
LOAD C:/ST/STM32CubeIDE_1.16.0/STM32CubeIDE/plugins/com.st.stm32cube.ide.mcu.externaltools.gnu-tools-for-stm32.12.3.rel1.win32_1.0.200.202406191623/tools/bin/../lib/gcc/arm-none-eabi/12.3.1/../../../../arm-none-eabi/lib/thumb/v7-m/nofp\libc_nano.a
LOAD C:/ST/STM32CubeIDE_1.16.0/STM32CubeIDE/plugins/com.st.stm32cube.ide.mcu.externaltools.gnu-tools-for-stm32.12.3.rel1.win32_1.0.200.202406191623/tools/bin/../lib/gcc/arm-none-eabi/12.3.1/../../../../arm-none-eabi/lib/thumb/v7-m/nofp\libnosys.a
END GROUP
LOAD C:/ST/STM32CubeIDE_1.16.0/STM32CubeIDE/plugins/com.st.stm32cube.ide.mcu.externaltools.gnu-tools-for-stm32.12.3.rel1.win32_1.0.200.202406191623/tools/bin/../lib/gcc/arm-none-eabi/12.3.1/thumb/v7-m/nofp/crtend.o
LOAD C:/ST/STM32CubeIDE_1.16.0/STM32CubeIDE/plugins/com.st.stm32cube.ide.mcu.externaltools.gnu-tools-for-stm32.12.3.rel1.win32_1.0.200.202406191623/tools/bin/../lib/gcc/arm-none-eabi/12.3.1/thumb/v7-m/nofp/crtn.o
                0x20005000                        _estack = (ORIGIN (RAM) + LENGTH (RAM))
                0x00000200                        _Min_Heap_Size = 0x200
                0x00000400                        _Min_Stack_Size = 0x400

.isr_vector     0x08005000      0x10c
                0x08005000                        . = ALIGN (0x4)
 *(.isr_vector)
 .isr_vector    0x08005000      0x10c ./src/bsp/startup/startup_stm32f103rbhx.o
                0x08005000                g_pfnVectors
                0x0800510c                        . = ALIGN (0x4)

.text           0x0800510c     0x9c98
                0x0800510c                        . = ALIGN (0x4)
 *(.text)
 .text          0x0800510c       0x40 C:/ST/STM32CubeIDE_1.16.0/STM32CubeIDE/plugins/com.st.stm32cube.ide.mcu.externaltools.gnu-tools-for-stm32.12.3.rel1.win32_1.0.200.202406191623/tools/bin/../lib/gcc/arm-none-eabi/12.3.1/thumb/v7-m/nofp/crtbegin.o
 *(.text*)
 .text.apInit   0x0800514c       0x1c ./src/ap/ap.o
                0x0800514c                apInit
 .text.apMain   0x08005168      0x124 ./src/ap/ap.o
                0x08005168                apMain
 .text.bspInit  0x0800528c       0x4c ./src/bsp/bsp.o
                0x0800528c                bspInit
 .text.delay    0x080052d8       0x16 ./src/bsp/bsp.o
                0x080052d8                delay
 .text.millis   0x080052ee        0xe ./src/bsp/bsp.o
                0x080052ee                millis
 .text.__io_putchar
                0x080052fc       0x1e ./src/bsp/bsp.o
                0x080052fc                __io_putchar
 .text.SystemClock_Config
                0x0800531a       0xbe ./src/bsp/bsp.o
                0x0800531a                SystemClock_Config
 .text.Error_Handler
                0x080053d8        0xc ./src/bsp/bsp.o
                0x080053d8                Error_Handler
 .text.HAL_MspInit
                0x080053e4       0x64 ./src/bsp/stm32f1xx_hal_msp.o
                0x080053e4                HAL_MspInit
 .text.NMI_Handler
                0x08005448        0x8 ./src/bsp/stm32f1xx_it.o
                0x08005448                NMI_Handler
 .text.HardFault_Handler
                0x08005450        0x8 ./src/bsp/stm32f1xx_it.o
                0x08005450                HardFault_Handler
 .text.MemManage_Handler
                0x08005458        0x8 ./src/bsp/stm32f1xx_it.o
                0x08005458                MemManage_Handler
 .text.BusFault_Handler
                0x08005460        0x8 ./src/bsp/stm32f1xx_it.o
                0x08005460                BusFault_Handler
 .text.UsageFault_Handler
                0x08005468        0x8 ./src/bsp/stm32f1xx_it.o
                0x08005468                UsageFault_Handler
 .text.SVC_Handler
                0x08005470        0xc ./src/bsp/stm32f1xx_it.o
                0x08005470                SVC_Handler
 .text.DebugMon_Handler
                0x0800547c        0xc ./src/bsp/stm32f1xx_it.o
                0x0800547c                DebugMon_Handler
 .text.PendSV_Handler
                0x08005488        0xc ./src/bsp/stm32f1xx_it.o
                0x08005488                PendSV_Handler
 .text.SysTick_Handler
                0x08005494        0xc ./src/bsp/stm32f1xx_it.o
                0x08005494                SysTick_Handler
 .text.DMA1_Channel5_IRQHandler
                0x080054a0       0x14 ./src/bsp/stm32f1xx_it.o
                0x080054a0                DMA1_Channel5_IRQHandler
 .text.USB_LP_CAN1_RX0_IRQHandler
                0x080054b4       0x14 ./src/bsp/stm32f1xx_it.o
                0x080054b4                USB_LP_CAN1_RX0_IRQHandler
 .text.USART1_IRQHandler
                0x080054c8       0x14 ./src/bsp/stm32f1xx_it.o
                0x080054c8                USART1_IRQHandler
 .text._read    0x080054dc       0x3a ./src/bsp/syscalls.o
                0x080054dc                _read
 .text._write   0x08005516       0x38 ./src/bsp/syscalls.o
                0x08005516                _write
 .text._close   0x0800554e       0x16 ./src/bsp/syscalls.o
                0x0800554e                _close
 .text._fstat   0x08005564       0x1e ./src/bsp/syscalls.o
                0x08005564                _fstat
 .text._isatty  0x08005582       0x14 ./src/bsp/syscalls.o
                0x08005582                _isatty
 .text._lseek   0x08005596       0x18 ./src/bsp/syscalls.o
                0x08005596                _lseek
 *fill*         0x080055ae        0x2 
 .text._sbrk    0x080055b0       0x6c ./src/bsp/sysmem.o
                0x080055b0                _sbrk
 .text.SystemInit
                0x0800561c       0x1c ./src/bsp/system_stm32f1xx.o
                0x0800561c                SystemInit
 .text.Reset_Handler
                0x08005638       0x48 ./src/bsp/startup/startup_stm32f103rbhx.o
                0x08005638                Reset_Handler
 .text.Default_Handler
                0x08005680        0x2 ./src/bsp/startup/startup_stm32f103rbhx.o
                0x08005680                RTC_Alarm_IRQHandler
                0x08005680                EXTI2_IRQHandler
                0x08005680                TIM1_CC_IRQHandler
                0x08005680                PVD_IRQHandler
                0x08005680                EXTI3_IRQHandler
                0x08005680                EXTI0_IRQHandler
                0x08005680                I2C2_EV_IRQHandler
                0x08005680                ADC1_2_IRQHandler
                0x08005680                SPI1_IRQHandler
                0x08005680                TAMPER_IRQHandler
                0x08005680                DMA1_Channel4_IRQHandler
                0x08005680                USART3_IRQHandler
                0x08005680                RTC_IRQHandler
                0x08005680                DMA1_Channel7_IRQHandler
                0x08005680                CAN1_RX1_IRQHandler
                0x08005680                TIM4_IRQHandler
                0x08005680                I2C1_EV_IRQHandler
                0x08005680                DMA1_Channel6_IRQHandler
                0x08005680                TIM3_IRQHandler
                0x08005680                RCC_IRQHandler
                0x08005680                TIM1_TRG_COM_IRQHandler
                0x08005680                DMA1_Channel1_IRQHandler
                0x08005680                Default_Handler
                0x08005680                EXTI15_10_IRQHandler
                0x08005680                EXTI9_5_IRQHandler
                0x08005680                SPI2_IRQHandler
                0x08005680                EXTI4_IRQHandler
                0x08005680                USB_HP_CAN1_TX_IRQHandler
                0x08005680                DMA1_Channel3_IRQHandler
                0x08005680                TIM1_UP_IRQHandler
                0x08005680                WWDG_IRQHandler
                0x08005680                TIM2_IRQHandler
                0x08005680                TIM1_BRK_IRQHandler
                0x08005680                EXTI1_IRQHandler
                0x08005680                USART2_IRQHandler
                0x08005680                I2C2_ER_IRQHandler
                0x08005680                DMA1_Channel2_IRQHandler
                0x08005680                CAN1_SCE_IRQHandler
                0x08005680                FLASH_IRQHandler
                0x08005680                I2C1_ER_IRQHandler
                0x08005680                USBWakeUp_IRQHandler
 .text.qbufferCreate
                0x08005682       0x34 ./src/common/core/qbuffer.o
                0x08005682                qbufferCreate
 .text.qbufferWrite
                0x080056b6       0x7a ./src/common/core/qbuffer.o
                0x080056b6                qbufferWrite
 .text.qbufferRead
                0x08005730       0x7e ./src/common/core/qbuffer.o
                0x08005730                qbufferRead
 .text.qbufferAvailable
                0x080057ae       0x2e ./src/common/core/qbuffer.o
                0x080057ae                qbufferAvailable
 .text.flashInit
                0x080057dc       0x48 ./src/hw/driver/flash.o
                0x080057dc                flashInit
 .text.flashErase
                0x08005824       0xac ./src/hw/driver/flash.o
                0x08005824                flashErase
 .text.flashWrite
                0x080058d0       0x8c ./src/hw/driver/flash.o
                0x080058d0                flashWrite
 .text.flashRead
                0x0800595c       0x44 ./src/hw/driver/flash.o
                0x0800595c                flashRead
 .text.flashInSector
                0x080059a0       0xb0 ./src/hw/driver/flash.o
 .text.ledInit  0x08005a50       0x8c ./src/hw/driver/led.o
                0x08005a50                ledInit
 .text.ledOff   0x08005adc       0x40 ./src/hw/driver/led.o
                0x08005adc                ledOff
 .text.ledToggle
                0x08005b1c       0x38 ./src/hw/driver/led.o
                0x08005b1c                ledToggle
 .text.resetInit
                0x08005b54       0x58 ./src/hw/driver/reset.o
                0x08005b54                resetInit
 .text.rtcInit  0x08005bac       0x60 ./src/hw/driver/rtc.o
                0x08005bac                rtcInit
 .text.rtcBackupRegRead
                0x08005c0c       0x20 ./src/hw/driver/rtc.o
                0x08005c0c                rtcBackupRegRead
 .text.rtcBackupRegWrite
                0x08005c2c       0x20 ./src/hw/driver/rtc.o
                0x08005c2c                rtcBackupRegWrite
 .text.HAL_RTC_MspInit
                0x08005c4c       0x48 ./src/hw/driver/rtc.o
                0x08005c4c                HAL_RTC_MspInit
 .text.uartInit
                0x08005c94       0x34 ./src/hw/driver/uart.o
                0x08005c94                uartInit
 .text.uartOpen
                0x08005cc8      0x12c ./src/hw/driver/uart.o
                0x08005cc8                uartOpen
 .text.uartAvailable
                0x08005df4       0x54 ./src/hw/driver/uart.o
                0x08005df4                uartAvailable
 .text.uartRead
                0x08005e48       0x38 ./src/hw/driver/uart.o
                0x08005e48                uartRead
 .text.uartWrite
                0x08005e80       0x50 ./src/hw/driver/uart.o
                0x08005e80                uartWrite
 .text.HAL_UART_ErrorCallback
                0x08005ed0       0x12 ./src/hw/driver/uart.o
                0x08005ed0                HAL_UART_ErrorCallback
 *fill*         0x08005ee2        0x2 
 .text.HAL_UART_RxCpltCallback
                0x08005ee4       0x40 ./src/hw/driver/uart.o
                0x08005ee4                HAL_UART_RxCpltCallback
 .text.HAL_UART_MspInit
                0x08005f24       0xfc ./src/hw/driver/uart.o
                0x08005f24                HAL_UART_MspInit
 .text.HAL_UART_MspDeInit
                0x08006020       0x4c ./src/hw/driver/uart.o
                0x08006020                HAL_UART_MspDeInit
 .text.hwInit   0x0800606c       0x20 ./src/hw/hw.o
                0x0800606c                hwInit
 .text.HAL_Init
                0x0800608c       0x2c ./src/lib/cube_f103/Drivers/STM32F1xx_HAL_Driver/Src/stm32f1xx_hal.o
                0x0800608c                HAL_Init
 .text.HAL_InitTick
                0x080060b8       0x60 ./src/lib/cube_f103/Drivers/STM32F1xx_HAL_Driver/Src/stm32f1xx_hal.o
                0x080060b8                HAL_InitTick
 .text.HAL_IncTick
                0x08006118       0x24 ./src/lib/cube_f103/Drivers/STM32F1xx_HAL_Driver/Src/stm32f1xx_hal.o
                0x08006118                HAL_IncTick
 .text.HAL_GetTick
                0x0800613c       0x14 ./src/lib/cube_f103/Drivers/STM32F1xx_HAL_Driver/Src/stm32f1xx_hal.o
                0x0800613c                HAL_GetTick
 .text.HAL_Delay
                0x08006150       0x48 ./src/lib/cube_f103/Drivers/STM32F1xx_HAL_Driver/Src/stm32f1xx_hal.o
                0x08006150                HAL_Delay
 .text.__NVIC_SetPriorityGrouping
                0x08006198       0x48 ./src/lib/cube_f103/Drivers/STM32F1xx_HAL_Driver/Src/stm32f1xx_hal_cortex.o
 .text.__NVIC_GetPriorityGrouping
                0x080061e0       0x1c ./src/lib/cube_f103/Drivers/STM32F1xx_HAL_Driver/Src/stm32f1xx_hal_cortex.o
 .text.__NVIC_EnableIRQ
                0x080061fc       0x38 ./src/lib/cube_f103/Drivers/STM32F1xx_HAL_Driver/Src/stm32f1xx_hal_cortex.o
 .text.__NVIC_DisableIRQ
                0x08006234       0x48 ./src/lib/cube_f103/Drivers/STM32F1xx_HAL_Driver/Src/stm32f1xx_hal_cortex.o
 .text.__NVIC_SetPriority
                0x0800627c       0x54 ./src/lib/cube_f103/Drivers/STM32F1xx_HAL_Driver/Src/stm32f1xx_hal_cortex.o
 .text.NVIC_EncodePriority
                0x080062d0       0x64 ./src/lib/cube_f103/Drivers/STM32F1xx_HAL_Driver/Src/stm32f1xx_hal_cortex.o
 .text.SysTick_Config
                0x08006334       0x44 ./src/lib/cube_f103/Drivers/STM32F1xx_HAL_Driver/Src/stm32f1xx_hal_cortex.o
 .text.HAL_NVIC_SetPriorityGrouping
                0x08006378       0x16 ./src/lib/cube_f103/Drivers/STM32F1xx_HAL_Driver/Src/stm32f1xx_hal_cortex.o
                0x08006378                HAL_NVIC_SetPriorityGrouping
 .text.HAL_NVIC_SetPriority
                0x0800638e       0x38 ./src/lib/cube_f103/Drivers/STM32F1xx_HAL_Driver/Src/stm32f1xx_hal_cortex.o
                0x0800638e                HAL_NVIC_SetPriority
 .text.HAL_NVIC_EnableIRQ
                0x080063c6       0x1c ./src/lib/cube_f103/Drivers/STM32F1xx_HAL_Driver/Src/stm32f1xx_hal_cortex.o
                0x080063c6                HAL_NVIC_EnableIRQ
 .text.HAL_NVIC_DisableIRQ
                0x080063e2       0x1c ./src/lib/cube_f103/Drivers/STM32F1xx_HAL_Driver/Src/stm32f1xx_hal_cortex.o
                0x080063e2                HAL_NVIC_DisableIRQ
 .text.HAL_SYSTICK_Config
                0x080063fe       0x18 ./src/lib/cube_f103/Drivers/STM32F1xx_HAL_Driver/Src/stm32f1xx_hal_cortex.o
                0x080063fe                HAL_SYSTICK_Config
 *fill*         0x08006416        0x2 
 .text.HAL_DMA_Init
                0x08006418       0xb4 ./src/lib/cube_f103/Drivers/STM32F1xx_HAL_Driver/Src/stm32f1xx_hal_dma.o
                0x08006418                HAL_DMA_Init
 .text.HAL_DMA_DeInit
                0x080064cc       0xb8 ./src/lib/cube_f103/Drivers/STM32F1xx_HAL_Driver/Src/stm32f1xx_hal_dma.o
                0x080064cc                HAL_DMA_DeInit
 .text.HAL_DMA_Start_IT
                0x08006584       0xc0 ./src/lib/cube_f103/Drivers/STM32F1xx_HAL_Driver/Src/stm32f1xx_hal_dma.o
                0x08006584                HAL_DMA_Start_IT
 .text.HAL_DMA_Abort
                0x08006644       0x76 ./src/lib/cube_f103/Drivers/STM32F1xx_HAL_Driver/Src/stm32f1xx_hal_dma.o
                0x08006644                HAL_DMA_Abort
 *fill*         0x080066ba        0x2 
 .text.HAL_DMA_Abort_IT
                0x080066bc       0xf0 ./src/lib/cube_f103/Drivers/STM32F1xx_HAL_Driver/Src/stm32f1xx_hal_dma.o
                0x080066bc                HAL_DMA_Abort_IT
 .text.HAL_DMA_IRQHandler
                0x080067ac      0x20c ./src/lib/cube_f103/Drivers/STM32F1xx_HAL_Driver/Src/stm32f1xx_hal_dma.o
                0x080067ac                HAL_DMA_IRQHandler
 .text.DMA_SetConfig
                0x080069b8       0x5a ./src/lib/cube_f103/Drivers/STM32F1xx_HAL_Driver/Src/stm32f1xx_hal_dma.o
 *fill*         0x08006a12        0x2 
 .text.HAL_FLASH_Program
                0x08006a14       0xe0 ./src/lib/cube_f103/Drivers/STM32F1xx_HAL_Driver/Src/stm32f1xx_hal_flash.o
                0x08006a14                HAL_FLASH_Program
 .text.HAL_FLASH_Unlock
                0x08006af4       0x4c ./src/lib/cube_f103/Drivers/STM32F1xx_HAL_Driver/Src/stm32f1xx_hal_flash.o
                0x08006af4                HAL_FLASH_Unlock
 .text.HAL_FLASH_Lock
                0x08006b40       0x20 ./src/lib/cube_f103/Drivers/STM32F1xx_HAL_Driver/Src/stm32f1xx_hal_flash.o
                0x08006b40                HAL_FLASH_Lock
 .text.FLASH_Program_HalfWord
                0x08006b60       0x38 ./src/lib/cube_f103/Drivers/STM32F1xx_HAL_Driver/Src/stm32f1xx_hal_flash.o
 .text.FLASH_WaitForLastOperation
                0x08006b98       0x8c ./src/lib/cube_f103/Drivers/STM32F1xx_HAL_Driver/Src/stm32f1xx_hal_flash.o
                0x08006b98                FLASH_WaitForLastOperation
 .text.FLASH_SetErrorCode
                0x08006c24       0xa0 ./src/lib/cube_f103/Drivers/STM32F1xx_HAL_Driver/Src/stm32f1xx_hal_flash.o
 .text.HAL_FLASHEx_Erase
                0x08006cc4       0xd8 ./src/lib/cube_f103/Drivers/STM32F1xx_HAL_Driver/Src/stm32f1xx_hal_flash_ex.o
                0x08006cc4                HAL_FLASHEx_Erase
 .text.FLASH_MassErase
                0x08006d9c       0x38 ./src/lib/cube_f103/Drivers/STM32F1xx_HAL_Driver/Src/stm32f1xx_hal_flash_ex.o
 .text.FLASH_PageErase
                0x08006dd4       0x40 ./src/lib/cube_f103/Drivers/STM32F1xx_HAL_Driver/Src/stm32f1xx_hal_flash_ex.o
                0x08006dd4                FLASH_PageErase
 .text.HAL_GPIO_Init
                0x08006e14      0x308 ./src/lib/cube_f103/Drivers/STM32F1xx_HAL_Driver/Src/stm32f1xx_hal_gpio.o
                0x08006e14                HAL_GPIO_Init
 .text.HAL_GPIO_DeInit
                0x0800711c      0x178 ./src/lib/cube_f103/Drivers/STM32F1xx_HAL_Driver/Src/stm32f1xx_hal_gpio.o
                0x0800711c                HAL_GPIO_DeInit
 .text.HAL_GPIO_WritePin
                0x08007294       0x30 ./src/lib/cube_f103/Drivers/STM32F1xx_HAL_Driver/Src/stm32f1xx_hal_gpio.o
                0x08007294                HAL_GPIO_WritePin
 .text.HAL_GPIO_TogglePin
                0x080072c4       0x32 ./src/lib/cube_f103/Drivers/STM32F1xx_HAL_Driver/Src/stm32f1xx_hal_gpio.o
                0x080072c4                HAL_GPIO_TogglePin
 .text.HAL_PCD_IRQHandler
                0x080072f6      0x260 ./src/lib/cube_f103/Drivers/STM32F1xx_HAL_Driver/Src/stm32f1xx_hal_pcd.o
                0x080072f6                HAL_PCD_IRQHandler
 .text.HAL_PCD_SetAddress
                0x08007556       0x48 ./src/lib/cube_f103/Drivers/STM32F1xx_HAL_Driver/Src/stm32f1xx_hal_pcd.o
                0x08007556                HAL_PCD_SetAddress
 .text.HAL_PCD_EP_Open
                0x0800759e       0xba ./src/lib/cube_f103/Drivers/STM32F1xx_HAL_Driver/Src/stm32f1xx_hal_pcd.o
                0x0800759e                HAL_PCD_EP_Open
 .text.HAL_PCD_EP_Receive
                0x08007658       0x62 ./src/lib/cube_f103/Drivers/STM32F1xx_HAL_Driver/Src/stm32f1xx_hal_pcd.o
                0x08007658                HAL_PCD_EP_Receive
 .text.HAL_PCD_EP_Transmit
                0x080076ba       0x6e ./src/lib/cube_f103/Drivers/STM32F1xx_HAL_Driver/Src/stm32f1xx_hal_pcd.o
                0x080076ba                HAL_PCD_EP_Transmit
 .text.HAL_PCD_EP_SetStall
                0x08007728       0xc0 ./src/lib/cube_f103/Drivers/STM32F1xx_HAL_Driver/Src/stm32f1xx_hal_pcd.o
                0x08007728                HAL_PCD_EP_SetStall
 .text.HAL_PCD_EP_ClrStall
                0x080077e8       0xa8 ./src/lib/cube_f103/Drivers/STM32F1xx_HAL_Driver/Src/stm32f1xx_hal_pcd.o
                0x080077e8                HAL_PCD_EP_ClrStall
 .text.PCD_EP_ISR_Handler
                0x08007890      0x79e ./src/lib/cube_f103/Drivers/STM32F1xx_HAL_Driver/Src/stm32f1xx_hal_pcd.o
 .text.HAL_PCD_EP_DB_Receive
                0x0800802e      0x21a ./src/lib/cube_f103/Drivers/STM32F1xx_HAL_Driver/Src/stm32f1xx_hal_pcd.o
 .text.HAL_PCD_EP_DB_Transmit
                0x08008248      0x7f4 ./src/lib/cube_f103/Drivers/STM32F1xx_HAL_Driver/Src/stm32f1xx_hal_pcd.o
 .text.HAL_PWR_EnableBkUpAccess
                0x08008a3c       0x18 ./src/lib/cube_f103/Drivers/STM32F1xx_HAL_Driver/Src/stm32f1xx_hal_pwr.o
                0x08008a3c                HAL_PWR_EnableBkUpAccess
 .text.HAL_RCC_OscConfig
                0x08008a54      0x504 ./src/lib/cube_f103/Drivers/STM32F1xx_HAL_Driver/Src/stm32f1xx_hal_rcc.o
                0x08008a54                HAL_RCC_OscConfig
 .text.HAL_RCC_ClockConfig
                0x08008f58      0x1d4 ./src/lib/cube_f103/Drivers/STM32F1xx_HAL_Driver/Src/stm32f1xx_hal_rcc.o
                0x08008f58                HAL_RCC_ClockConfig
 .text.HAL_RCC_GetSysClockFreq
                0x0800912c       0xa8 ./src/lib/cube_f103/Drivers/STM32F1xx_HAL_Driver/Src/stm32f1xx_hal_rcc.o
                0x0800912c                HAL_RCC_GetSysClockFreq
 .text.HAL_RCC_GetHCLKFreq
                0x080091d4       0x14 ./src/lib/cube_f103/Drivers/STM32F1xx_HAL_Driver/Src/stm32f1xx_hal_rcc.o
                0x080091d4                HAL_RCC_GetHCLKFreq
 .text.HAL_RCC_GetPCLK1Freq
                0x080091e8       0x28 ./src/lib/cube_f103/Drivers/STM32F1xx_HAL_Driver/Src/stm32f1xx_hal_rcc.o
                0x080091e8                HAL_RCC_GetPCLK1Freq
 .text.HAL_RCC_GetPCLK2Freq
                0x08009210       0x28 ./src/lib/cube_f103/Drivers/STM32F1xx_HAL_Driver/Src/stm32f1xx_hal_rcc.o
                0x08009210                HAL_RCC_GetPCLK2Freq
 .text.RCC_Delay
                0x08009238       0x3c ./src/lib/cube_f103/Drivers/STM32F1xx_HAL_Driver/Src/stm32f1xx_hal_rcc.o
 .text.HAL_RCCEx_PeriphCLKConfig
                0x08009274      0x16c ./src/lib/cube_f103/Drivers/STM32F1xx_HAL_Driver/Src/stm32f1xx_hal_rcc_ex.o
                0x08009274                HAL_RCCEx_PeriphCLKConfig
 .text.HAL_RCCEx_GetPeriphCLKFreq
                0x080093e0      0x16c ./src/lib/cube_f103/Drivers/STM32F1xx_HAL_Driver/Src/stm32f1xx_hal_rcc_ex.o
                0x080093e0                HAL_RCCEx_GetPeriphCLKFreq
 .text.HAL_RTC_Init
                0x0800954c      0x118 ./src/lib/cube_f103/Drivers/STM32F1xx_HAL_Driver/Src/stm32f1xx_hal_rtc.o
                0x0800954c                HAL_RTC_Init
 .text.HAL_RTC_WaitForSynchro
                0x08009664       0x5a ./src/lib/cube_f103/Drivers/STM32F1xx_HAL_Driver/Src/stm32f1xx_hal_rtc.o
                0x08009664                HAL_RTC_WaitForSynchro
 .text.RTC_EnterInitMode
                0x080096be       0x50 ./src/lib/cube_f103/Drivers/STM32F1xx_HAL_Driver/Src/stm32f1xx_hal_rtc.o
 .text.RTC_ExitInitMode
                0x0800970e       0x50 ./src/lib/cube_f103/Drivers/STM32F1xx_HAL_Driver/Src/stm32f1xx_hal_rtc.o
 *fill*         0x0800975e        0x2 
 .text.HAL_RTCEx_BKUPWrite
                0x08009760       0x34 ./src/lib/cube_f103/Drivers/STM32F1xx_HAL_Driver/Src/stm32f1xx_hal_rtc_ex.o
                0x08009760                HAL_RTCEx_BKUPWrite
 .text.HAL_RTCEx_BKUPRead
                0x08009794       0x38 ./src/lib/cube_f103/Drivers/STM32F1xx_HAL_Driver/Src/stm32f1xx_hal_rtc_ex.o
                0x08009794                HAL_RTCEx_BKUPRead
 .text.HAL_UART_Init
                0x080097cc       0xa0 ./src/lib/cube_f103/Drivers/STM32F1xx_HAL_Driver/Src/stm32f1xx_hal_uart.o
                0x080097cc                HAL_UART_Init
 .text.HAL_UART_DeInit
                0x0800986c       0x64 ./src/lib/cube_f103/Drivers/STM32F1xx_HAL_Driver/Src/stm32f1xx_hal_uart.o
                0x0800986c                HAL_UART_DeInit
 .text.HAL_UART_Transmit
                0x080098d0      0x116 ./src/lib/cube_f103/Drivers/STM32F1xx_HAL_Driver/Src/stm32f1xx_hal_uart.o
                0x080098d0                HAL_UART_Transmit
 .text.HAL_UART_Receive_IT
                0x080099e6       0x4a ./src/lib/cube_f103/Drivers/STM32F1xx_HAL_Driver/Src/stm32f1xx_hal_uart.o
                0x080099e6                HAL_UART_Receive_IT
 .text.HAL_UART_Receive_DMA
                0x08009a30       0x4a ./src/lib/cube_f103/Drivers/STM32F1xx_HAL_Driver/Src/stm32f1xx_hal_uart.o
                0x08009a30                HAL_UART_Receive_DMA
 *fill*         0x08009a7a        0x2 
 .text.HAL_UART_IRQHandler
                0x08009a7c      0x524 ./src/lib/cube_f103/Drivers/STM32F1xx_HAL_Driver/Src/stm32f1xx_hal_uart.o
                0x08009a7c                HAL_UART_IRQHandler
 .text.HAL_UART_TxCpltCallback
                0x08009fa0       0x12 ./src/lib/cube_f103/Drivers/STM32F1xx_HAL_Driver/Src/stm32f1xx_hal_uart.o
                0x08009fa0                HAL_UART_TxCpltCallback
 .text.HAL_UART_RxHalfCpltCallback
                0x08009fb2       0x12 ./src/lib/cube_f103/Drivers/STM32F1xx_HAL_Driver/Src/stm32f1xx_hal_uart.o
                0x08009fb2                HAL_UART_RxHalfCpltCallback
 .text.HAL_UARTEx_RxEventCallback
                0x08009fc4       0x16 ./src/lib/cube_f103/Drivers/STM32F1xx_HAL_Driver/Src/stm32f1xx_hal_uart.o
                0x08009fc4                HAL_UARTEx_RxEventCallback
 .text.UART_DMAReceiveCplt
                0x08009fda      0x12c ./src/lib/cube_f103/Drivers/STM32F1xx_HAL_Driver/Src/stm32f1xx_hal_uart.o
 .text.UART_DMARxHalfCplt
                0x0800a106       0x3c ./src/lib/cube_f103/Drivers/STM32F1xx_HAL_Driver/Src/stm32f1xx_hal_uart.o
 .text.UART_DMAError
                0x0800a142       0x94 ./src/lib/cube_f103/Drivers/STM32F1xx_HAL_Driver/Src/stm32f1xx_hal_uart.o
 .text.UART_WaitOnFlagUntilTimeout
                0x0800a1d6       0xb2 ./src/lib/cube_f103/Drivers/STM32F1xx_HAL_Driver/Src/stm32f1xx_hal_uart.o
 .text.UART_Start_Receive_IT
                0x0800a288       0x72 ./src/lib/cube_f103/Drivers/STM32F1xx_HAL_Driver/Src/stm32f1xx_hal_uart.o
                0x0800a288                UART_Start_Receive_IT
 *fill*         0x0800a2fa        0x2 
 .text.UART_Start_Receive_DMA
                0x0800a2fc      0x134 ./src/lib/cube_f103/Drivers/STM32F1xx_HAL_Driver/Src/stm32f1xx_hal_uart.o
                0x0800a2fc                UART_Start_Receive_DMA
 .text.UART_EndTxTransfer
                0x0800a430       0x4e ./src/lib/cube_f103/Drivers/STM32F1xx_HAL_Driver/Src/stm32f1xx_hal_uart.o
 .text.UART_EndRxTransfer
                0x0800a47e       0xc4 ./src/lib/cube_f103/Drivers/STM32F1xx_HAL_Driver/Src/stm32f1xx_hal_uart.o
 .text.UART_DMAAbortOnError
                0x0800a542       0x28 ./src/lib/cube_f103/Drivers/STM32F1xx_HAL_Driver/Src/stm32f1xx_hal_uart.o
 .text.UART_Transmit_IT
                0x0800a56a       0x9e ./src/lib/cube_f103/Drivers/STM32F1xx_HAL_Driver/Src/stm32f1xx_hal_uart.o
 .text.UART_EndTransmit_IT
                0x0800a608       0x30 ./src/lib/cube_f103/Drivers/STM32F1xx_HAL_Driver/Src/stm32f1xx_hal_uart.o
 .text.UART_Receive_IT
                0x0800a638      0x17c ./src/lib/cube_f103/Drivers/STM32F1xx_HAL_Driver/Src/stm32f1xx_hal_uart.o
 .text.UART_SetConfig
                0x0800a7b4      0x11c ./src/lib/cube_f103/Drivers/STM32F1xx_HAL_Driver/Src/stm32f1xx_hal_uart.o
 .text.USB_ActivateEndpoint
                0x0800a8d0      0x780 ./src/lib/cube_f103/Drivers/STM32F1xx_HAL_Driver/Src/stm32f1xx_ll_usb.o
                0x0800a8d0                USB_ActivateEndpoint
 .text.USB_EPStartXfer
                0x0800b050     0x1762 ./src/lib/cube_f103/Drivers/STM32F1xx_HAL_Driver/Src/stm32f1xx_ll_usb.o
                0x0800b050                USB_EPStartXfer
 .text.USB_EPSetStall
                0x0800c7b2       0xa0 ./src/lib/cube_f103/Drivers/STM32F1xx_HAL_Driver/Src/stm32f1xx_ll_usb.o
                0x0800c7b2                USB_EPSetStall
 .text.USB_EPClearStall
                0x0800c852      0x15a ./src/lib/cube_f103/Drivers/STM32F1xx_HAL_Driver/Src/stm32f1xx_ll_usb.o
                0x0800c852                USB_EPClearStall
 .text.USB_SetDevAddress
                0x0800c9ac       0x26 ./src/lib/cube_f103/Drivers/STM32F1xx_HAL_Driver/Src/stm32f1xx_ll_usb.o
                0x0800c9ac                USB_SetDevAddress
 .text.USB_ReadInterrupts
                0x0800c9d2       0x1e ./src/lib/cube_f103/Drivers/STM32F1xx_HAL_Driver/Src/stm32f1xx_ll_usb.o
                0x0800c9d2                USB_ReadInterrupts
 .text.USB_EP0_OutStart
                0x0800c9f0       0x16 ./src/lib/cube_f103/Drivers/STM32F1xx_HAL_Driver/Src/stm32f1xx_ll_usb.o
                0x0800c9f0                USB_EP0_OutStart
 .text.USB_WritePMA
                0x0800ca06       0x8a ./src/lib/cube_f103/Drivers/STM32F1xx_HAL_Driver/Src/stm32f1xx_ll_usb.o
                0x0800ca06                USB_WritePMA
 .text.USB_ReadPMA
                0x0800ca90       0x9e ./src/lib/cube_f103/Drivers/STM32F1xx_HAL_Driver/Src/stm32f1xx_ll_usb.o
                0x0800ca90                USB_ReadPMA
 .text.USBD_RunTestMode
                0x0800cb2e       0x14 ./src/lib/cube_f103/Middlewares/ST/STM32_USB_Device_Library/Core/Src/usbd_core.o
                0x0800cb2e                USBD_RunTestMode
 .text.USBD_SetClassConfig
                0x0800cb42       0x3e ./src/lib/cube_f103/Middlewares/ST/STM32_USB_Device_Library/Core/Src/usbd_core.o
                0x0800cb42                USBD_SetClassConfig
 .text.USBD_ClrClassConfig
                0x0800cb80       0x26 ./src/lib/cube_f103/Middlewares/ST/STM32_USB_Device_Library/Core/Src/usbd_core.o
                0x0800cb80                USBD_ClrClassConfig
 .text.USBD_LL_SetupStage
                0x0800cba6       0x9a ./src/lib/cube_f103/Middlewares/ST/STM32_USB_Device_Library/Core/Src/usbd_core.o
                0x0800cba6                USBD_LL_SetupStage
 .text.USBD_LL_DataOutStage
                0x0800cc40       0xe2 ./src/lib/cube_f103/Middlewares/ST/STM32_USB_Device_Library/Core/Src/usbd_core.o
                0x0800cc40                USBD_LL_DataOutStage
 .text.USBD_LL_DataInStage
                0x0800cd22      0x14a ./src/lib/cube_f103/Middlewares/ST/STM32_USB_Device_Library/Core/Src/usbd_core.o
                0x0800cd22                USBD_LL_DataInStage
 .text.USBD_LL_Reset
                0x0800ce6c       0x82 ./src/lib/cube_f103/Middlewares/ST/STM32_USB_Device_Library/Core/Src/usbd_core.o
                0x0800ce6c                USBD_LL_Reset
 .text.USBD_LL_SetSpeed
                0x0800ceee       0x1e ./src/lib/cube_f103/Middlewares/ST/STM32_USB_Device_Library/Core/Src/usbd_core.o
                0x0800ceee                USBD_LL_SetSpeed
 .text.USBD_LL_Suspend
                0x0800cf0c       0x28 ./src/lib/cube_f103/Middlewares/ST/STM32_USB_Device_Library/Core/Src/usbd_core.o
                0x0800cf0c                USBD_LL_Suspend
 .text.USBD_LL_Resume
                0x0800cf34       0x2a ./src/lib/cube_f103/Middlewares/ST/STM32_USB_Device_Library/Core/Src/usbd_core.o
                0x0800cf34                USBD_LL_Resume
 .text.USBD_LL_SOF
                0x0800cf5e       0x34 ./src/lib/cube_f103/Middlewares/ST/STM32_USB_Device_Library/Core/Src/usbd_core.o
                0x0800cf5e                USBD_LL_SOF
 *fill*         0x0800cf92        0x2 
 .text.USBD_StdDevReq
                0x0800cf94       0xd4 ./src/lib/cube_f103/Middlewares/ST/STM32_USB_Device_Library/Core/Src/usbd_ctlreq.o
                0x0800cf94                USBD_StdDevReq
 .text.USBD_StdItfReq
                0x0800d068       0x90 ./src/lib/cube_f103/Middlewares/ST/STM32_USB_Device_Library/Core/Src/usbd_ctlreq.o
                0x0800d068                USBD_StdItfReq
 .text.USBD_StdEPReq
                0x0800d0f8      0x2c6 ./src/lib/cube_f103/Middlewares/ST/STM32_USB_Device_Library/Core/Src/usbd_ctlreq.o
                0x0800d0f8                USBD_StdEPReq
 *fill*         0x0800d3be        0x2 
 .text.USBD_GetDescriptor
                0x0800d3c0      0x2d0 ./src/lib/cube_f103/Middlewares/ST/STM32_USB_Device_Library/Core/Src/usbd_ctlreq.o
 .text.USBD_SetAddress
                0x0800d690       0x86 ./src/lib/cube_f103/Middlewares/ST/STM32_USB_Device_Library/Core/Src/usbd_ctlreq.o
 *fill*         0x0800d716        0x2 
 .text.USBD_SetConfig
                0x0800d718      0x11c ./src/lib/cube_f103/Middlewares/ST/STM32_USB_Device_Library/Core/Src/usbd_ctlreq.o
 .text.USBD_GetConfig
                0x0800d834       0x6a ./src/lib/cube_f103/Middlewares/ST/STM32_USB_Device_Library/Core/Src/usbd_ctlreq.o
 .text.USBD_GetStatus
                0x0800d89e       0x66 ./src/lib/cube_f103/Middlewares/ST/STM32_USB_Device_Library/Core/Src/usbd_ctlreq.o
 .text.USBD_SetFeature
                0x0800d904       0x28 ./src/lib/cube_f103/Middlewares/ST/STM32_USB_Device_Library/Core/Src/usbd_ctlreq.o
 .text.USBD_ClrFeature
                0x0800d92c       0x42 ./src/lib/cube_f103/Middlewares/ST/STM32_USB_Device_Library/Core/Src/usbd_ctlreq.o
 .text.USBD_ParseSetupRequest
                0x0800d96e       0x72 ./src/lib/cube_f103/Middlewares/ST/STM32_USB_Device_Library/Core/Src/usbd_ctlreq.o
                0x0800d96e                USBD_ParseSetupRequest
 .text.USBD_CtlError
                0x0800d9e0       0x22 ./src/lib/cube_f103/Middlewares/ST/STM32_USB_Device_Library/Core/Src/usbd_ctlreq.o
                0x0800d9e0                USBD_CtlError
 .text.USBD_CtlSendData
                0x0800da02       0x38 ./src/lib/cube_f103/Middlewares/ST/STM32_USB_Device_Library/Core/Src/usbd_ioreq.o
                0x0800da02                USBD_CtlSendData
 .text.USBD_CtlContinueSendData
                0x0800da3a       0x24 ./src/lib/cube_f103/Middlewares/ST/STM32_USB_Device_Library/Core/Src/usbd_ioreq.o
                0x0800da3a                USBD_CtlContinueSendData
 .text.USBD_CtlContinueRx
                0x0800da5e       0x24 ./src/lib/cube_f103/Middlewares/ST/STM32_USB_Device_Library/Core/Src/usbd_ioreq.o
                0x0800da5e                USBD_CtlContinueRx
 .text.USBD_CtlSendStatus
                0x0800da82       0x26 ./src/lib/cube_f103/Middlewares/ST/STM32_USB_Device_Library/Core/Src/usbd_ioreq.o
                0x0800da82                USBD_CtlSendStatus
 .text.USBD_CtlReceiveStatus
                0x0800daa8       0x26 ./src/lib/cube_f103/Middlewares/ST/STM32_USB_Device_Library/Core/Src/usbd_ioreq.o
                0x0800daa8                USBD_CtlReceiveStatus
 .text.HAL_PCD_SetupStageCallback
                0x0800dace       0x24 ./src/lib/cube_f103/USB_DEVICE/Target/usbd_conf.o
                0x0800dace                HAL_PCD_SetupStageCallback
 .text.HAL_PCD_DataOutStageCallback
                0x0800daf2       0x36 ./src/lib/cube_f103/USB_DEVICE/Target/usbd_conf.o
                0x0800daf2                HAL_PCD_DataOutStageCallback
 .text.HAL_PCD_DataInStageCallback
                0x0800db28       0x34 ./src/lib/cube_f103/USB_DEVICE/Target/usbd_conf.o
                0x0800db28                HAL_PCD_DataInStageCallback
 .text.HAL_PCD_SOFCallback
                0x0800db5c       0x1c ./src/lib/cube_f103/USB_DEVICE/Target/usbd_conf.o
                0x0800db5c                HAL_PCD_SOFCallback
 .text.HAL_PCD_ResetCallback
                0x0800db78       0x3c ./src/lib/cube_f103/USB_DEVICE/Target/usbd_conf.o
                0x0800db78                HAL_PCD_ResetCallback
 .text.HAL_PCD_SuspendCallback
                0x0800dbb4       0x34 ./src/lib/cube_f103/USB_DEVICE/Target/usbd_conf.o
                0x0800dbb4                HAL_PCD_SuspendCallback
 .text.HAL_PCD_ResumeCallback
                0x0800dbe8       0x1c ./src/lib/cube_f103/USB_DEVICE/Target/usbd_conf.o
                0x0800dbe8                HAL_PCD_ResumeCallback
 .text.USBD_LL_OpenEP
                0x0800dc04       0x4c ./src/lib/cube_f103/USB_DEVICE/Target/usbd_conf.o
                0x0800dc04                USBD_LL_OpenEP
 .text.USBD_LL_StallEP
                0x0800dc50       0x3e ./src/lib/cube_f103/USB_DEVICE/Target/usbd_conf.o
                0x0800dc50                USBD_LL_StallEP
 .text.USBD_LL_ClearStallEP
                0x0800dc8e       0x3e ./src/lib/cube_f103/USB_DEVICE/Target/usbd_conf.o
                0x0800dc8e                USBD_LL_ClearStallEP
 .text.USBD_LL_IsStallEP
                0x0800dccc       0x56 ./src/lib/cube_f103/USB_DEVICE/Target/usbd_conf.o
                0x0800dccc                USBD_LL_IsStallEP
 .text.USBD_LL_SetUSBAddress
                0x0800dd22       0x3e ./src/lib/cube_f103/USB_DEVICE/Target/usbd_conf.o
                0x0800dd22                USBD_LL_SetUSBAddress
 .text.USBD_LL_Transmit
                0x0800dd60       0x46 ./src/lib/cube_f103/USB_DEVICE/Target/usbd_conf.o
                0x0800dd60                USBD_LL_Transmit
 .text.USBD_LL_PrepareReceive
                0x0800dda6       0x46 ./src/lib/cube_f103/USB_DEVICE/Target/usbd_conf.o
                0x0800dda6                USBD_LL_PrepareReceive
 .text.USBD_Get_USB_Status
                0x0800ddec       0x58 ./src/lib/cube_f103/USB_DEVICE/Target/usbd_conf.o
 .text.main     0x0800de44       0x16 ./src/main.o
                0x0800de44                main
 *fill*         0x0800de5a        0x2 
 .text.std      0x0800de5c       0x6c C:/ST/STM32CubeIDE_1.16.0/STM32CubeIDE/plugins/com.st.stm32cube.ide.mcu.externaltools.gnu-tools-for-stm32.12.3.rel1.win32_1.0.200.202406191623/tools/bin/../lib/gcc/arm-none-eabi/12.3.1/../../../../arm-none-eabi/lib/thumb/v7-m/nofp\libc_nano.a(libc_a-findfp.o)
 .text.stdio_exit_handler
                0x0800dec8       0x18 C:/ST/STM32CubeIDE_1.16.0/STM32CubeIDE/plugins/com.st.stm32cube.ide.mcu.externaltools.gnu-tools-for-stm32.12.3.rel1.win32_1.0.200.202406191623/tools/bin/../lib/gcc/arm-none-eabi/12.3.1/../../../../arm-none-eabi/lib/thumb/v7-m/nofp\libc_nano.a(libc_a-findfp.o)
 .text.cleanup_stdio
                0x0800dee0       0x40 C:/ST/STM32CubeIDE_1.16.0/STM32CubeIDE/plugins/com.st.stm32cube.ide.mcu.externaltools.gnu-tools-for-stm32.12.3.rel1.win32_1.0.200.202406191623/tools/bin/../lib/gcc/arm-none-eabi/12.3.1/../../../../arm-none-eabi/lib/thumb/v7-m/nofp\libc_nano.a(libc_a-findfp.o)
 .text.global_stdio_init.part.0
                0x0800df20       0x3c C:/ST/STM32CubeIDE_1.16.0/STM32CubeIDE/plugins/com.st.stm32cube.ide.mcu.externaltools.gnu-tools-for-stm32.12.3.rel1.win32_1.0.200.202406191623/tools/bin/../lib/gcc/arm-none-eabi/12.3.1/../../../../arm-none-eabi/lib/thumb/v7-m/nofp\libc_nano.a(libc_a-findfp.o)
 .text.__sfp_lock_acquire
                0x0800df5c        0xc C:/ST/STM32CubeIDE_1.16.0/STM32CubeIDE/plugins/com.st.stm32cube.ide.mcu.externaltools.gnu-tools-for-stm32.12.3.rel1.win32_1.0.200.202406191623/tools/bin/../lib/gcc/arm-none-eabi/12.3.1/../../../../arm-none-eabi/lib/thumb/v7-m/nofp\libc_nano.a(libc_a-findfp.o)
                0x0800df5c                __sfp_lock_acquire
 .text.__sfp_lock_release
                0x0800df68        0xc C:/ST/STM32CubeIDE_1.16.0/STM32CubeIDE/plugins/com.st.stm32cube.ide.mcu.externaltools.gnu-tools-for-stm32.12.3.rel1.win32_1.0.200.202406191623/tools/bin/../lib/gcc/arm-none-eabi/12.3.1/../../../../arm-none-eabi/lib/thumb/v7-m/nofp\libc_nano.a(libc_a-findfp.o)
                0x0800df68                __sfp_lock_release
 .text.__sinit  0x0800df74       0x30 C:/ST/STM32CubeIDE_1.16.0/STM32CubeIDE/plugins/com.st.stm32cube.ide.mcu.externaltools.gnu-tools-for-stm32.12.3.rel1.win32_1.0.200.202406191623/tools/bin/../lib/gcc/arm-none-eabi/12.3.1/../../../../arm-none-eabi/lib/thumb/v7-m/nofp\libc_nano.a(libc_a-findfp.o)
                0x0800df74                __sinit
 .text._fwalk_sglue
                0x0800dfa4       0x3c C:/ST/STM32CubeIDE_1.16.0/STM32CubeIDE/plugins/com.st.stm32cube.ide.mcu.externaltools.gnu-tools-for-stm32.12.3.rel1.win32_1.0.200.202406191623/tools/bin/../lib/gcc/arm-none-eabi/12.3.1/../../../../arm-none-eabi/lib/thumb/v7-m/nofp\libc_nano.a(libc_a-fwalk.o)
                0x0800dfa4                _fwalk_sglue
 .text.printf   0x0800dfe0       0x24 C:/ST/STM32CubeIDE_1.16.0/STM32CubeIDE/plugins/com.st.stm32cube.ide.mcu.externaltools.gnu-tools-for-stm32.12.3.rel1.win32_1.0.200.202406191623/tools/bin/../lib/gcc/arm-none-eabi/12.3.1/../../../../arm-none-eabi/lib/thumb/v7-m/nofp\libc_nano.a(libc_a-printf.o)
                0x0800dfe0                iprintf
                0x0800dfe0                printf
 .text._puts_r  0x0800e004       0xaa C:/ST/STM32CubeIDE_1.16.0/STM32CubeIDE/plugins/com.st.stm32cube.ide.mcu.externaltools.gnu-tools-for-stm32.12.3.rel1.win32_1.0.200.202406191623/tools/bin/../lib/gcc/arm-none-eabi/12.3.1/../../../../arm-none-eabi/lib/thumb/v7-m/nofp\libc_nano.a(libc_a-puts.o)
                0x0800e004                _puts_r
 *fill*         0x0800e0ae        0x2 
 .text.puts     0x0800e0b0       0x10 C:/ST/STM32CubeIDE_1.16.0/STM32CubeIDE/plugins/com.st.stm32cube.ide.mcu.externaltools.gnu-tools-for-stm32.12.3.rel1.win32_1.0.200.202406191623/tools/bin/../lib/gcc/arm-none-eabi/12.3.1/../../../../arm-none-eabi/lib/thumb/v7-m/nofp\libc_nano.a(libc_a-puts.o)
                0x0800e0b0                puts
 .text.__sread  0x0800e0c0       0x22 C:/ST/STM32CubeIDE_1.16.0/STM32CubeIDE/plugins/com.st.stm32cube.ide.mcu.externaltools.gnu-tools-for-stm32.12.3.rel1.win32_1.0.200.202406191623/tools/bin/../lib/gcc/arm-none-eabi/12.3.1/../../../../arm-none-eabi/lib/thumb/v7-m/nofp\libc_nano.a(libc_a-stdio.o)
                0x0800e0c0                __sread
 .text.__swrite
                0x0800e0e2       0x38 C:/ST/STM32CubeIDE_1.16.0/STM32CubeIDE/plugins/com.st.stm32cube.ide.mcu.externaltools.gnu-tools-for-stm32.12.3.rel1.win32_1.0.200.202406191623/tools/bin/../lib/gcc/arm-none-eabi/12.3.1/../../../../arm-none-eabi/lib/thumb/v7-m/nofp\libc_nano.a(libc_a-stdio.o)
                0x0800e0e2                __swrite
 .text.__sseek  0x0800e11a       0x24 C:/ST/STM32CubeIDE_1.16.0/STM32CubeIDE/plugins/com.st.stm32cube.ide.mcu.externaltools.gnu-tools-for-stm32.12.3.rel1.win32_1.0.200.202406191623/tools/bin/../lib/gcc/arm-none-eabi/12.3.1/../../../../arm-none-eabi/lib/thumb/v7-m/nofp\libc_nano.a(libc_a-stdio.o)
                0x0800e11a                __sseek
 .text.__sclose
                0x0800e13e        0x8 C:/ST/STM32CubeIDE_1.16.0/STM32CubeIDE/plugins/com.st.stm32cube.ide.mcu.externaltools.gnu-tools-for-stm32.12.3.rel1.win32_1.0.200.202406191623/tools/bin/../lib/gcc/arm-none-eabi/12.3.1/../../../../arm-none-eabi/lib/thumb/v7-m/nofp\libc_nano.a(libc_a-stdio.o)
                0x0800e13e                __sclose
 .text.__swbuf_r
                0x0800e146       0x7c C:/ST/STM32CubeIDE_1.16.0/STM32CubeIDE/plugins/com.st.stm32cube.ide.mcu.externaltools.gnu-tools-for-stm32.12.3.rel1.win32_1.0.200.202406191623/tools/bin/../lib/gcc/arm-none-eabi/12.3.1/../../../../arm-none-eabi/lib/thumb/v7-m/nofp\libc_nano.a(libc_a-wbuf.o)
                0x0800e146                __swbuf_r
 *fill*         0x0800e1c2        0x2 
 .text.__swsetup_r
                0x0800e1c4       0xac C:/ST/STM32CubeIDE_1.16.0/STM32CubeIDE/plugins/com.st.stm32cube.ide.mcu.externaltools.gnu-tools-for-stm32.12.3.rel1.win32_1.0.200.202406191623/tools/bin/../lib/gcc/arm-none-eabi/12.3.1/../../../../arm-none-eabi/lib/thumb/v7-m/nofp\libc_nano.a(libc_a-wsetup.o)
                0x0800e1c4                __swsetup_r
 .text.memset   0x0800e270       0x10 C:/ST/STM32CubeIDE_1.16.0/STM32CubeIDE/plugins/com.st.stm32cube.ide.mcu.externaltools.gnu-tools-for-stm32.12.3.rel1.win32_1.0.200.202406191623/tools/bin/../lib/gcc/arm-none-eabi/12.3.1/../../../../arm-none-eabi/lib/thumb/v7-m/nofp\libc_nano.a(libc_a-memset.o)
                0x0800e270                memset
 .text._close_r
                0x0800e280       0x20 C:/ST/STM32CubeIDE_1.16.0/STM32CubeIDE/plugins/com.st.stm32cube.ide.mcu.externaltools.gnu-tools-for-stm32.12.3.rel1.win32_1.0.200.202406191623/tools/bin/../lib/gcc/arm-none-eabi/12.3.1/../../../../arm-none-eabi/lib/thumb/v7-m/nofp\libc_nano.a(libc_a-closer.o)
                0x0800e280                _close_r
 .text._lseek_r
                0x0800e2a0       0x24 C:/ST/STM32CubeIDE_1.16.0/STM32CubeIDE/plugins/com.st.stm32cube.ide.mcu.externaltools.gnu-tools-for-stm32.12.3.rel1.win32_1.0.200.202406191623/tools/bin/../lib/gcc/arm-none-eabi/12.3.1/../../../../arm-none-eabi/lib/thumb/v7-m/nofp\libc_nano.a(libc_a-lseekr.o)
                0x0800e2a0                _lseek_r
 .text._read_r  0x0800e2c4       0x24 C:/ST/STM32CubeIDE_1.16.0/STM32CubeIDE/plugins/com.st.stm32cube.ide.mcu.externaltools.gnu-tools-for-stm32.12.3.rel1.win32_1.0.200.202406191623/tools/bin/../lib/gcc/arm-none-eabi/12.3.1/../../../../arm-none-eabi/lib/thumb/v7-m/nofp\libc_nano.a(libc_a-readr.o)
                0x0800e2c4                _read_r
 .text._write_r
                0x0800e2e8       0x24 C:/ST/STM32CubeIDE_1.16.0/STM32CubeIDE/plugins/com.st.stm32cube.ide.mcu.externaltools.gnu-tools-for-stm32.12.3.rel1.win32_1.0.200.202406191623/tools/bin/../lib/gcc/arm-none-eabi/12.3.1/../../../../arm-none-eabi/lib/thumb/v7-m/nofp\libc_nano.a(libc_a-writer.o)
                0x0800e2e8                _write_r
 .text.__errno  0x0800e30c        0xc C:/ST/STM32CubeIDE_1.16.0/STM32CubeIDE/plugins/com.st.stm32cube.ide.mcu.externaltools.gnu-tools-for-stm32.12.3.rel1.win32_1.0.200.202406191623/tools/bin/../lib/gcc/arm-none-eabi/12.3.1/../../../../arm-none-eabi/lib/thumb/v7-m/nofp\libc_nano.a(libc_a-errno.o)
                0x0800e30c                __errno
 .text.__libc_init_array
                0x0800e318       0x48 C:/ST/STM32CubeIDE_1.16.0/STM32CubeIDE/plugins/com.st.stm32cube.ide.mcu.externaltools.gnu-tools-for-stm32.12.3.rel1.win32_1.0.200.202406191623/tools/bin/../lib/gcc/arm-none-eabi/12.3.1/../../../../arm-none-eabi/lib/thumb/v7-m/nofp\libc_nano.a(libc_a-init.o)
                0x0800e318                __libc_init_array
 .text.__retarget_lock_init_recursive
                0x0800e360        0x2 C:/ST/STM32CubeIDE_1.16.0/STM32CubeIDE/plugins/com.st.stm32cube.ide.mcu.externaltools.gnu-tools-for-stm32.12.3.rel1.win32_1.0.200.202406191623/tools/bin/../lib/gcc/arm-none-eabi/12.3.1/../../../../arm-none-eabi/lib/thumb/v7-m/nofp\libc_nano.a(libc_a-lock.o)
                0x0800e360                __retarget_lock_init_recursive
 .text.__retarget_lock_acquire_recursive
                0x0800e362        0x2 C:/ST/STM32CubeIDE_1.16.0/STM32CubeIDE/plugins/com.st.stm32cube.ide.mcu.externaltools.gnu-tools-for-stm32.12.3.rel1.win32_1.0.200.202406191623/tools/bin/../lib/gcc/arm-none-eabi/12.3.1/../../../../arm-none-eabi/lib/thumb/v7-m/nofp\libc_nano.a(libc_a-lock.o)
                0x0800e362                __retarget_lock_acquire_recursive
 .text.__retarget_lock_release_recursive
                0x0800e364        0x2 C:/ST/STM32CubeIDE_1.16.0/STM32CubeIDE/plugins/com.st.stm32cube.ide.mcu.externaltools.gnu-tools-for-stm32.12.3.rel1.win32_1.0.200.202406191623/tools/bin/../lib/gcc/arm-none-eabi/12.3.1/../../../../arm-none-eabi/lib/thumb/v7-m/nofp\libc_nano.a(libc_a-lock.o)
                0x0800e364                __retarget_lock_release_recursive
 *fill*         0x0800e366        0x2 
 .text._free_r  0x0800e368       0x90 C:/ST/STM32CubeIDE_1.16.0/STM32CubeIDE/plugins/com.st.stm32cube.ide.mcu.externaltools.gnu-tools-for-stm32.12.3.rel1.win32_1.0.200.202406191623/tools/bin/../lib/gcc/arm-none-eabi/12.3.1/../../../../arm-none-eabi/lib/thumb/v7-m/nofp\libc_nano.a(libc_a-freer.o)
                0x0800e368                _free_r
 .text.sbrk_aligned
                0x0800e3f8       0x44 C:/ST/STM32CubeIDE_1.16.0/STM32CubeIDE/plugins/com.st.stm32cube.ide.mcu.externaltools.gnu-tools-for-stm32.12.3.rel1.win32_1.0.200.202406191623/tools/bin/../lib/gcc/arm-none-eabi/12.3.1/../../../../arm-none-eabi/lib/thumb/v7-m/nofp\libc_nano.a(libc_a-mallocr.o)
 .text._malloc_r
                0x0800e43c      0x100 C:/ST/STM32CubeIDE_1.16.0/STM32CubeIDE/plugins/com.st.stm32cube.ide.mcu.externaltools.gnu-tools-for-stm32.12.3.rel1.win32_1.0.200.202406191623/tools/bin/../lib/gcc/arm-none-eabi/12.3.1/../../../../arm-none-eabi/lib/thumb/v7-m/nofp\libc_nano.a(libc_a-mallocr.o)
                0x0800e43c                _malloc_r
 .text.__malloc_lock
                0x0800e53c        0xc C:/ST/STM32CubeIDE_1.16.0/STM32CubeIDE/plugins/com.st.stm32cube.ide.mcu.externaltools.gnu-tools-for-stm32.12.3.rel1.win32_1.0.200.202406191623/tools/bin/../lib/gcc/arm-none-eabi/12.3.1/../../../../arm-none-eabi/lib/thumb/v7-m/nofp\libc_nano.a(libc_a-mlock.o)
                0x0800e53c                __malloc_lock
 .text.__malloc_unlock
                0x0800e548        0xc C:/ST/STM32CubeIDE_1.16.0/STM32CubeIDE/plugins/com.st.stm32cube.ide.mcu.externaltools.gnu-tools-for-stm32.12.3.rel1.win32_1.0.200.202406191623/tools/bin/../lib/gcc/arm-none-eabi/12.3.1/../../../../arm-none-eabi/lib/thumb/v7-m/nofp\libc_nano.a(libc_a-mlock.o)
                0x0800e548                __malloc_unlock
 .text.__sfputc_r
                0x0800e554       0x2a C:/ST/STM32CubeIDE_1.16.0/STM32CubeIDE/plugins/com.st.stm32cube.ide.mcu.externaltools.gnu-tools-for-stm32.12.3.rel1.win32_1.0.200.202406191623/tools/bin/../lib/gcc/arm-none-eabi/12.3.1/../../../../arm-none-eabi/lib/thumb/v7-m/nofp\libc_nano.a(libc_a-nano-vfprintf.o)
 .text.__sfputs_r
                0x0800e57e       0x24 C:/ST/STM32CubeIDE_1.16.0/STM32CubeIDE/plugins/com.st.stm32cube.ide.mcu.externaltools.gnu-tools-for-stm32.12.3.rel1.win32_1.0.200.202406191623/tools/bin/../lib/gcc/arm-none-eabi/12.3.1/../../../../arm-none-eabi/lib/thumb/v7-m/nofp\libc_nano.a(libc_a-nano-vfprintf.o)
                0x0800e57e                __sfputs_r
 *fill*         0x0800e5a2        0x2 
 .text._vfprintf_r
                0x0800e5a4      0x230 C:/ST/STM32CubeIDE_1.16.0/STM32CubeIDE/plugins/com.st.stm32cube.ide.mcu.externaltools.gnu-tools-for-stm32.12.3.rel1.win32_1.0.200.202406191623/tools/bin/../lib/gcc/arm-none-eabi/12.3.1/../../../../arm-none-eabi/lib/thumb/v7-m/nofp\libc_nano.a(libc_a-nano-vfprintf.o)
                0x0800e5a4                _vfprintf_r
                0x0800e5a4                _vfiprintf_r
 .text._printf_common
                0x0800e7d4       0xe4 C:/ST/STM32CubeIDE_1.16.0/STM32CubeIDE/plugins/com.st.stm32cube.ide.mcu.externaltools.gnu-tools-for-stm32.12.3.rel1.win32_1.0.200.202406191623/tools/bin/../lib/gcc/arm-none-eabi/12.3.1/../../../../arm-none-eabi/lib/thumb/v7-m/nofp\libc_nano.a(libc_a-nano-vfprintf_i.o)
                0x0800e7d4                _printf_common
 .text._printf_i
                0x0800e8b8      0x240 C:/ST/STM32CubeIDE_1.16.0/STM32CubeIDE/plugins/com.st.stm32cube.ide.mcu.externaltools.gnu-tools-for-stm32.12.3.rel1.win32_1.0.200.202406191623/tools/bin/../lib/gcc/arm-none-eabi/12.3.1/../../../../arm-none-eabi/lib/thumb/v7-m/nofp\libc_nano.a(libc_a-nano-vfprintf_i.o)
                0x0800e8b8                _printf_i
 .text.__sflush_r
                0x0800eaf8      0x100 C:/ST/STM32CubeIDE_1.16.0/STM32CubeIDE/plugins/com.st.stm32cube.ide.mcu.externaltools.gnu-tools-for-stm32.12.3.rel1.win32_1.0.200.202406191623/tools/bin/../lib/gcc/arm-none-eabi/12.3.1/../../../../arm-none-eabi/lib/thumb/v7-m/nofp\libc_nano.a(libc_a-fflush.o)
                0x0800eaf8                __sflush_r
 .text._fflush_r
                0x0800ebf8       0x50 C:/ST/STM32CubeIDE_1.16.0/STM32CubeIDE/plugins/com.st.stm32cube.ide.mcu.externaltools.gnu-tools-for-stm32.12.3.rel1.win32_1.0.200.202406191623/tools/bin/../lib/gcc/arm-none-eabi/12.3.1/../../../../arm-none-eabi/lib/thumb/v7-m/nofp\libc_nano.a(libc_a-fflush.o)
                0x0800ebf8                _fflush_r
 .text.__swhatbuf_r
                0x0800ec48       0x4a C:/ST/STM32CubeIDE_1.16.0/STM32CubeIDE/plugins/com.st.stm32cube.ide.mcu.externaltools.gnu-tools-for-stm32.12.3.rel1.win32_1.0.200.202406191623/tools/bin/../lib/gcc/arm-none-eabi/12.3.1/../../../../arm-none-eabi/lib/thumb/v7-m/nofp\libc_nano.a(libc_a-makebuf.o)
                0x0800ec48                __swhatbuf_r
 .text.__smakebuf_r
                0x0800ec92       0x78 C:/ST/STM32CubeIDE_1.16.0/STM32CubeIDE/plugins/com.st.stm32cube.ide.mcu.externaltools.gnu-tools-for-stm32.12.3.rel1.win32_1.0.200.202406191623/tools/bin/../lib/gcc/arm-none-eabi/12.3.1/../../../../arm-none-eabi/lib/thumb/v7-m/nofp\libc_nano.a(libc_a-makebuf.o)
                0x0800ec92                __smakebuf_r
 *fill*         0x0800ed0a        0x2 
 .text._fstat_r
                0x0800ed0c       0x24 C:/ST/STM32CubeIDE_1.16.0/STM32CubeIDE/plugins/com.st.stm32cube.ide.mcu.externaltools.gnu-tools-for-stm32.12.3.rel1.win32_1.0.200.202406191623/tools/bin/../lib/gcc/arm-none-eabi/12.3.1/../../../../arm-none-eabi/lib/thumb/v7-m/nofp\libc_nano.a(libc_a-fstatr.o)
                0x0800ed0c                _fstat_r
 .text._isatty_r
                0x0800ed30       0x20 C:/ST/STM32CubeIDE_1.16.0/STM32CubeIDE/plugins/com.st.stm32cube.ide.mcu.externaltools.gnu-tools-for-stm32.12.3.rel1.win32_1.0.200.202406191623/tools/bin/../lib/gcc/arm-none-eabi/12.3.1/../../../../arm-none-eabi/lib/thumb/v7-m/nofp\libc_nano.a(libc_a-isattyr.o)
                0x0800ed30                _isatty_r
 .text._sbrk_r  0x0800ed50       0x20 C:/ST/STM32CubeIDE_1.16.0/STM32CubeIDE/plugins/com.st.stm32cube.ide.mcu.externaltools.gnu-tools-for-stm32.12.3.rel1.win32_1.0.200.202406191623/tools/bin/../lib/gcc/arm-none-eabi/12.3.1/../../../../arm-none-eabi/lib/thumb/v7-m/nofp\libc_nano.a(libc_a-sbrkr.o)
                0x0800ed50                _sbrk_r
 .text.memchr   0x0800ed70       0x1c C:/ST/STM32CubeIDE_1.16.0/STM32CubeIDE/plugins/com.st.stm32cube.ide.mcu.externaltools.gnu-tools-for-stm32.12.3.rel1.win32_1.0.200.202406191623/tools/bin/../lib/gcc/arm-none-eabi/12.3.1/../../../../arm-none-eabi/lib/thumb/v7-m/nofp\libc_nano.a(libc_a-memchr-stub.o)
                0x0800ed70                memchr
 *(.glue_7)
 .glue_7        0x0800ed8c        0x0 linker stubs
 *(.glue_7t)
 .glue_7t       0x0800ed8c        0x0 linker stubs
 *(.eh_frame)
 .eh_frame      0x0800ed8c        0x0 C:/ST/STM32CubeIDE_1.16.0/STM32CubeIDE/plugins/com.st.stm32cube.ide.mcu.externaltools.gnu-tools-for-stm32.12.3.rel1.win32_1.0.200.202406191623/tools/bin/../lib/gcc/arm-none-eabi/12.3.1/thumb/v7-m/nofp/crtbegin.o
 *(.init)
 .init          0x0800ed8c        0x4 C:/ST/STM32CubeIDE_1.16.0/STM32CubeIDE/plugins/com.st.stm32cube.ide.mcu.externaltools.gnu-tools-for-stm32.12.3.rel1.win32_1.0.200.202406191623/tools/bin/../lib/gcc/arm-none-eabi/12.3.1/thumb/v7-m/nofp/crti.o
                0x0800ed8c                _init
 .init          0x0800ed90        0x8 C:/ST/STM32CubeIDE_1.16.0/STM32CubeIDE/plugins/com.st.stm32cube.ide.mcu.externaltools.gnu-tools-for-stm32.12.3.rel1.win32_1.0.200.202406191623/tools/bin/../lib/gcc/arm-none-eabi/12.3.1/thumb/v7-m/nofp/crtn.o
 *(.fini)
 .fini          0x0800ed98        0x4 C:/ST/STM32CubeIDE_1.16.0/STM32CubeIDE/plugins/com.st.stm32cube.ide.mcu.externaltools.gnu-tools-for-stm32.12.3.rel1.win32_1.0.200.202406191623/tools/bin/../lib/gcc/arm-none-eabi/12.3.1/thumb/v7-m/nofp/crti.o
                0x0800ed98                _fini
 .fini          0x0800ed9c        0x8 C:/ST/STM32CubeIDE_1.16.0/STM32CubeIDE/plugins/com.st.stm32cube.ide.mcu.externaltools.gnu-tools-for-stm32.12.3.rel1.win32_1.0.200.202406191623/tools/bin/../lib/gcc/arm-none-eabi/12.3.1/thumb/v7-m/nofp/crtn.o
                0x0800eda4                        . = ALIGN (0x4)
                0x0800eda4                        _etext = .

.vfp11_veneer   0x0800eda4        0x0
 .vfp11_veneer  0x0800eda4        0x0 linker stubs

.v4_bx          0x0800eda4        0x0
 .v4_bx         0x0800eda4        0x0 linker stubs

.iplt           0x0800eda4        0x0
 .iplt          0x0800eda4        0x0 C:/ST/STM32CubeIDE_1.16.0/STM32CubeIDE/plugins/com.st.stm32cube.ide.mcu.externaltools.gnu-tools-for-stm32.12.3.rel1.win32_1.0.200.202406191623/tools/bin/../lib/gcc/arm-none-eabi/12.3.1/thumb/v7-m/nofp/crtbegin.o

.rodata         0x0800eda4       0xd8
                0x0800eda4                        . = ALIGN (0x4)
 *(.rodata)
 .rodata        0x0800eda4       0x64 ./src/ap/ap.o
 *(.rodata*)
 .rodata.AHBPrescTable
                0x0800ee08       0x10 ./src/bsp/system_stm32f1xx.o
                0x0800ee08                AHBPrescTable
 .rodata.APBPrescTable
                0x0800ee18        0x8 ./src/bsp/system_stm32f1xx.o
                0x0800ee18                APBPrescTable
 .rodata.aPLLMULFactorTable.1
                0x0800ee20       0x10 ./src/lib/cube_f103/Drivers/STM32F1xx_HAL_Driver/Src/stm32f1xx_hal_rcc.o
 .rodata.aPredivFactorTable.0
                0x0800ee30        0x2 ./src/lib/cube_f103/Drivers/STM32F1xx_HAL_Driver/Src/stm32f1xx_hal_rcc.o
 *fill*         0x0800ee32        0x2 
 .rodata.aPLLMULFactorTable.1
                0x0800ee34       0x10 ./src/lib/cube_f103/Drivers/STM32F1xx_HAL_Driver/Src/stm32f1xx_hal_rcc_ex.o
 .rodata.aPredivFactorTable.0
                0x0800ee44        0x2 ./src/lib/cube_f103/Drivers/STM32F1xx_HAL_Driver/Src/stm32f1xx_hal_rcc_ex.o
 .rodata._vfprintf_r.str1.1
                0x0800ee46       0x11 C:/ST/STM32CubeIDE_1.16.0/STM32CubeIDE/plugins/com.st.stm32cube.ide.mcu.externaltools.gnu-tools-for-stm32.12.3.rel1.win32_1.0.200.202406191623/tools/bin/../lib/gcc/arm-none-eabi/12.3.1/../../../../arm-none-eabi/lib/thumb/v7-m/nofp\libc_nano.a(libc_a-nano-vfprintf.o)
 .rodata._printf_i.str1.1
                0x0800ee57       0x22 C:/ST/STM32CubeIDE_1.16.0/STM32CubeIDE/plugins/com.st.stm32cube.ide.mcu.externaltools.gnu-tools-for-stm32.12.3.rel1.win32_1.0.200.202406191623/tools/bin/../lib/gcc/arm-none-eabi/12.3.1/../../../../arm-none-eabi/lib/thumb/v7-m/nofp\libc_nano.a(libc_a-nano-vfprintf_i.o)
                0x0800ee7c                        . = ALIGN (0x4)
 *fill*         0x0800ee79        0x3 

.ARM.extab      0x0800ee7c        0x0
                0x0800ee7c                        . = ALIGN (0x4)
 *(.ARM.extab* .gnu.linkonce.armextab.*)
                0x0800ee7c                        . = ALIGN (0x4)

.ARM            0x0800ee7c        0x0
                0x0800ee7c                        . = ALIGN (0x4)
                0x0800ee7c                        __exidx_start = .
 *(.ARM.exidx*)
                0x0800ee7c                        __exidx_end = .
                0x0800ee7c                        . = ALIGN (0x4)

.preinit_array  0x0800ee7c        0x0
                0x0800ee7c                        . = ALIGN (0x4)
                0x0800ee7c                        PROVIDE (__preinit_array_start = .)
 *(.preinit_array*)
                0x0800ee7c                        PROVIDE (__preinit_array_end = .)
                0x0800ee7c                        . = ALIGN (0x4)

.init_array     0x0800ee7c        0x4
                0x0800ee7c                        . = ALIGN (0x4)
                0x0800ee7c                        PROVIDE (__init_array_start = .)
 *(SORT_BY_NAME(.init_array.*))
 *(.init_array*)
 .init_array    0x0800ee7c        0x4 C:/ST/STM32CubeIDE_1.16.0/STM32CubeIDE/plugins/com.st.stm32cube.ide.mcu.externaltools.gnu-tools-for-stm32.12.3.rel1.win32_1.0.200.202406191623/tools/bin/../lib/gcc/arm-none-eabi/12.3.1/thumb/v7-m/nofp/crtbegin.o
                0x0800ee80                        PROVIDE (__init_array_end = .)
                0x0800ee80                        . = ALIGN (0x4)

.fini_array     0x0800ee80        0x4
                0x0800ee80                        . = ALIGN (0x4)
                [!provide]                        PROVIDE (__fini_array_start = .)
 *(SORT_BY_NAME(.fini_array.*))
 *(.fini_array*)
 .fini_array    0x0800ee80        0x4 C:/ST/STM32CubeIDE_1.16.0/STM32CubeIDE/plugins/com.st.stm32cube.ide.mcu.externaltools.gnu-tools-for-stm32.12.3.rel1.win32_1.0.200.202406191623/tools/bin/../lib/gcc/arm-none-eabi/12.3.1/thumb/v7-m/nofp/crtbegin.o
                [!provide]                        PROVIDE (__fini_array_end = .)
                0x0800ee84                        . = ALIGN (0x4)
                0x0800ee84                        _sidata = LOADADDR (.data)

.rel.dyn        0x0800ee84        0x0
 .rel.iplt      0x0800ee84        0x0 C:/ST/STM32CubeIDE_1.16.0/STM32CubeIDE/plugins/com.st.stm32cube.ide.mcu.externaltools.gnu-tools-for-stm32.12.3.rel1.win32_1.0.200.202406191623/tools/bin/../lib/gcc/arm-none-eabi/12.3.1/thumb/v7-m/nofp/crtbegin.o

.data           0x20000000       0x70 load address 0x0800ee84
                0x20000000                        . = ALIGN (0x4)
                0x20000000                        _sdata = .
 *(.data)
 *(.data*)
 .data.SystemCoreClock
                0x20000000        0x4 ./src/bsp/system_stm32f1xx.o
                0x20000000                SystemCoreClock
 .data.led_tbl  0x20000004        0x8 ./src/hw/driver/led.o
                0x20000004                led_tbl
 .data.uwTickPrio
                0x2000000c        0x4 ./src/lib/cube_f103/Drivers/STM32F1xx_HAL_Driver/Src/stm32f1xx_hal.o
                0x2000000c                uwTickPrio
 .data.uwTickFreq
                0x20000010        0x1 ./src/lib/cube_f103/Drivers/STM32F1xx_HAL_Driver/Src/stm32f1xx_hal.o
                0x20000010                uwTickFreq
 *fill*         0x20000011        0x3 
 .data.__sglue  0x20000014        0xc C:/ST/STM32CubeIDE_1.16.0/STM32CubeIDE/plugins/com.st.stm32cube.ide.mcu.externaltools.gnu-tools-for-stm32.12.3.rel1.win32_1.0.200.202406191623/tools/bin/../lib/gcc/arm-none-eabi/12.3.1/../../../../arm-none-eabi/lib/thumb/v7-m/nofp\libc_nano.a(libc_a-findfp.o)
                0x20000014                __sglue
 .data._impure_ptr
                0x20000020        0x4 C:/ST/STM32CubeIDE_1.16.0/STM32CubeIDE/plugins/com.st.stm32cube.ide.mcu.externaltools.gnu-tools-for-stm32.12.3.rel1.win32_1.0.200.202406191623/tools/bin/../lib/gcc/arm-none-eabi/12.3.1/../../../../arm-none-eabi/lib/thumb/v7-m/nofp\libc_nano.a(libc_a-impure.o)
                0x20000020                _impure_ptr
 .data._impure_data
                0x20000024       0x4c C:/ST/STM32CubeIDE_1.16.0/STM32CubeIDE/plugins/com.st.stm32cube.ide.mcu.externaltools.gnu-tools-for-stm32.12.3.rel1.win32_1.0.200.202406191623/tools/bin/../lib/gcc/arm-none-eabi/12.3.1/../../../../arm-none-eabi/lib/thumb/v7-m/nofp\libc_nano.a(libc_a-impure.o)
                0x20000024                _impure_data
 *(.RamFunc)
 *(.RamFunc*)
                0x20000070                        . = ALIGN (0x4)
                0x20000070                        _edata = .

.igot.plt       0x20000070        0x0 load address 0x0800eef4
 .igot.plt      0x20000070        0x0 C:/ST/STM32CubeIDE_1.16.0/STM32CubeIDE/plugins/com.st.stm32cube.ide.mcu.externaltools.gnu-tools-for-stm32.12.3.rel1.win32_1.0.200.202406191623/tools/bin/../lib/gcc/arm-none-eabi/12.3.1/thumb/v7-m/nofp/crtbegin.o
                0x20000070                        . = ALIGN (0x4)

.bss            0x20000070      0xa38 load address 0x0800eef4
                0x20000070                        _sbss = .
                0x20000070                        __bss_start__ = _sbss
 *(.bss)
 .bss           0x20000070       0x1c C:/ST/STM32CubeIDE_1.16.0/STM32CubeIDE/plugins/com.st.stm32cube.ide.mcu.externaltools.gnu-tools-for-stm32.12.3.rel1.win32_1.0.200.202406191623/tools/bin/../lib/gcc/arm-none-eabi/12.3.1/thumb/v7-m/nofp/crtbegin.o
 *(.bss*)
 .bss.__sbrk_heap_end
                0x2000008c        0x4 ./src/bsp/sysmem.o
 .bss.flash_tbl
                0x20000090      0x400 ./src/hw/driver/flash.o
 .bss.reset_count
                0x20000490        0x4 ./src/hw/driver/reset.o
 .bss.hrtc      0x20000494       0x14 ./src/hw/driver/rtc.o
 .bss.is_open   0x200004a8        0x2 ./src/hw/driver/uart.o
 *fill*         0x200004aa        0x2 
 .bss.qbuffer   0x200004ac       0x20 ./src/hw/driver/uart.o
 .bss.rx_buff   0x200004cc      0x100 ./src/hw/driver/uart.o
 .bss.rx_data   0x200005cc        0x2 ./src/hw/driver/uart.o
 *fill*         0x200005ce        0x2 
 .bss.huart1    0x200005d0       0x48 ./src/hw/driver/uart.o
                0x200005d0                huart1
 .bss.hdma_usart1_rx
                0x20000618       0x44 ./src/hw/driver/uart.o
                0x20000618                hdma_usart1_rx
 .bss.uwTick    0x2000065c        0x4 ./src/lib/cube_f103/Drivers/STM32F1xx_HAL_Driver/Src/stm32f1xx_hal.o
                0x2000065c                uwTick
 .bss.pFlash    0x20000660       0x20 ./src/lib/cube_f103/Drivers/STM32F1xx_HAL_Driver/Src/stm32f1xx_hal_flash.o
                0x20000660                pFlash
 .bss.cfgidx.0  0x20000680        0x1 ./src/lib/cube_f103/Middlewares/ST/STM32_USB_Device_Library/Core/Src/usbd_ctlreq.o
 *fill*         0x20000681        0x3 
 .bss.hpcd_USB_FS
                0x20000684      0x2d8 ./src/lib/cube_f103/USB_DEVICE/Target/usbd_conf.o
                0x20000684                hpcd_USB_FS
 .bss.__sf      0x2000095c      0x138 C:/ST/STM32CubeIDE_1.16.0/STM32CubeIDE/plugins/com.st.stm32cube.ide.mcu.externaltools.gnu-tools-for-stm32.12.3.rel1.win32_1.0.200.202406191623/tools/bin/../lib/gcc/arm-none-eabi/12.3.1/../../../../arm-none-eabi/lib/thumb/v7-m/nofp\libc_nano.a(libc_a-findfp.o)
                0x2000095c                __sf
 .bss.__stdio_exit_handler
                0x20000a94        0x4 C:/ST/STM32CubeIDE_1.16.0/STM32CubeIDE/plugins/com.st.stm32cube.ide.mcu.externaltools.gnu-tools-for-stm32.12.3.rel1.win32_1.0.200.202406191623/tools/bin/../lib/gcc/arm-none-eabi/12.3.1/../../../../arm-none-eabi/lib/thumb/v7-m/nofp\libc_nano.a(libc_a-findfp.o)
                0x20000a94                __stdio_exit_handler
 .bss.errno     0x20000a98        0x4 C:/ST/STM32CubeIDE_1.16.0/STM32CubeIDE/plugins/com.st.stm32cube.ide.mcu.externaltools.gnu-tools-for-stm32.12.3.rel1.win32_1.0.200.202406191623/tools/bin/../lib/gcc/arm-none-eabi/12.3.1/../../../../arm-none-eabi/lib/thumb/v7-m/nofp\libc_nano.a(libc_a-reent.o)
                0x20000a98                errno
 .bss.__lock___malloc_recursive_mutex
                0x20000a9c        0x1 C:/ST/STM32CubeIDE_1.16.0/STM32CubeIDE/plugins/com.st.stm32cube.ide.mcu.externaltools.gnu-tools-for-stm32.12.3.rel1.win32_1.0.200.202406191623/tools/bin/../lib/gcc/arm-none-eabi/12.3.1/../../../../arm-none-eabi/lib/thumb/v7-m/nofp\libc_nano.a(libc_a-lock.o)
                0x20000a9c                __lock___malloc_recursive_mutex
 .bss.__lock___sfp_recursive_mutex
                0x20000a9d        0x1 C:/ST/STM32CubeIDE_1.16.0/STM32CubeIDE/plugins/com.st.stm32cube.ide.mcu.externaltools.gnu-tools-for-stm32.12.3.rel1.win32_1.0.200.202406191623/tools/bin/../lib/gcc/arm-none-eabi/12.3.1/../../../../arm-none-eabi/lib/thumb/v7-m/nofp\libc_nano.a(libc_a-lock.o)
                0x20000a9d                __lock___sfp_recursive_mutex
 *fill*         0x20000a9e        0x2 
 .bss.__malloc_sbrk_start
                0x20000aa0        0x4 C:/ST/STM32CubeIDE_1.16.0/STM32CubeIDE/plugins/com.st.stm32cube.ide.mcu.externaltools.gnu-tools-for-stm32.12.3.rel1.win32_1.0.200.202406191623/tools/bin/../lib/gcc/arm-none-eabi/12.3.1/../../../../arm-none-eabi/lib/thumb/v7-m/nofp\libc_nano.a(libc_a-mallocr.o)
                0x20000aa0                __malloc_sbrk_start
 .bss.__malloc_free_list
                0x20000aa4        0x4 C:/ST/STM32CubeIDE_1.16.0/STM32CubeIDE/plugins/com.st.stm32cube.ide.mcu.externaltools.gnu-tools-for-stm32.12.3.rel1.win32_1.0.200.202406191623/tools/bin/../lib/gcc/arm-none-eabi/12.3.1/../../../../arm-none-eabi/lib/thumb/v7-m/nofp\libc_nano.a(libc_a-mallocr.o)
                0x20000aa4                __malloc_free_list
 *(COMMON)
                0x20000aa8                        . = ALIGN (0x4)
                0x20000aa8                        _ebss = .
                0x20000aa8                        __bss_end__ = _ebss

._user_heap_stack
                0x20000aa8      0x600 load address 0x0800eef4
                0x20000aa8                        . = ALIGN (0x8)
                [!provide]                        PROVIDE (end = .)
                0x20000aa8                        PROVIDE (_end = .)
                0x20000ca8                        . = (. + _Min_Heap_Size)
 *fill*         0x20000aa8      0x200 
                0x200010a8                        . = (. + _Min_Stack_Size)
 *fill*         0x20000ca8      0x400 
                0x200010a8                        . = ALIGN (0x8)

/DISCARD/
 libc.a(*)
 libm.a(*)
 libgcc.a(*)

.ARM.attributes
                0x00000000       0x29
 *(.ARM.attributes)
 .ARM.attributes
                0x00000000       0x1d C:/ST/STM32CubeIDE_1.16.0/STM32CubeIDE/plugins/com.st.stm32cube.ide.mcu.externaltools.gnu-tools-for-stm32.12.3.rel1.win32_1.0.200.202406191623/tools/bin/../lib/gcc/arm-none-eabi/12.3.1/thumb/v7-m/nofp/crti.o
 .ARM.attributes
                0x0000001d       0x2d C:/ST/STM32CubeIDE_1.16.0/STM32CubeIDE/plugins/com.st.stm32cube.ide.mcu.externaltools.gnu-tools-for-stm32.12.3.rel1.win32_1.0.200.202406191623/tools/bin/../lib/gcc/arm-none-eabi/12.3.1/thumb/v7-m/nofp/crtbegin.o
 .ARM.attributes
                0x0000004a       0x2d ./src/ap/ap.o
 .ARM.attributes
                0x00000077       0x2d ./src/bsp/bsp.o
 .ARM.attributes
                0x000000a4       0x2d ./src/bsp/stm32f1xx_hal_msp.o
 .ARM.attributes
                0x000000d1       0x2d ./src/bsp/stm32f1xx_it.o
 .ARM.attributes
                0x000000fe       0x2d ./src/bsp/syscalls.o
 .ARM.attributes
                0x0000012b       0x2d ./src/bsp/sysmem.o
 .ARM.attributes
                0x00000158       0x2d ./src/bsp/system_stm32f1xx.o
 .ARM.attributes
                0x00000185       0x21 ./src/bsp/startup/startup_stm32f103rbhx.o
 .ARM.attributes
                0x000001a6       0x2d ./src/common/core/qbuffer.o
 .ARM.attributes
                0x000001d3       0x2d ./src/hw/driver/flash.o
 .ARM.attributes
                0x00000200       0x2d ./src/hw/driver/led.o
 .ARM.attributes
                0x0000022d       0x2d ./src/hw/driver/reset.o
 .ARM.attributes
                0x0000025a       0x2d ./src/hw/driver/rtc.o
 .ARM.attributes
                0x00000287       0x2d ./src/hw/driver/uart.o
 .ARM.attributes
                0x000002b4       0x2d ./src/hw/hw.o
 .ARM.attributes
                0x000002e1       0x2d ./src/lib/cube_f103/Drivers/STM32F1xx_HAL_Driver/Src/stm32f1xx_hal.o
 .ARM.attributes
                0x0000030e       0x2d ./src/lib/cube_f103/Drivers/STM32F1xx_HAL_Driver/Src/stm32f1xx_hal_cortex.o
 .ARM.attributes
                0x0000033b       0x2d ./src/lib/cube_f103/Drivers/STM32F1xx_HAL_Driver/Src/stm32f1xx_hal_dma.o
 .ARM.attributes
                0x00000368       0x2d ./src/lib/cube_f103/Drivers/STM32F1xx_HAL_Driver/Src/stm32f1xx_hal_flash.o
 .ARM.attributes
                0x00000395       0x2d ./src/lib/cube_f103/Drivers/STM32F1xx_HAL_Driver/Src/stm32f1xx_hal_flash_ex.o
 .ARM.attributes
                0x000003c2       0x2d ./src/lib/cube_f103/Drivers/STM32F1xx_HAL_Driver/Src/stm32f1xx_hal_gpio.o
 .ARM.attributes
                0x000003ef       0x2d ./src/lib/cube_f103/Drivers/STM32F1xx_HAL_Driver/Src/stm32f1xx_hal_pcd.o
 .ARM.attributes
                0x0000041c       0x2d ./src/lib/cube_f103/Drivers/STM32F1xx_HAL_Driver/Src/stm32f1xx_hal_pwr.o
 .ARM.attributes
                0x00000449       0x2d ./src/lib/cube_f103/Drivers/STM32F1xx_HAL_Driver/Src/stm32f1xx_hal_rcc.o
 .ARM.attributes
                0x00000476       0x2d ./src/lib/cube_f103/Drivers/STM32F1xx_HAL_Driver/Src/stm32f1xx_hal_rcc_ex.o
 .ARM.attributes
                0x000004a3       0x2d ./src/lib/cube_f103/Drivers/STM32F1xx_HAL_Driver/Src/stm32f1xx_hal_rtc.o
 .ARM.attributes
                0x000004d0       0x2d ./src/lib/cube_f103/Drivers/STM32F1xx_HAL_Driver/Src/stm32f1xx_hal_rtc_ex.o
 .ARM.attributes
                0x000004fd       0x2d ./src/lib/cube_f103/Drivers/STM32F1xx_HAL_Driver/Src/stm32f1xx_hal_uart.o
 .ARM.attributes
                0x0000052a       0x2d ./src/lib/cube_f103/Drivers/STM32F1xx_HAL_Driver/Src/stm32f1xx_ll_usb.o
 .ARM.attributes
                0x00000557       0x2d ./src/lib/cube_f103/Middlewares/ST/STM32_USB_Device_Library/Core/Src/usbd_core.o
 .ARM.attributes
                0x00000584       0x2d ./src/lib/cube_f103/Middlewares/ST/STM32_USB_Device_Library/Core/Src/usbd_ctlreq.o
 .ARM.attributes
                0x000005b1       0x2d ./src/lib/cube_f103/Middlewares/ST/STM32_USB_Device_Library/Core/Src/usbd_ioreq.o
 .ARM.attributes
                0x000005de       0x2d ./src/lib/cube_f103/USB_DEVICE/Target/usbd_conf.o
 .ARM.attributes
                0x0000060b       0x2d ./src/main.o
 .ARM.attributes
                0x00000638       0x2d C:/ST/STM32CubeIDE_1.16.0/STM32CubeIDE/plugins/com.st.stm32cube.ide.mcu.externaltools.gnu-tools-for-stm32.12.3.rel1.win32_1.0.200.202406191623/tools/bin/../lib/gcc/arm-none-eabi/12.3.1/../../../../arm-none-eabi/lib/thumb/v7-m/nofp\libc_nano.a(libc_a-findfp.o)
 .ARM.attributes
                0x00000665       0x2d C:/ST/STM32CubeIDE_1.16.0/STM32CubeIDE/plugins/com.st.stm32cube.ide.mcu.externaltools.gnu-tools-for-stm32.12.3.rel1.win32_1.0.200.202406191623/tools/bin/../lib/gcc/arm-none-eabi/12.3.1/../../../../arm-none-eabi/lib/thumb/v7-m/nofp\libc_nano.a(libc_a-fwalk.o)
 .ARM.attributes
                0x00000692       0x2d C:/ST/STM32CubeIDE_1.16.0/STM32CubeIDE/plugins/com.st.stm32cube.ide.mcu.externaltools.gnu-tools-for-stm32.12.3.rel1.win32_1.0.200.202406191623/tools/bin/../lib/gcc/arm-none-eabi/12.3.1/../../../../arm-none-eabi/lib/thumb/v7-m/nofp\libc_nano.a(libc_a-printf.o)
 .ARM.attributes
                0x000006bf       0x2d C:/ST/STM32CubeIDE_1.16.0/STM32CubeIDE/plugins/com.st.stm32cube.ide.mcu.externaltools.gnu-tools-for-stm32.12.3.rel1.win32_1.0.200.202406191623/tools/bin/../lib/gcc/arm-none-eabi/12.3.1/../../../../arm-none-eabi/lib/thumb/v7-m/nofp\libc_nano.a(libc_a-puts.o)
 .ARM.attributes
                0x000006ec       0x2d C:/ST/STM32CubeIDE_1.16.0/STM32CubeIDE/plugins/com.st.stm32cube.ide.mcu.externaltools.gnu-tools-for-stm32.12.3.rel1.win32_1.0.200.202406191623/tools/bin/../lib/gcc/arm-none-eabi/12.3.1/../../../../arm-none-eabi/lib/thumb/v7-m/nofp\libc_nano.a(libc_a-stdio.o)
 .ARM.attributes
                0x00000719       0x2d C:/ST/STM32CubeIDE_1.16.0/STM32CubeIDE/plugins/com.st.stm32cube.ide.mcu.externaltools.gnu-tools-for-stm32.12.3.rel1.win32_1.0.200.202406191623/tools/bin/../lib/gcc/arm-none-eabi/12.3.1/../../../../arm-none-eabi/lib/thumb/v7-m/nofp\libc_nano.a(libc_a-wbuf.o)
 .ARM.attributes
                0x00000746       0x2d C:/ST/STM32CubeIDE_1.16.0/STM32CubeIDE/plugins/com.st.stm32cube.ide.mcu.externaltools.gnu-tools-for-stm32.12.3.rel1.win32_1.0.200.202406191623/tools/bin/../lib/gcc/arm-none-eabi/12.3.1/../../../../arm-none-eabi/lib/thumb/v7-m/nofp\libc_nano.a(libc_a-wsetup.o)
 .ARM.attributes
                0x00000773       0x2d C:/ST/STM32CubeIDE_1.16.0/STM32CubeIDE/plugins/com.st.stm32cube.ide.mcu.externaltools.gnu-tools-for-stm32.12.3.rel1.win32_1.0.200.202406191623/tools/bin/../lib/gcc/arm-none-eabi/12.3.1/../../../../arm-none-eabi/lib/thumb/v7-m/nofp\libc_nano.a(libc_a-memset.o)
 .ARM.attributes
                0x000007a0       0x2d C:/ST/STM32CubeIDE_1.16.0/STM32CubeIDE/plugins/com.st.stm32cube.ide.mcu.externaltools.gnu-tools-for-stm32.12.3.rel1.win32_1.0.200.202406191623/tools/bin/../lib/gcc/arm-none-eabi/12.3.1/../../../../arm-none-eabi/lib/thumb/v7-m/nofp\libc_nano.a(libc_a-closer.o)
 .ARM.attributes
                0x000007cd       0x2d C:/ST/STM32CubeIDE_1.16.0/STM32CubeIDE/plugins/com.st.stm32cube.ide.mcu.externaltools.gnu-tools-for-stm32.12.3.rel1.win32_1.0.200.202406191623/tools/bin/../lib/gcc/arm-none-eabi/12.3.1/../../../../arm-none-eabi/lib/thumb/v7-m/nofp\libc_nano.a(libc_a-reent.o)
 .ARM.attributes
                0x000007fa       0x2d C:/ST/STM32CubeIDE_1.16.0/STM32CubeIDE/plugins/com.st.stm32cube.ide.mcu.externaltools.gnu-tools-for-stm32.12.3.rel1.win32_1.0.200.202406191623/tools/bin/../lib/gcc/arm-none-eabi/12.3.1/../../../../arm-none-eabi/lib/thumb/v7-m/nofp\libc_nano.a(libc_a-impure.o)
 .ARM.attributes
                0x00000827       0x2d C:/ST/STM32CubeIDE_1.16.0/STM32CubeIDE/plugins/com.st.stm32cube.ide.mcu.externaltools.gnu-tools-for-stm32.12.3.rel1.win32_1.0.200.202406191623/tools/bin/../lib/gcc/arm-none-eabi/12.3.1/../../../../arm-none-eabi/lib/thumb/v7-m/nofp\libc_nano.a(libc_a-lseekr.o)
 .ARM.attributes
                0x00000854       0x2d C:/ST/STM32CubeIDE_1.16.0/STM32CubeIDE/plugins/com.st.stm32cube.ide.mcu.externaltools.gnu-tools-for-stm32.12.3.rel1.win32_1.0.200.202406191623/tools/bin/../lib/gcc/arm-none-eabi/12.3.1/../../../../arm-none-eabi/lib/thumb/v7-m/nofp\libc_nano.a(libc_a-readr.o)
 .ARM.attributes
                0x00000881       0x2d C:/ST/STM32CubeIDE_1.16.0/STM32CubeIDE/plugins/com.st.stm32cube.ide.mcu.externaltools.gnu-tools-for-stm32.12.3.rel1.win32_1.0.200.202406191623/tools/bin/../lib/gcc/arm-none-eabi/12.3.1/../../../../arm-none-eabi/lib/thumb/v7-m/nofp\libc_nano.a(libc_a-writer.o)
 .ARM.attributes
                0x000008ae       0x2d C:/ST/STM32CubeIDE_1.16.0/STM32CubeIDE/plugins/com.st.stm32cube.ide.mcu.externaltools.gnu-tools-for-stm32.12.3.rel1.win32_1.0.200.202406191623/tools/bin/../lib/gcc/arm-none-eabi/12.3.1/../../../../arm-none-eabi/lib/thumb/v7-m/nofp\libc_nano.a(libc_a-errno.o)
 .ARM.attributes
                0x000008db       0x2d C:/ST/STM32CubeIDE_1.16.0/STM32CubeIDE/plugins/com.st.stm32cube.ide.mcu.externaltools.gnu-tools-for-stm32.12.3.rel1.win32_1.0.200.202406191623/tools/bin/../lib/gcc/arm-none-eabi/12.3.1/../../../../arm-none-eabi/lib/thumb/v7-m/nofp\libc_nano.a(libc_a-init.o)
 .ARM.attributes
                0x00000908       0x2d C:/ST/STM32CubeIDE_1.16.0/STM32CubeIDE/plugins/com.st.stm32cube.ide.mcu.externaltools.gnu-tools-for-stm32.12.3.rel1.win32_1.0.200.202406191623/tools/bin/../lib/gcc/arm-none-eabi/12.3.1/../../../../arm-none-eabi/lib/thumb/v7-m/nofp\libc_nano.a(libc_a-lock.o)
 .ARM.attributes
                0x00000935       0x2d C:/ST/STM32CubeIDE_1.16.0/STM32CubeIDE/plugins/com.st.stm32cube.ide.mcu.externaltools.gnu-tools-for-stm32.12.3.rel1.win32_1.0.200.202406191623/tools/bin/../lib/gcc/arm-none-eabi/12.3.1/../../../../arm-none-eabi/lib/thumb/v7-m/nofp\libc_nano.a(libc_a-freer.o)
 .ARM.attributes
                0x00000962       0x2d C:/ST/STM32CubeIDE_1.16.0/STM32CubeIDE/plugins/com.st.stm32cube.ide.mcu.externaltools.gnu-tools-for-stm32.12.3.rel1.win32_1.0.200.202406191623/tools/bin/../lib/gcc/arm-none-eabi/12.3.1/../../../../arm-none-eabi/lib/thumb/v7-m/nofp\libc_nano.a(libc_a-mallocr.o)
 .ARM.attributes
                0x0000098f       0x2d C:/ST/STM32CubeIDE_1.16.0/STM32CubeIDE/plugins/com.st.stm32cube.ide.mcu.externaltools.gnu-tools-for-stm32.12.3.rel1.win32_1.0.200.202406191623/tools/bin/../lib/gcc/arm-none-eabi/12.3.1/../../../../arm-none-eabi/lib/thumb/v7-m/nofp\libc_nano.a(libc_a-mlock.o)
 .ARM.attributes
                0x000009bc       0x2d C:/ST/STM32CubeIDE_1.16.0/STM32CubeIDE/plugins/com.st.stm32cube.ide.mcu.externaltools.gnu-tools-for-stm32.12.3.rel1.win32_1.0.200.202406191623/tools/bin/../lib/gcc/arm-none-eabi/12.3.1/../../../../arm-none-eabi/lib/thumb/v7-m/nofp\libc_nano.a(libc_a-nano-vfprintf.o)
 .ARM.attributes
                0x000009e9       0x2d C:/ST/STM32CubeIDE_1.16.0/STM32CubeIDE/plugins/com.st.stm32cube.ide.mcu.externaltools.gnu-tools-for-stm32.12.3.rel1.win32_1.0.200.202406191623/tools/bin/../lib/gcc/arm-none-eabi/12.3.1/../../../../arm-none-eabi/lib/thumb/v7-m/nofp\libc_nano.a(libc_a-nano-vfprintf_i.o)
 .ARM.attributes
                0x00000a16       0x2d C:/ST/STM32CubeIDE_1.16.0/STM32CubeIDE/plugins/com.st.stm32cube.ide.mcu.externaltools.gnu-tools-for-stm32.12.3.rel1.win32_1.0.200.202406191623/tools/bin/../lib/gcc/arm-none-eabi/12.3.1/../../../../arm-none-eabi/lib/thumb/v7-m/nofp\libc_nano.a(libc_a-fflush.o)
 .ARM.attributes
                0x00000a43       0x2d C:/ST/STM32CubeIDE_1.16.0/STM32CubeIDE/plugins/com.st.stm32cube.ide.mcu.externaltools.gnu-tools-for-stm32.12.3.rel1.win32_1.0.200.202406191623/tools/bin/../lib/gcc/arm-none-eabi/12.3.1/../../../../arm-none-eabi/lib/thumb/v7-m/nofp\libc_nano.a(libc_a-makebuf.o)
 .ARM.attributes
                0x00000a70       0x2d C:/ST/STM32CubeIDE_1.16.0/STM32CubeIDE/plugins/com.st.stm32cube.ide.mcu.externaltools.gnu-tools-for-stm32.12.3.rel1.win32_1.0.200.202406191623/tools/bin/../lib/gcc/arm-none-eabi/12.3.1/../../../../arm-none-eabi/lib/thumb/v7-m/nofp\libc_nano.a(libc_a-fstatr.o)
 .ARM.attributes
                0x00000a9d       0x2d C:/ST/STM32CubeIDE_1.16.0/STM32CubeIDE/plugins/com.st.stm32cube.ide.mcu.externaltools.gnu-tools-for-stm32.12.3.rel1.win32_1.0.200.202406191623/tools/bin/../lib/gcc/arm-none-eabi/12.3.1/../../../../arm-none-eabi/lib/thumb/v7-m/nofp\libc_nano.a(libc_a-isattyr.o)
 .ARM.attributes
                0x00000aca       0x2d C:/ST/STM32CubeIDE_1.16.0/STM32CubeIDE/plugins/com.st.stm32cube.ide.mcu.externaltools.gnu-tools-for-stm32.12.3.rel1.win32_1.0.200.202406191623/tools/bin/../lib/gcc/arm-none-eabi/12.3.1/../../../../arm-none-eabi/lib/thumb/v7-m/nofp\libc_nano.a(libc_a-sbrkr.o)
 .ARM.attributes
                0x00000af7       0x2d C:/ST/STM32CubeIDE_1.16.0/STM32CubeIDE/plugins/com.st.stm32cube.ide.mcu.externaltools.gnu-tools-for-stm32.12.3.rel1.win32_1.0.200.202406191623/tools/bin/../lib/gcc/arm-none-eabi/12.3.1/../../../../arm-none-eabi/lib/thumb/v7-m/nofp\libc_nano.a(libc_a-memchr-stub.o)
 .ARM.attributes
                0x00000b24       0x1d C:/ST/STM32CubeIDE_1.16.0/STM32CubeIDE/plugins/com.st.stm32cube.ide.mcu.externaltools.gnu-tools-for-stm32.12.3.rel1.win32_1.0.200.202406191623/tools/bin/../lib/gcc/arm-none-eabi/12.3.1/thumb/v7-m/nofp/crtn.o
OUTPUT(stm32f103_fw.elf elf32-littlearm)
LOAD linker stubs
LOAD C:/ST/STM32CubeIDE_1.16.0/STM32CubeIDE/plugins/com.st.stm32cube.ide.mcu.externaltools.gnu-tools-for-stm32.12.3.rel1.win32_1.0.200.202406191623/tools/bin/../lib/gcc/arm-none-eabi/12.3.1/../../../../arm-none-eabi/lib/thumb/v7-m/nofp\libc.a
LOAD C:/ST/STM32CubeIDE_1.16.0/STM32CubeIDE/plugins/com.st.stm32cube.ide.mcu.externaltools.gnu-tools-for-stm32.12.3.rel1.win32_1.0.200.202406191623/tools/bin/../lib/gcc/arm-none-eabi/12.3.1/../../../../arm-none-eabi/lib/thumb/v7-m/nofp\libm.a
LOAD C:/ST/STM32CubeIDE_1.16.0/STM32CubeIDE/plugins/com.st.stm32cube.ide.mcu.externaltools.gnu-tools-for-stm32.12.3.rel1.win32_1.0.200.202406191623/tools/bin/../lib/gcc/arm-none-eabi/12.3.1/thumb/v7-m/nofp\libgcc.a

.debug_info     0x00000000    0x11f78
 .debug_info    0x00000000      0x25b ./src/ap/ap.o
 .debug_info    0x0000025b      0x490 ./src/bsp/bsp.o
 .debug_info    0x000006eb      0x1f8 ./src/bsp/stm32f1xx_hal_msp.o
 .debug_info    0x000008e3      0xa8d ./src/bsp/stm32f1xx_it.o
 .debug_info    0x00001370      0x6a3 ./src/bsp/syscalls.o
 .debug_info    0x00001a13      0x168 ./src/bsp/sysmem.o
 .debug_info    0x00001b7b      0x3e6 ./src/bsp/system_stm32f1xx.o
 .debug_info    0x00001f61       0x30 ./src/bsp/startup/startup_stm32f103rbhx.o
 .debug_info    0x00001f91      0x2a1 ./src/common/core/qbuffer.o
 .debug_info    0x00002232      0x481 ./src/hw/driver/flash.o
 .debug_info    0x000026b3      0x3c1 ./src/hw/driver/led.o
 .debug_info    0x00002a74      0x1c1 ./src/hw/driver/reset.o
 .debug_info    0x00002c35      0x4ab ./src/hw/driver/rtc.o
 .debug_info    0x000030e0      0xddb ./src/hw/driver/uart.o
 .debug_info    0x00003ebb       0xdc ./src/hw/hw.o
 .debug_info    0x00003f97      0x704 ./src/lib/cube_f103/Drivers/STM32F1xx_HAL_Driver/Src/stm32f1xx_hal.o
 .debug_info    0x0000469b      0xa87 ./src/lib/cube_f103/Drivers/STM32F1xx_HAL_Driver/Src/stm32f1xx_hal_cortex.o
 .debug_info    0x00005122      0x6d2 ./src/lib/cube_f103/Drivers/STM32F1xx_HAL_Driver/Src/stm32f1xx_hal_dma.o
 .debug_info    0x000057f4      0x4f8 ./src/lib/cube_f103/Drivers/STM32F1xx_HAL_Driver/Src/stm32f1xx_hal_flash.o
 .debug_info    0x00005cec      0x777 ./src/lib/cube_f103/Drivers/STM32F1xx_HAL_Driver/Src/stm32f1xx_hal_flash_ex.o
 .debug_info    0x00006463      0x5ab ./src/lib/cube_f103/Drivers/STM32F1xx_HAL_Driver/Src/stm32f1xx_hal_gpio.o
 .debug_info    0x00006a0e     0x16dc ./src/lib/cube_f103/Drivers/STM32F1xx_HAL_Driver/Src/stm32f1xx_hal_pcd.o
 .debug_info    0x000080ea      0x628 ./src/lib/cube_f103/Drivers/STM32F1xx_HAL_Driver/Src/stm32f1xx_hal_pwr.o
 .debug_info    0x00008712      0x7d5 ./src/lib/cube_f103/Drivers/STM32F1xx_HAL_Driver/Src/stm32f1xx_hal_rcc.o
 .debug_info    0x00008ee7      0x3c0 ./src/lib/cube_f103/Drivers/STM32F1xx_HAL_Driver/Src/stm32f1xx_hal_rcc_ex.o
 .debug_info    0x000092a7      0xc73 ./src/lib/cube_f103/Drivers/STM32F1xx_HAL_Driver/Src/stm32f1xx_hal_rtc.o
 .debug_info    0x00009f1a      0x6a7 ./src/lib/cube_f103/Drivers/STM32F1xx_HAL_Driver/Src/stm32f1xx_hal_rtc_ex.o
 .debug_info    0x0000a5c1     0x2eed ./src/lib/cube_f103/Drivers/STM32F1xx_HAL_Driver/Src/stm32f1xx_hal_uart.o
 .debug_info    0x0000d4ae     0x17ae ./src/lib/cube_f103/Drivers/STM32F1xx_HAL_Driver/Src/stm32f1xx_ll_usb.o
 .debug_info    0x0000ec5c      0xa52 ./src/lib/cube_f103/Middlewares/ST/STM32_USB_Device_Library/Core/Src/usbd_core.o
 .debug_info    0x0000f6ae      0x91c ./src/lib/cube_f103/Middlewares/ST/STM32_USB_Device_Library/Core/Src/usbd_ctlreq.o
 .debug_info    0x0000ffca      0x6a0 ./src/lib/cube_f103/Middlewares/ST/STM32_USB_Device_Library/Core/Src/usbd_ioreq.o
 .debug_info    0x0001066a     0x1864 ./src/lib/cube_f103/USB_DEVICE/Target/usbd_conf.o
 .debug_info    0x00011ece       0xaa ./src/main.o

.debug_abbrev   0x00000000     0x3d46
 .debug_abbrev  0x00000000      0x117 ./src/ap/ap.o
 .debug_abbrev  0x00000117      0x20a ./src/bsp/bsp.o
 .debug_abbrev  0x00000321       0xdb ./src/bsp/stm32f1xx_hal_msp.o
 .debug_abbrev  0x000003fc      0x1bb ./src/bsp/stm32f1xx_it.o
 .debug_abbrev  0x000005b7      0x1b6 ./src/bsp/syscalls.o
 .debug_abbrev  0x0000076d       0xbc ./src/bsp/sysmem.o
 .debug_abbrev  0x00000829      0x13d ./src/bsp/system_stm32f1xx.o
 .debug_abbrev  0x00000966       0x24 ./src/bsp/startup/startup_stm32f103rbhx.o
 .debug_abbrev  0x0000098a      0x108 ./src/common/core/qbuffer.o
 .debug_abbrev  0x00000a92      0x17b ./src/hw/driver/flash.o
 .debug_abbrev  0x00000c0d      0x1a8 ./src/hw/driver/led.o
 .debug_abbrev  0x00000db5      0x114 ./src/hw/driver/reset.o
 .debug_abbrev  0x00000ec9      0x1c5 ./src/hw/driver/rtc.o
 .debug_abbrev  0x0000108e      0x2ec ./src/hw/driver/uart.o
 .debug_abbrev  0x0000137a       0x6d ./src/hw/hw.o
 .debug_abbrev  0x000013e7      0x201 ./src/lib/cube_f103/Drivers/STM32F1xx_HAL_Driver/Src/stm32f1xx_hal.o
 .debug_abbrev  0x000015e8      0x2f8 ./src/lib/cube_f103/Drivers/STM32F1xx_HAL_Driver/Src/stm32f1xx_hal_cortex.o
 .debug_abbrev  0x000018e0      0x20b ./src/lib/cube_f103/Drivers/STM32F1xx_HAL_Driver/Src/stm32f1xx_hal_dma.o
 .debug_abbrev  0x00001aeb      0x250 ./src/lib/cube_f103/Drivers/STM32F1xx_HAL_Driver/Src/stm32f1xx_hal_flash.o
 .debug_abbrev  0x00001d3b      0x247 ./src/lib/cube_f103/Drivers/STM32F1xx_HAL_Driver/Src/stm32f1xx_hal_flash_ex.o
 .debug_abbrev  0x00001f82      0x1ca ./src/lib/cube_f103/Drivers/STM32F1xx_HAL_Driver/Src/stm32f1xx_hal_gpio.o
 .debug_abbrev  0x0000214c      0x2d6 ./src/lib/cube_f103/Drivers/STM32F1xx_HAL_Driver/Src/stm32f1xx_hal_pcd.o
 .debug_abbrev  0x00002422      0x1f6 ./src/lib/cube_f103/Drivers/STM32F1xx_HAL_Driver/Src/stm32f1xx_hal_pwr.o
 .debug_abbrev  0x00002618      0x2b3 ./src/lib/cube_f103/Drivers/STM32F1xx_HAL_Driver/Src/stm32f1xx_hal_rcc.o
 .debug_abbrev  0x000028cb      0x188 ./src/lib/cube_f103/Drivers/STM32F1xx_HAL_Driver/Src/stm32f1xx_hal_rcc_ex.o
 .debug_abbrev  0x00002a53      0x23a ./src/lib/cube_f103/Drivers/STM32F1xx_HAL_Driver/Src/stm32f1xx_hal_rtc.o
 .debug_abbrev  0x00002c8d      0x22b ./src/lib/cube_f103/Drivers/STM32F1xx_HAL_Driver/Src/stm32f1xx_hal_rtc_ex.o
 .debug_abbrev  0x00002eb8      0x2f8 ./src/lib/cube_f103/Drivers/STM32F1xx_HAL_Driver/Src/stm32f1xx_hal_uart.o
 .debug_abbrev  0x000031b0      0x1de ./src/lib/cube_f103/Drivers/STM32F1xx_HAL_Driver/Src/stm32f1xx_ll_usb.o
 .debug_abbrev  0x0000338e      0x24a ./src/lib/cube_f103/Middlewares/ST/STM32_USB_Device_Library/Core/Src/usbd_core.o
 .debug_abbrev  0x000035d8      0x26b ./src/lib/cube_f103/Middlewares/ST/STM32_USB_Device_Library/Core/Src/usbd_ctlreq.o
 .debug_abbrev  0x00003843      0x192 ./src/lib/cube_f103/Middlewares/ST/STM32_USB_Device_Library/Core/Src/usbd_ioreq.o
 .debug_abbrev  0x000039d5      0x316 ./src/lib/cube_f103/USB_DEVICE/Target/usbd_conf.o
 .debug_abbrev  0x00003ceb       0x5b ./src/main.o

.debug_aranges  0x00000000     0x11a0
 .debug_aranges